Archive member included to satisfy reference by file (symbol)

/usr/lib/gcc/arm-none-eabi/9.2.0/../../../../arm-none-eabi/lib/thumb/v7e-m+fp/hard/libstdc++_nano.a(new_op.o)
                              CMakeFiles/firmware.elf.dir/Src/main.cpp.obj (operator new(unsigned int))
/usr/lib/gcc/arm-none-eabi/9.2.0/../../../../arm-none-eabi/lib/thumb/v7e-m+fp/hard/libstdc++_nano.a(new_handler.o)
                              /usr/lib/gcc/arm-none-eabi/9.2.0/../../../../arm-none-eabi/lib/thumb/v7e-m+fp/hard/libstdc++_nano.a(new_op.o) (std::get_new_handler())
/usr/lib/gcc/arm-none-eabi/9.2.0/../../../../arm-none-eabi/lib/thumb/v7e-m+fp/hard/libm.a(lib_a-sf_round.o)
                              CMakeFiles/firmware.elf.dir/Src/servo.cpp.obj (roundf)
/usr/lib/gcc/arm-none-eabi/9.2.0/../../../../arm-none-eabi/lib/thumb/v7e-m+fp/hard/libm.a(lib_a-s_signbit.o)
                              CMakeFiles/firmware.elf.dir/Src/drv8871.cpp.obj (__signbitf)
/usr/lib/gcc/arm-none-eabi/9.2.0/thumb/v7e-m+fp/hard/libgcc.a(_aeabi_uldivmod.o)
                              CMakeFiles/firmware.elf.dir/Drivers/STM32F4xx_HAL_Driver/Src/stm32f4xx_hal_rcc.c.obj (__aeabi_uldivmod)
/usr/lib/gcc/arm-none-eabi/9.2.0/thumb/v7e-m+fp/hard/libgcc.a(_udivmoddi4.o)
                              /usr/lib/gcc/arm-none-eabi/9.2.0/thumb/v7e-m+fp/hard/libgcc.a(_aeabi_uldivmod.o) (__udivmoddi4)
/usr/lib/gcc/arm-none-eabi/9.2.0/thumb/v7e-m+fp/hard/libgcc.a(unwind-arm.o)
                              CMakeFiles/firmware.elf.dir/Src/PIDController.cpp.obj (__aeabi_unwind_cpp_pr1)
/usr/lib/gcc/arm-none-eabi/9.2.0/thumb/v7e-m+fp/hard/libgcc.a(libunwind.o)
                              /usr/lib/gcc/arm-none-eabi/9.2.0/thumb/v7e-m+fp/hard/libgcc.a(unwind-arm.o) (restore_core_regs)
/usr/lib/gcc/arm-none-eabi/9.2.0/thumb/v7e-m+fp/hard/libgcc.a(pr-support.o)
                              /usr/lib/gcc/arm-none-eabi/9.2.0/thumb/v7e-m+fp/hard/libgcc.a(unwind-arm.o) (__gnu_unwind_execute)
/usr/lib/gcc/arm-none-eabi/9.2.0/thumb/v7e-m+fp/hard/libgcc.a(_dvmd_tls.o)
                              /usr/lib/gcc/arm-none-eabi/9.2.0/thumb/v7e-m+fp/hard/libgcc.a(_aeabi_uldivmod.o) (__aeabi_ldiv0)
/usr/lib/gcc/arm-none-eabi/9.2.0/../../../../arm-none-eabi/lib/thumb/v7e-m+fp/hard/libg_nano.a(lib_a-abort.o)
                              /usr/lib/gcc/arm-none-eabi/9.2.0/../../../../arm-none-eabi/lib/thumb/v7e-m+fp/hard/libstdc++_nano.a(new_op.o) (abort)
/usr/lib/gcc/arm-none-eabi/9.2.0/../../../../arm-none-eabi/lib/thumb/v7e-m+fp/hard/libg_nano.a(lib_a-atexit.o)
                              /usr/lib/gcc/arm-none-eabi/9.2.0/../../../../arm-none-eabi/lib/thumb/v7e-m+fp/hard/crt0.o (atexit)
/usr/lib/gcc/arm-none-eabi/9.2.0/../../../../arm-none-eabi/lib/thumb/v7e-m+fp/hard/libg_nano.a(lib_a-errno.o)
                              CMakeFiles/firmware.elf.dir/Src/syscalls.c.obj (__errno)
/usr/lib/gcc/arm-none-eabi/9.2.0/../../../../arm-none-eabi/lib/thumb/v7e-m+fp/hard/libg_nano.a(lib_a-exit.o)
                              /usr/lib/gcc/arm-none-eabi/9.2.0/../../../../arm-none-eabi/lib/thumb/v7e-m+fp/hard/crt0.o (exit)
/usr/lib/gcc/arm-none-eabi/9.2.0/../../../../arm-none-eabi/lib/thumb/v7e-m+fp/hard/libg_nano.a(lib_a-fini.o)
                              /usr/lib/gcc/arm-none-eabi/9.2.0/../../../../arm-none-eabi/lib/thumb/v7e-m+fp/hard/crt0.o (__libc_fini_array)
/usr/lib/gcc/arm-none-eabi/9.2.0/../../../../arm-none-eabi/lib/thumb/v7e-m+fp/hard/libg_nano.a(lib_a-impure.o)
                              /usr/lib/gcc/arm-none-eabi/9.2.0/../../../../arm-none-eabi/lib/thumb/v7e-m+fp/hard/libg_nano.a(lib_a-exit.o) (_global_impure_ptr)
/usr/lib/gcc/arm-none-eabi/9.2.0/../../../../arm-none-eabi/lib/thumb/v7e-m+fp/hard/libg_nano.a(lib_a-init.o)
                              /usr/lib/gcc/arm-none-eabi/9.2.0/../../../../arm-none-eabi/lib/thumb/v7e-m+fp/hard/crt0.o (__libc_init_array)
/usr/lib/gcc/arm-none-eabi/9.2.0/../../../../arm-none-eabi/lib/thumb/v7e-m+fp/hard/libg_nano.a(lib_a-malloc.o)
                              CMakeFiles/firmware.elf.dir/Middlewares/ST/STM32_USB_Device_Library/Class/CDC/Src/usbd_cdc.c.obj (malloc)
/usr/lib/gcc/arm-none-eabi/9.2.0/../../../../arm-none-eabi/lib/thumb/v7e-m+fp/hard/libg_nano.a(lib_a-memcpy-stub.o)
                              /usr/lib/gcc/arm-none-eabi/9.2.0/thumb/v7e-m+fp/hard/libgcc.a(unwind-arm.o) (memcpy)
/usr/lib/gcc/arm-none-eabi/9.2.0/../../../../arm-none-eabi/lib/thumb/v7e-m+fp/hard/libg_nano.a(lib_a-memset.o)
                              /usr/lib/gcc/arm-none-eabi/9.2.0/../../../../arm-none-eabi/lib/thumb/v7e-m+fp/hard/crt0.o (memset)
/usr/lib/gcc/arm-none-eabi/9.2.0/../../../../arm-none-eabi/lib/thumb/v7e-m+fp/hard/libg_nano.a(lib_a-nano-freer.o)
                              /usr/lib/gcc/arm-none-eabi/9.2.0/../../../../arm-none-eabi/lib/thumb/v7e-m+fp/hard/libg_nano.a(lib_a-malloc.o) (_free_r)
/usr/lib/gcc/arm-none-eabi/9.2.0/../../../../arm-none-eabi/lib/thumb/v7e-m+fp/hard/libg_nano.a(lib_a-nano-mallocr.o)
[...]
Memory Configuration

Name             Origin             Length             Attributes
RAM              0x0000000020000000 0x0000000000020000 xrw
FLASH            0x0000000008000000 0x0000000000080000 xr
*default*        0x0000000000000000 0xffffffffffffffff

Linker script and memory map

LOAD /usr/lib/gcc/arm-none-eabi/9.2.0/thumb/v7e-m+fp/hard/crti.o
LOAD /usr/lib/gcc/arm-none-eabi/9.2.0/thumb/v7e-m+fp/hard/crtbegin.o
LOAD /usr/lib/gcc/arm-none-eabi/9.2.0/../../../../arm-none-eabi/lib/thumb/v7e-m+fp/hard/crt0.o
LOAD CMakeFiles/firmware.elf.dir/Drivers/STM32F4xx_HAL_Driver/Src/stm32f4xx_hal.c.obj
LOAD CMakeFiles/firmware.elf.dir/Drivers/STM32F4xx_HAL_Driver/Src/stm32f4xx_hal_adc.c.obj
LOAD CMakeFiles/firmware.elf.dir/Drivers/STM32F4xx_HAL_Driver/Src/stm32f4xx_hal_adc_ex.c.obj
LOAD CMakeFiles/firmware.elf.dir/Drivers/STM32F4xx_HAL_Driver/Src/stm32f4xx_hal_cortex.c.obj
LOAD CMakeFiles/firmware.elf.dir/Drivers/STM32F4xx_HAL_Driver/Src/stm32f4xx_hal_dma.c.obj
LOAD CMakeFiles/firmware.elf.dir/Drivers/STM32F4xx_HAL_Driver/Src/stm32f4xx_hal_dma_ex.c.obj
LOAD CMakeFiles/firmware.elf.dir/Drivers/STM32F4xx_HAL_Driver/Src/stm32f4xx_hal_exti.c.obj
LOAD CMakeFiles/firmware.elf.dir/Drivers/STM32F4xx_HAL_Driver/Src/stm32f4xx_hal_flash.c.obj
LOAD CMakeFiles/firmware.elf.dir/Drivers/STM32F4xx_HAL_Driver/Src/stm32f4xx_hal_flash_ex.c.obj
LOAD CMakeFiles/firmware.elf.dir/Drivers/STM32F4xx_HAL_Driver/Src/stm32f4xx_hal_flash_ramfunc.c.obj
LOAD CMakeFiles/firmware.elf.dir/Drivers/STM32F4xx_HAL_Driver/Src/stm32f4xx_hal_gpio.c.obj
LOAD CMakeFiles/firmware.elf.dir/Drivers/STM32F4xx_HAL_Driver/Src/stm32f4xx_hal_i2c.c.obj
LOAD CMakeFiles/firmware.elf.dir/Drivers/STM32F4xx_HAL_Driver/Src/stm32f4xx_hal_i2c_ex.c.obj
LOAD CMakeFiles/firmware.elf.dir/Drivers/STM32F4xx_HAL_Driver/Src/stm32f4xx_hal_pcd.c.obj
LOAD CMakeFiles/firmware.elf.dir/Drivers/STM32F4xx_HAL_Driver/Src/stm32f4xx_hal_pcd_ex.c.obj
LOAD CMakeFiles/firmware.elf.dir/Drivers/STM32F4xx_HAL_Driver/Src/stm32f4xx_hal_pwr.c.obj
LOAD CMakeFiles/firmware.elf.dir/Drivers/STM32F4xx_HAL_Driver/Src/stm32f4xx_hal_pwr_ex.c.obj
LOAD CMakeFiles/firmware.elf.dir/Drivers/STM32F4xx_HAL_Driver/Src/stm32f4xx_hal_rcc.c.obj
LOAD CMakeFiles/firmware.elf.dir/Drivers/STM32F4xx_HAL_Driver/Src/stm32f4xx_hal_rcc_ex.c.obj
LOAD CMakeFiles/firmware.elf.dir/Drivers/STM32F4xx_HAL_Driver/Src/stm32f4xx_hal_tim.c.obj
LOAD CMakeFiles/firmware.elf.dir/Drivers/STM32F4xx_HAL_Driver/Src/stm32f4xx_hal_tim_ex.c.obj
LOAD CMakeFiles/firmware.elf.dir/Drivers/STM32F4xx_HAL_Driver/Src/stm32f4xx_hal_uart.c.obj
LOAD CMakeFiles/firmware.elf.dir/Drivers/STM32F4xx_HAL_Driver/Src/stm32f4xx_ll_usb.c.obj
LOAD CMakeFiles/firmware.elf.dir/Middlewares/ST/STM32_USB_Device_Library/Class/CDC/Src/usbd_cdc.c.obj
LOAD CMakeFiles/firmware.elf.dir/Middlewares/ST/STM32_USB_Device_Library/Core/Src/usbd_core.c.obj
LOAD CMakeFiles/firmware.elf.dir/Middlewares/ST/STM32_USB_Device_Library/Core/Src/usbd_ctlreq.c.obj
LOAD CMakeFiles/firmware.elf.dir/Middlewares/ST/STM32_USB_Device_Library/Core/Src/usbd_ioreq.c.obj
LOAD CMakeFiles/firmware.elf.dir/Src/PIDController.cpp.obj
LOAD CMakeFiles/firmware.elf.dir/Src/adc.c.obj
LOAD CMakeFiles/firmware.elf.dir/Src/drv8871.cpp.obj
LOAD CMakeFiles/firmware.elf.dir/Src/gpio.c.obj
LOAD CMakeFiles/firmware.elf.dir/Src/i2c.c.obj
LOAD CMakeFiles/firmware.elf.dir/Src/main.cpp.obj
LOAD CMakeFiles/firmware.elf.dir/Src/quadratureslave.cpp.obj
LOAD CMakeFiles/firmware.elf.dir/Src/servo.cpp.obj
LOAD CMakeFiles/firmware.elf.dir/Src/stm32f4xx_hal_msp.c.obj
LOAD CMakeFiles/firmware.elf.dir/Src/stm32f4xx_it.c.obj
LOAD CMakeFiles/firmware.elf.dir/Src/syscalls.c.obj
LOAD CMakeFiles/firmware.elf.dir/Src/system_stm32f4xx.c.obj
LOAD CMakeFiles/firmware.elf.dir/Src/tim.c.obj
LOAD CMakeFiles/firmware.elf.dir/Src/usart.c.obj
LOAD CMakeFiles/firmware.elf.dir/Src/usb_device.c.obj
LOAD CMakeFiles/firmware.elf.dir/Src/usbd_cdc_if.c.obj
LOAD CMakeFiles/firmware.elf.dir/Src/usbd_conf.c.obj
LOAD CMakeFiles/firmware.elf.dir/Src/usbd_desc.c.obj
LOAD CMakeFiles/firmware.elf.dir/startup/startup_stm32f446xx.s.obj
LOAD /usr/lib/gcc/arm-none-eabi/9.2.0/../../../../arm-none-eabi/lib/thumb/v7e-m+fp/hard/libstdc++_nano.a
LOAD /usr/lib/gcc/arm-none-eabi/9.2.0/../../../../arm-none-eabi/lib/thumb/v7e-m+fp/hard/libm.a
START GROUP
LOAD /usr/lib/gcc/arm-none-eabi/9.2.0/thumb/v7e-m+fp/hard/libgcc.a
LOAD /usr/lib/gcc/arm-none-eabi/9.2.0/../../../../arm-none-eabi/lib/thumb/v7e-m+fp/hard/libg_nano.a
LOAD /usr/lib/gcc/arm-none-eabi/9.2.0/../../../../arm-none-eabi/lib/thumb/v7e-m+fp/hard/libc_nano.a
END GROUP
START GROUP
LOAD /usr/lib/gcc/arm-none-eabi/9.2.0/thumb/v7e-m+fp/hard/libgcc.a
LOAD /usr/lib/gcc/arm-none-eabi/9.2.0/../../../../arm-none-eabi/lib/thumb/v7e-m+fp/hard/libc_nano.a
LOAD /usr/lib/gcc/arm-none-eabi/9.2.0/../../../../arm-none-eabi/lib/thumb/v7e-m+fp/hard/libnosys.a
END GROUP
START GROUP
LOAD /usr/lib/gcc/arm-none-eabi/9.2.0/thumb/v7e-m+fp/hard/libgcc.a
LOAD /usr/lib/gcc/arm-none-eabi/9.2.0/../../../../arm-none-eabi/lib/thumb/v7e-m+fp/hard/libc_nano.a
LOAD /usr/lib/gcc/arm-none-eabi/9.2.0/../../../../arm-none-eabi/lib/thumb/v7e-m+fp/hard/libnosys.a
END GROUP
LOAD /usr/lib/gcc/arm-none-eabi/9.2.0/thumb/v7e-m+fp/hard/crtend.o
LOAD /usr/lib/gcc/arm-none-eabi/9.2.0/thumb/v7e-m+fp/hard/crtn.o
                0x0000000020020000                _estack = 0x20020000
                0x0000000000000200                _Min_Heap_Size = 0x200
                0x0000000000000400                _Min_Stack_Size = 0x400

.isr_vector     0x0000000008000000      0x1c4
                0x0000000008000000                . = ALIGN (0x4)
 *(.isr_vector)
 .isr_vector    0x0000000008000000      0x1c4 CMakeFiles/firmware.elf.dir/startup/startup_stm32f446xx.s.obj
                0x0000000008000000                g_pfnVectors
                0x00000000080001c4                . = ALIGN (0x4)

.text           0x00000000080001d0     0xba14
                0x00000000080001d0                . = ALIGN (0x4)
 *(.text)
 .text          0x00000000080001d0       0x30 /usr/lib/gcc/arm-none-eabi/9.2.0/thumb/v7e-m+fp/hard/libgcc.a(_aeabi_uldivmod.o)
                0x00000000080001d0                __aeabi_uldivmod
 .text          0x0000000008000200      0x1ac /usr/lib/gcc/arm-none-eabi/9.2.0/thumb/v7e-m+fp/hard/libgcc.a(libunwind.o)
                0x0000000008000200                __restore_core_regs
                0x0000000008000200                restore_core_regs
                0x0000000008000218                __gnu_Unwind_Restore_VFP
                0x0000000008000220                __gnu_Unwind_Save_VFP
                0x0000000008000228                __gnu_Unwind_Restore_VFP_D
                0x0000000008000230                __gnu_Unwind_Save_VFP_D
                0x0000000008000238                __gnu_Unwind_Restore_VFP_D_16_to_31
                0x0000000008000240                __gnu_Unwind_Save_VFP_D_16_to_31
                0x0000000008000248                __gnu_Unwind_Restore_WMMXD
                0x000000000800028c                __gnu_Unwind_Save_WMMXD
                0x00000000080002d0                __gnu_Unwind_Restore_WMMXC
                0x00000000080002e4                __gnu_Unwind_Save_WMMXC
                0x00000000080002f8                ___Unwind_RaiseException
                0x00000000080002f8                _Unwind_RaiseException
                0x000000000800031c                ___Unwind_Resume
                0x000000000800031c                _Unwind_Resume
                0x0000000008000340                _Unwind_Resume_or_Rethrow
                0x0000000008000340                ___Unwind_Resume_or_Rethrow
                0x0000000008000364                ___Unwind_ForcedUnwind
                0x0000000008000364                _Unwind_ForcedUnwind
                0x0000000008000388                _Unwind_Backtrace
                0x0000000008000388                ___Unwind_Backtrace
 .text          0x00000000080003ac        0x4 /usr/lib/gcc/arm-none-eabi/9.2.0/thumb/v7e-m+fp/hard/libgcc.a(_dvmd_tls.o)
                0x00000000080003ac                __aeabi_ldiv0
                0x00000000080003ac                __aeabi_idiv0
 .text          0x00000000080003b0       0xa0 /usr/lib/gcc/arm-none-eabi/9.2.0/../../../../arm-none-eabi/lib/thumb/v7e-m+fp/hard/libg_nano.a(lib_a-memchr.o)
                0x00000000080003b0                memchr
 *(.text*)
 .text.__do_global_dtors_aux
                0x0000000008000450       0x24 /usr/lib/gcc/arm-none-eabi/9.2.0/thumb/v7e-m+fp/hard/crtbegin.o
 .text.frame_dummy
                0x0000000008000474       0x1c /usr/lib/gcc/arm-none-eabi/9.2.0/thumb/v7e-m+fp/hard/crtbegin.o
 .text.HAL_Init
                0x0000000008000490       0x44 CMakeFiles/firmware.elf.dir/Drivers/STM32F4xx_HAL_Driver/Src/stm32f4xx_hal.c.obj
                0x0000000008000490                HAL_Init
 .text.HAL_InitTick
                0x00000000080004d4       0x60 CMakeFiles/firmware.elf.dir/Drivers/STM32F4xx_HAL_Driver/Src/stm32f4xx_hal.c.obj
                0x00000000080004d4                HAL_InitTick
 .text.HAL_IncTick
                0x0000000008000534       0x28 CMakeFiles/firmware.elf.dir/Drivers/STM32F4xx_HAL_Driver/Src/stm32f4xx_hal.c.obj
                0x0000000008000534                HAL_IncTick
 .text.HAL_GetTick
                0x000000000800055c       0x18 CMakeFiles/firmware.elf.dir/Drivers/STM32F4xx_HAL_Driver/Src/stm32f4xx_hal.c.obj
                0x000000000800055c                HAL_GetTick
 .text.HAL_Delay
                0x0000000008000574       0x48 CMakeFiles/firmware.elf.dir/Drivers/STM32F4xx_HAL_Driver/Src/stm32f4xx_hal.c.obj
                0x0000000008000574                HAL_Delay
 .text.HAL_ADC_Init
                0x00000000080005bc       0x86 CMakeFiles/firmware.elf.dir/Drivers/STM32F4xx_HAL_Driver/Src/stm32f4xx_hal_adc.c.obj
                0x00000000080005bc                HAL_ADC_Init
 *fill*         0x0000000008000642        0x2 
 .text.HAL_ADC_ConfigChannel
                0x0000000008000644      0x264 CMakeFiles/firmware.elf.dir/Drivers/STM32F4xx_HAL_Driver/Src/stm32f4xx_hal_adc.c.obj
                0x0000000008000644                HAL_ADC_ConfigChannel
 .text.ADC_Init
                0x00000000080008a8      0x1f8 CMakeFiles/firmware.elf.dir/Drivers/STM32F4xx_HAL_Driver/Src/stm32f4xx_hal_adc.c.obj
 .text.__NVIC_SetPriorityGrouping
                0x0000000008000aa0       0x48 CMakeFiles/firmware.elf.dir/Drivers/STM32F4xx_HAL_Driver/Src/stm32f4xx_hal_cortex.c.obj
 .text.__NVIC_GetPriorityGrouping
                0x0000000008000ae8       0x1c CMakeFiles/firmware.elf.dir/Drivers/STM32F4xx_HAL_Driver/Src/stm32f4xx_hal_cortex.c.obj
 .text.__NVIC_EnableIRQ
                0x0000000008000b04       0x3c CMakeFiles/firmware.elf.dir/Drivers/STM32F4xx_HAL_Driver/Src/stm32f4xx_hal_cortex.c.obj
 .text.__NVIC_SetPriority
                0x0000000008000b40       0x54 CMakeFiles/firmware.elf.dir/Drivers/STM32F4xx_HAL_Driver/Src/stm32f4xx_hal_cortex.c.obj
 .text.NVIC_EncodePriority
                0x0000000008000b94       0x66 CMakeFiles/firmware.elf.dir/Drivers/STM32F4xx_HAL_Driver/Src/stm32f4xx_hal_cortex.c.obj
 *fill*         0x0000000008000bfa        0x2 
 .text.SysTick_Config
                0x0000000008000bfc       0x44 CMakeFiles/firmware.elf.dir/Drivers/STM32F4xx_HAL_Driver/Src/stm32f4xx_hal_cortex.c.obj
 .text.HAL_NVIC_SetPriorityGrouping
                0x0000000008000c40       0x16 CMakeFiles/firmware.elf.dir/Drivers/STM32F4xx_HAL_Driver/Src/stm32f4xx_hal_cortex.c.obj
                0x0000000008000c40                HAL_NVIC_SetPriorityGrouping
 .text.HAL_NVIC_SetPriority
                0x0000000008000c56       0x38 CMakeFiles/firmware.elf.dir/Drivers/STM32F4xx_HAL_Driver/Src/stm32f4xx_hal_cortex.c.obj
                0x0000000008000c56                HAL_NVIC_SetPriority
 .text.HAL_NVIC_EnableIRQ
                0x0000000008000c8e       0x1c CMakeFiles/firmware.elf.dir/Drivers/STM32F4xx_HAL_Driver/Src/stm32f4xx_hal_cortex.c.obj
                0x0000000008000c8e                HAL_NVIC_EnableIRQ
 .text.HAL_SYSTICK_Config
                0x0000000008000caa       0x18 CMakeFiles/firmware.elf.dir/Drivers/STM32F4xx_HAL_Driver/Src/stm32f4xx_hal_cortex.c.obj
                0x0000000008000caa                HAL_SYSTICK_Config
 *fill*         0x0000000008000cc2        0x2 
 .text.HAL_GPIO_Init
                0x0000000008000cc4      0x328 CMakeFiles/firmware.elf.dir/Drivers/STM32F4xx_HAL_Driver/Src/stm32f4xx_hal_gpio.c.obj
                0x0000000008000cc4                HAL_GPIO_Init
 .text.HAL_GPIO_ReadPin
                0x0000000008000fec       0x30 CMakeFiles/firmware.elf.dir/Drivers/STM32F4xx_HAL_Driver/Src/stm32f4xx_hal_gpio.c.obj
                0x0000000008000fec                HAL_GPIO_ReadPin
 .text.HAL_GPIO_WritePin
                0x000000000800101c       0x32 CMakeFiles/firmware.elf.dir/Drivers/STM32F4xx_HAL_Driver/Src/stm32f4xx_hal_gpio.c.obj
                0x000000000800101c                HAL_GPIO_WritePin
 *fill*         0x000000000800104e        0x2 
 .text.HAL_I2C_Init
                0x0000000008001050      0x268 CMakeFiles/firmware.elf.dir/Drivers/STM32F4xx_HAL_Driver/Src/stm32f4xx_hal_i2c.c.obj
                0x0000000008001050                HAL_I2C_Init
 .text.HAL_PCD_Init
                0x00000000080012b8      0x248 CMakeFiles/firmware.elf.dir/Drivers/STM32F4xx_HAL_Driver/Src/stm32f4xx_hal_pcd.c.obj
                0x00000000080012b8                HAL_PCD_Init
 .text.HAL_PCD_Start
                0x0000000008001500       0x66 CMakeFiles/firmware.elf.dir/Drivers/STM32F4xx_HAL_Driver/Src/stm32f4xx_hal_pcd.c.obj
                0x0000000008001500                HAL_PCD_Start
 .text.HAL_PCD_IRQHandler
                0x0000000008001566      0x7a0 CMakeFiles/firmware.elf.dir/Drivers/STM32F4xx_HAL_Driver/Src/stm32f4xx_hal_pcd.c.obj
                0x0000000008001566                HAL_PCD_IRQHandler
 .text.HAL_PCD_SetAddress
                0x0000000008001d06       0x4a CMakeFiles/firmware.elf.dir/Drivers/STM32F4xx_HAL_Driver/Src/stm32f4xx_hal_pcd.c.obj
                0x0000000008001d06                HAL_PCD_SetAddress
 .text.HAL_PCD_EP_Open
                0x0000000008001d50       0xd0 CMakeFiles/firmware.elf.dir/Drivers/STM32F4xx_HAL_Driver/Src/stm32f4xx_hal_pcd.c.obj
                0x0000000008001d50                HAL_PCD_EP_Open
 .text.HAL_PCD_EP_Close
                0x0000000008001e20       0x94 CMakeFiles/firmware.elf.dir/Drivers/STM32F4xx_HAL_Driver/Src/stm32f4xx_hal_pcd.c.obj
                0x0000000008001e20                HAL_PCD_EP_Close
 .text.HAL_PCD_EP_Receive
                0x0000000008001eb4       0x96 CMakeFiles/firmware.elf.dir/Drivers/STM32F4xx_HAL_Driver/Src/stm32f4xx_hal_pcd.c.obj
                0x0000000008001eb4                HAL_PCD_EP_Receive
 .text.HAL_PCD_EP_GetRxCount
                0x0000000008001f4a       0x30 CMakeFiles/firmware.elf.dir/Drivers/STM32F4xx_HAL_Driver/Src/stm32f4xx_hal_pcd.c.obj
                0x0000000008001f4a                HAL_PCD_EP_GetRxCount
 .text.HAL_PCD_EP_Transmit
                0x0000000008001f7a       0x94 CMakeFiles/firmware.elf.dir/Drivers/STM32F4xx_HAL_Driver/Src/stm32f4xx_hal_pcd.c.obj
                0x0000000008001f7a                HAL_PCD_EP_Transmit
 .text.HAL_PCD_EP_SetStall
                0x000000000800200e       0xc8 CMakeFiles/firmware.elf.dir/Drivers/STM32F4xx_HAL_Driver/Src/stm32f4xx_hal_pcd.c.obj
                0x000000000800200e                HAL_PCD_EP_SetStall
 .text.HAL_PCD_EP_ClrStall
                0x00000000080020d6       0xac CMakeFiles/firmware.elf.dir/Drivers/STM32F4xx_HAL_Driver/Src/stm32f4xx_hal_pcd.c.obj
                0x00000000080020d6                HAL_PCD_EP_ClrStall
 .text.PCD_WriteEmptyTxFifo
                0x0000000008002182      0x11a CMakeFiles/firmware.elf.dir/Drivers/STM32F4xx_HAL_Driver/Src/stm32f4xx_hal_pcd.c.obj
 .text.PCD_EP_OutXfrComplete_int
                0x000000000800229c      0x210 CMakeFiles/firmware.elf.dir/Drivers/STM32F4xx_HAL_Driver/Src/stm32f4xx_hal_pcd.c.obj
 .text.PCD_EP_OutSetupPacket_int
                0x00000000080024ac       0xc0 CMakeFiles/firmware.elf.dir/Drivers/STM32F4xx_HAL_Driver/Src/stm32f4xx_hal_pcd.c.obj
 .text.HAL_PCDEx_SetTxFiFo
                0x000000000800256c       0x8e CMakeFiles/firmware.elf.dir/Drivers/STM32F4xx_HAL_Driver/Src/stm32f4xx_hal_pcd_ex.c.obj
                0x000000000800256c                HAL_PCDEx_SetTxFiFo
 .text.HAL_PCDEx_SetRxFiFo
                0x00000000080025fa       0x22 CMakeFiles/firmware.elf.dir/Drivers/STM32F4xx_HAL_Driver/Src/stm32f4xx_hal_pcd_ex.c.obj
                0x00000000080025fa                HAL_PCDEx_SetRxFiFo
 .text.HAL_PCDEx_ActivateLPM
                0x000000000800261c       0x48 CMakeFiles/firmware.elf.dir/Drivers/STM32F4xx_HAL_Driver/Src/stm32f4xx_hal_pcd_ex.c.obj
                0x000000000800261c                HAL_PCDEx_ActivateLPM
 .text.HAL_RCC_ClockConfig
                0x0000000008002664      0x1c4 CMakeFiles/firmware.elf.dir/Drivers/STM32F4xx_HAL_Driver/Src/stm32f4xx_hal_rcc.c.obj
                0x0000000008002664                HAL_RCC_ClockConfig
 .text.HAL_RCC_GetHCLKFreq
                0x0000000008002828       0x18 CMakeFiles/firmware.elf.dir/Drivers/STM32F4xx_HAL_Driver/Src/stm32f4xx_hal_rcc.c.obj
                0x0000000008002828                HAL_RCC_GetHCLKFreq
 .text.HAL_RCC_GetPCLK1Freq
                0x0000000008002840       0x28 CMakeFiles/firmware.elf.dir/Drivers/STM32F4xx_HAL_Driver/Src/stm32f4xx_hal_rcc.c.obj
                0x0000000008002840                HAL_RCC_GetPCLK1Freq
 .text.HAL_RCC_GetPCLK2Freq
                0x0000000008002868       0x28 CMakeFiles/firmware.elf.dir/Drivers/STM32F4xx_HAL_Driver/Src/stm32f4xx_hal_rcc.c.obj
                0x0000000008002868                HAL_RCC_GetPCLK2Freq
 .text.HAL_RCCEx_PeriphCLKConfig
                0x0000000008002890      0x654 CMakeFiles/firmware.elf.dir/Drivers/STM32F4xx_HAL_Driver/Src/stm32f4xx_hal_rcc_ex.c.obj
                0x0000000008002890                HAL_RCCEx_PeriphCLKConfig
 .text.HAL_RCC_GetSysClockFreq
                0x0000000008002ee4      0x364 CMakeFiles/firmware.elf.dir/Drivers/STM32F4xx_HAL_Driver/Src/stm32f4xx_hal_rcc_ex.c.obj
                0x0000000008002ee4                HAL_RCC_GetSysClockFreq
 .text.HAL_RCC_OscConfig
                0x0000000008003248      0x4b4 CMakeFiles/firmware.elf.dir/Drivers/STM32F4xx_HAL_Driver/Src/stm32f4xx_hal_rcc_ex.c.obj
                0x0000000008003248                HAL_RCC_OscConfig
 .text.HAL_TIM_Base_Init
                0x00000000080036fc       0x56 CMakeFiles/firmware.elf.dir/Drivers/STM32F4xx_HAL_Driver/Src/stm32f4xx_hal_tim.c.obj
                0x00000000080036fc                HAL_TIM_Base_Init
 .text.HAL_TIM_PWM_Init
                0x0000000008003752       0x56 CMakeFiles/firmware.elf.dir/Drivers/STM32F4xx_HAL_Driver/Src/stm32f4xx_hal_tim.c.obj
                0x0000000008003752                HAL_TIM_PWM_Init
 .text.HAL_TIM_PWM_Start
                0x00000000080037a8       0x7c CMakeFiles/firmware.elf.dir/Drivers/STM32F4xx_HAL_Driver/Src/stm32f4xx_hal_tim.c.obj
                0x00000000080037a8                HAL_TIM_PWM_Start
 .text.HAL_TIM_PWM_ConfigChannel
                0x0000000008003824      0x18c CMakeFiles/firmware.elf.dir/Drivers/STM32F4xx_HAL_Driver/Src/stm32f4xx_hal_tim.c.obj
                0x0000000008003824                HAL_TIM_PWM_ConfigChannel
 .text.TIM_Base_SetConfig
                0x00000000080039b0      0x140 CMakeFiles/firmware.elf.dir/Drivers/STM32F4xx_HAL_Driver/Src/stm32f4xx_hal_tim.c.obj
                0x00000000080039b0                TIM_Base_SetConfig
 .text.TIM_OC1_SetConfig
                0x0000000008003af0       0xe0 CMakeFiles/firmware.elf.dir/Drivers/STM32F4xx_HAL_Driver/Src/stm32f4xx_hal_tim.c.obj
 .text.TIM_OC2_SetConfig
                0x0000000008003bd0       0xec CMakeFiles/firmware.elf.dir/Drivers/STM32F4xx_HAL_Driver/Src/stm32f4xx_hal_tim.c.obj
                0x0000000008003bd0                TIM_OC2_SetConfig
 .text.TIM_OC3_SetConfig
                0x0000000008003cbc       0xe8 CMakeFiles/firmware.elf.dir/Drivers/STM32F4xx_HAL_Driver/Src/stm32f4xx_hal_tim.c.obj
 .text.TIM_OC4_SetConfig
                0x0000000008003da4       0xac CMakeFiles/firmware.elf.dir/Drivers/STM32F4xx_HAL_Driver/Src/stm32f4xx_hal_tim.c.obj
 .text.TIM_CCxChannelCmd
                0x0000000008003e50       0x4a CMakeFiles/firmware.elf.dir/Drivers/STM32F4xx_HAL_Driver/Src/stm32f4xx_hal_tim.c.obj
                0x0000000008003e50                TIM_CCxChannelCmd
 .text.HAL_TIMEx_MasterConfigSynchronization
                0x0000000008003e9a       0x8a CMakeFiles/firmware.elf.dir/Drivers/STM32F4xx_HAL_Driver/Src/stm32f4xx_hal_tim_ex.c.obj
                0x0000000008003e9a                HAL_TIMEx_MasterConfigSynchronization
 .text.HAL_TIMEx_ConfigBreakDeadTime
                0x0000000008003f24       0xa4 CMakeFiles/firmware.elf.dir/Drivers/STM32F4xx_HAL_Driver/Src/stm32f4xx_hal_tim_ex.c.obj
                0x0000000008003f24                HAL_TIMEx_ConfigBreakDeadTime
 .text.HAL_UART_Init
                0x0000000008003fc8       0x9a CMakeFiles/firmware.elf.dir/Drivers/STM32F4xx_HAL_Driver/Src/stm32f4xx_hal_uart.c.obj
                0x0000000008003fc8                HAL_UART_Init
 .text.HAL_UART_Transmit
                0x0000000008004062      0x132 CMakeFiles/firmware.elf.dir/Drivers/STM32F4xx_HAL_Driver/Src/stm32f4xx_hal_uart.c.obj
                0x0000000008004062                HAL_UART_Transmit
 .text.UART_WaitOnFlagUntilTimeout
                0x0000000008004194       0x94 CMakeFiles/firmware.elf.dir/Drivers/STM32F4xx_HAL_Driver/Src/stm32f4xx_hal_uart.c.obj
 .text.UART_SetConfig
                0x0000000008004228      0x414 CMakeFiles/firmware.elf.dir/Drivers/STM32F4xx_HAL_Driver/Src/stm32f4xx_hal_uart.c.obj
 .text.USB_CoreInit
                0x000000000800463c       0xc2 CMakeFiles/firmware.elf.dir/Drivers/STM32F4xx_HAL_Driver/Src/stm32f4xx_ll_usb.c.obj
                0x000000000800463c                USB_CoreInit
 *fill*         0x00000000080046fe        0x2 
 .text.USB_SetTurnaroundTime
                0x0000000008004700      0x144 CMakeFiles/firmware.elf.dir/Drivers/STM32F4xx_HAL_Driver/Src/stm32f4xx_ll_usb.c.obj
                0x0000000008004700                USB_SetTurnaroundTime
 .text.USB_EnableGlobalInt
                0x0000000008004844       0x22 CMakeFiles/firmware.elf.dir/Drivers/STM32F4xx_HAL_Driver/Src/stm32f4xx_ll_usb.c.obj
                0x0000000008004844                USB_EnableGlobalInt
 .text.USB_DisableGlobalInt
                0x0000000008004866       0x22 CMakeFiles/firmware.elf.dir/Drivers/STM32F4xx_HAL_Driver/Src/stm32f4xx_ll_usb.c.obj
                0x0000000008004866                USB_DisableGlobalInt
 .text.USB_SetCurrentMode
                0x0000000008004888       0x54 CMakeFiles/firmware.elf.dir/Drivers/STM32F4xx_HAL_Driver/Src/stm32f4xx_ll_usb.c.obj
                0x0000000008004888                USB_SetCurrentMode
 .text.USB_DevInit
                0x00000000080048dc      0x2d8 CMakeFiles/firmware.elf.dir/Drivers/STM32F4xx_HAL_Driver/Src/stm32f4xx_ll_usb.c.obj
                0x00000000080048dc                USB_DevInit
 .text.USB_FlushTxFifo
                0x0000000008004bb4       0x4c CMakeFiles/firmware.elf.dir/Drivers/STM32F4xx_HAL_Driver/Src/stm32f4xx_ll_usb.c.obj
                0x0000000008004bb4                USB_FlushTxFifo
 .text.USB_FlushRxFifo
                0x0000000008004c00       0x44 CMakeFiles/firmware.elf.dir/Drivers/STM32F4xx_HAL_Driver/Src/stm32f4xx_ll_usb.c.obj
                0x0000000008004c00                USB_FlushRxFifo
 .text.USB_SetDevSpeed
                0x0000000008004c44       0x32 CMakeFiles/firmware.elf.dir/Drivers/STM32F4xx_HAL_Driver/Src/stm32f4xx_ll_usb.c.obj
                0x0000000008004c44                USB_SetDevSpeed
 .text.USB_GetDevSpeed
                0x0000000008004c76       0x4a CMakeFiles/firmware.elf.dir/Drivers/STM32F4xx_HAL_Driver/Src/stm32f4xx_ll_usb.c.obj
                0x0000000008004c76                USB_GetDevSpeed
 .text.USB_ActivateEndpoint
                0x0000000008004cc0      0x10e CMakeFiles/firmware.elf.dir/Drivers/STM32F4xx_HAL_Driver/Src/stm32f4xx_ll_usb.c.obj
                0x0000000008004cc0                USB_ActivateEndpoint
 *fill*         0x0000000008004dce        0x2 
 .text.USB_DeactivateEndpoint
                0x0000000008004dd0      0x108 CMakeFiles/firmware.elf.dir/Drivers/STM32F4xx_HAL_Driver/Src/stm32f4xx_ll_usb.c.obj
                0x0000000008004dd0                USB_DeactivateEndpoint
 .text.USB_EPStartXfer
                0x0000000008004ed8      0x488 CMakeFiles/firmware.elf.dir/Drivers/STM32F4xx_HAL_Driver/Src/stm32f4xx_ll_usb.c.obj
                0x0000000008004ed8                USB_EPStartXfer
 .text.USB_EP0StartXfer
                0x0000000008005360      0x2a6 CMakeFiles/firmware.elf.dir/Drivers/STM32F4xx_HAL_Driver/Src/stm32f4xx_ll_usb.c.obj
                0x0000000008005360                USB_EP0StartXfer
 .text.USB_WritePacket
                0x0000000008005606       0x6a CMakeFiles/firmware.elf.dir/Drivers/STM32F4xx_HAL_Driver/Src/stm32f4xx_ll_usb.c.obj
                0x0000000008005606                USB_WritePacket
 .text.USB_ReadPacket
                0x0000000008005670       0x52 CMakeFiles/firmware.elf.dir/Drivers/STM32F4xx_HAL_Driver/Src/stm32f4xx_ll_usb.c.obj
                0x0000000008005670                USB_ReadPacket
 .text.USB_EPSetStall
                0x00000000080056c2       0xdc CMakeFiles/firmware.elf.dir/Drivers/STM32F4xx_HAL_Driver/Src/stm32f4xx_ll_usb.c.obj
                0x00000000080056c2                USB_EPSetStall
 .text.USB_EPClearStall
                0x000000000800579e       0xcc CMakeFiles/firmware.elf.dir/Drivers/STM32F4xx_HAL_Driver/Src/stm32f4xx_ll_usb.c.obj
                0x000000000800579e                USB_EPClearStall
 .text.USB_SetDevAddress
                0x000000000800586a       0x4c CMakeFiles/firmware.elf.dir/Drivers/STM32F4xx_HAL_Driver/Src/stm32f4xx_ll_usb.c.obj
                0x000000000800586a                USB_SetDevAddress
 .text.USB_DevConnect
                0x00000000080058b6       0x30 CMakeFiles/firmware.elf.dir/Drivers/STM32F4xx_HAL_Driver/Src/stm32f4xx_ll_usb.c.obj
                0x00000000080058b6                USB_DevConnect
 .text.USB_DevDisconnect
                0x00000000080058e6       0x30 CMakeFiles/firmware.elf.dir/Drivers/STM32F4xx_HAL_Driver/Src/stm32f4xx_ll_usb.c.obj
                0x00000000080058e6                USB_DevDisconnect
 .text.USB_ReadInterrupts
                0x0000000008005916       0x26 CMakeFiles/firmware.elf.dir/Drivers/STM32F4xx_HAL_Driver/Src/stm32f4xx_ll_usb.c.obj
                0x0000000008005916                USB_ReadInterrupts
 .text.USB_ReadDevAllOutEpInterrupt
                0x000000000800593c       0x34 CMakeFiles/firmware.elf.dir/Drivers/STM32F4xx_HAL_Driver/Src/stm32f4xx_ll_usb.c.obj
                0x000000000800593c                USB_ReadDevAllOutEpInterrupt
 .text.USB_ReadDevAllInEpInterrupt
                0x0000000008005970       0x34 CMakeFiles/firmware.elf.dir/Drivers/STM32F4xx_HAL_Driver/Src/stm32f4xx_ll_usb.c.obj
                0x0000000008005970                USB_ReadDevAllInEpInterrupt
 .text.USB_ReadDevOutEPInterrupt
                0x00000000080059a4       0x3c CMakeFiles/firmware.elf.dir/Drivers/STM32F4xx_HAL_Driver/Src/stm32f4xx_ll_usb.c.obj
                0x00000000080059a4                USB_ReadDevOutEPInterrupt
 .text.USB_ReadDevInEPInterrupt
                0x00000000080059e0       0x5c CMakeFiles/firmware.elf.dir/Drivers/STM32F4xx_HAL_Driver/Src/stm32f4xx_ll_usb.c.obj
                0x00000000080059e0                USB_ReadDevInEPInterrupt
 .text.USB_GetMode
                0x0000000008005a3c       0x1c CMakeFiles/firmware.elf.dir/Drivers/STM32F4xx_HAL_Driver/Src/stm32f4xx_ll_usb.c.obj
                0x0000000008005a3c                USB_GetMode
 .text.USB_ActivateSetup
                0x0000000008005a58       0x6a CMakeFiles/firmware.elf.dir/Drivers/STM32F4xx_HAL_Driver/Src/stm32f4xx_ll_usb.c.obj
                0x0000000008005a58                USB_ActivateSetup
 *fill*         0x0000000008005ac2        0x2 
 .text.USB_EP0_OutStart
                0x0000000008005ac4       0xbc CMakeFiles/firmware.elf.dir/Drivers/STM32F4xx_HAL_Driver/Src/stm32f4xx_ll_usb.c.obj
                0x0000000008005ac4                USB_EP0_OutStart
 .text.USB_CoreReset
                0x0000000008005b80       0x68 CMakeFiles/firmware.elf.dir/Drivers/STM32F4xx_HAL_Driver/Src/stm32f4xx_ll_usb.c.obj
 .text.USBD_CDC_Init
                0x0000000008005be8       0xf6 CMakeFiles/firmware.elf.dir/Middlewares/ST/STM32_USB_Device_Library/Class/CDC/Src/usbd_cdc.c.obj
 .text.USBD_CDC_DeInit
                0x0000000008005cde       0x6e CMakeFiles/firmware.elf.dir/Middlewares/ST/STM32_USB_Device_Library/Class/CDC/Src/usbd_cdc.c.obj
 .text.USBD_CDC_Setup
                0x0000000008005d4c      0x146 CMakeFiles/firmware.elf.dir/Middlewares/ST/STM32_USB_Device_Library/Class/CDC/Src/usbd_cdc.c.obj
 .text.USBD_CDC_DataIn
                0x0000000008005e92       0xa6 CMakeFiles/firmware.elf.dir/Middlewares/ST/STM32_USB_Device_Library/Class/CDC/Src/usbd_cdc.c.obj
 .text.USBD_CDC_DataOut
                0x0000000008005f38       0x56 CMakeFiles/firmware.elf.dir/Middlewares/ST/STM32_USB_Device_Library/Class/CDC/Src/usbd_cdc.c.obj
 .text.USBD_CDC_EP0_RxReady
                0x0000000008005f8e       0x50 CMakeFiles/firmware.elf.dir/Middlewares/ST/STM32_USB_Device_Library/Class/CDC/Src/usbd_cdc.c.obj
 *fill*         0x0000000008005fde        0x2 
 .text.USBD_CDC_GetFSCfgDesc
                0x0000000008005fe0       0x20 CMakeFiles/firmware.elf.dir/Middlewares/ST/STM32_USB_Device_Library/Class/CDC/Src/usbd_cdc.c.obj
 .text.USBD_CDC_GetHSCfgDesc
                0x0000000008006000       0x20 CMakeFiles/firmware.elf.dir/Middlewares/ST/STM32_USB_Device_Library/Class/CDC/Src/usbd_cdc.c.obj
 .text.USBD_CDC_GetOtherSpeedCfgDesc
                0x0000000008006020       0x20 CMakeFiles/firmware.elf.dir/Middlewares/ST/STM32_USB_Device_Library/Class/CDC/Src/usbd_cdc.c.obj
 .text.USBD_CDC_GetDeviceQualifierDescriptor
                0x0000000008006040       0x20 CMakeFiles/firmware.elf.dir/Middlewares/ST/STM32_USB_Device_Library/Class/CDC/Src/usbd_cdc.c.obj
                0x0000000008006040                USBD_CDC_GetDeviceQualifierDescriptor
 .text.USBD_CDC_RegisterInterface
                0x0000000008006060       0x2e CMakeFiles/firmware.elf.dir/Middlewares/ST/STM32_USB_Device_Library/Class/CDC/Src/usbd_cdc.c.obj
                0x0000000008006060                USBD_CDC_RegisterInterface
 .text.USBD_CDC_SetTxBuffer
                0x000000000800608e       0x34 CMakeFiles/firmware.elf.dir/Middlewares/ST/STM32_USB_Device_Library/Class/CDC/Src/usbd_cdc.c.obj
                0x000000000800608e                USBD_CDC_SetTxBuffer
 .text.USBD_CDC_SetRxBuffer
                0x00000000080060c2       0x28 CMakeFiles/firmware.elf.dir/Middlewares/ST/STM32_USB_Device_Library/Class/CDC/Src/usbd_cdc.c.obj
                0x00000000080060c2                USBD_CDC_SetRxBuffer
 .text.USBD_CDC_ReceivePacket
                0x00000000080060ea       0x54 CMakeFiles/firmware.elf.dir/Middlewares/ST/STM32_USB_Device_Library/Class/CDC/Src/usbd_cdc.c.obj
                0x00000000080060ea                USBD_CDC_ReceivePacket
 .text.USBD_Init
                0x000000000800613e       0x56 CMakeFiles/firmware.elf.dir/Middlewares/ST/STM32_USB_Device_Library/Core/Src/usbd_core.c.obj
                0x000000000800613e                USBD_Init
 .text.USBD_RegisterClass
                0x0000000008006194       0x34 CMakeFiles/firmware.elf.dir/Middlewares/ST/STM32_USB_Device_Library/Core/Src/usbd_core.c.obj
                0x0000000008006194                USBD_RegisterClass
 .text.USBD_Start
                0x00000000080061c8       0x18 CMakeFiles/firmware.elf.dir/Middlewares/ST/STM32_USB_Device_Library/Core/Src/usbd_core.c.obj
                0x00000000080061c8                USBD_Start
 .text.USBD_RunTestMode
                0x00000000080061e0       0x16 CMakeFiles/firmware.elf.dir/Middlewares/ST/STM32_USB_Device_Library/Core/Src/usbd_core.c.obj
                0x00000000080061e0                USBD_RunTestMode
 .text.USBD_SetClassConfig
                0x00000000080061f6       0x3e CMakeFiles/firmware.elf.dir/Middlewares/ST/STM32_USB_Device_Library/Core/Src/usbd_core.c.obj
                0x00000000080061f6                USBD_SetClassConfig
 .text.USBD_ClrClassConfig
                0x0000000008006234       0x26 CMakeFiles/firmware.elf.dir/Middlewares/ST/STM32_USB_Device_Library/Core/Src/usbd_core.c.obj
                0x0000000008006234                USBD_ClrClassConfig
 .text.USBD_LL_SetupStage
                0x000000000800625a       0x9a CMakeFiles/firmware.elf.dir/Middlewares/ST/STM32_USB_Device_Library/Core/Src/usbd_core.c.obj
                0x000000000800625a                USBD_LL_SetupStage
 .text.USBD_LL_DataOutStage
                0x00000000080062f4       0xe2 CMakeFiles/firmware.elf.dir/Middlewares/ST/STM32_USB_Device_Library/Core/Src/usbd_core.c.obj
                0x00000000080062f4                USBD_LL_DataOutStage
 .text.USBD_LL_DataInStage
                0x00000000080063d6      0x14a CMakeFiles/firmware.elf.dir/Middlewares/ST/STM32_USB_Device_Library/Core/Src/usbd_core.c.obj
                0x00000000080063d6                USBD_LL_DataInStage
 .text.USBD_LL_Reset
                0x0000000008006520       0x82 CMakeFiles/firmware.elf.dir/Middlewares/ST/STM32_USB_Device_Library/Core/Src/usbd_core.c.obj
                0x0000000008006520                USBD_LL_Reset
 .text.USBD_LL_SetSpeed
                0x00000000080065a2       0x20 CMakeFiles/firmware.elf.dir/Middlewares/ST/STM32_USB_Device_Library/Core/Src/usbd_core.c.obj
                0x00000000080065a2                USBD_LL_SetSpeed
 .text.USBD_LL_Suspend
                0x00000000080065c2       0x2a CMakeFiles/firmware.elf.dir/Middlewares/ST/STM32_USB_Device_Library/Core/Src/usbd_core.c.obj
                0x00000000080065c2                USBD_LL_Suspend
 .text.USBD_LL_Resume
                0x00000000080065ec       0x22 CMakeFiles/firmware.elf.dir/Middlewares/ST/STM32_USB_Device_Library/Core/Src/usbd_core.c.obj
                0x00000000080065ec                USBD_LL_Resume
 .text.USBD_LL_SOF
                0x000000000800660e       0x34 CMakeFiles/firmware.elf.dir/Middlewares/ST/STM32_USB_Device_Library/Core/Src/usbd_core.c.obj
                0x000000000800660e                USBD_LL_SOF
 .text.USBD_LL_IsoINIncomplete
                0x0000000008006642       0x1a CMakeFiles/firmware.elf.dir/Middlewares/ST/STM32_USB_Device_Library/Core/Src/usbd_core.c.obj
                0x0000000008006642                USBD_LL_IsoINIncomplete
 .text.USBD_LL_IsoOUTIncomplete
                0x000000000800665c       0x1a CMakeFiles/firmware.elf.dir/Middlewares/ST/STM32_USB_Device_Library/Core/Src/usbd_core.c.obj
                0x000000000800665c                USBD_LL_IsoOUTIncomplete
 .text.USBD_LL_DevConnected
                0x0000000008006676       0x16 CMakeFiles/firmware.elf.dir/Middlewares/ST/STM32_USB_Device_Library/Core/Src/usbd_core.c.obj
                0x0000000008006676                USBD_LL_DevConnected
 .text.USBD_LL_DevDisconnected
                0x000000000800668c       0x2e CMakeFiles/firmware.elf.dir/Middlewares/ST/STM32_USB_Device_Library/Core/Src/usbd_core.c.obj
                0x000000000800668c                USBD_LL_DevDisconnected
 *fill*         0x00000000080066ba        0x2 
 .text.USBD_StdDevReq
                0x00000000080066bc       0xd4 CMakeFiles/firmware.elf.dir/Middlewares/ST/STM32_USB_Device_Library/Core/Src/usbd_ctlreq.c.obj
                0x00000000080066bc                USBD_StdDevReq
 .text.USBD_StdItfReq
                0x0000000008006790       0x90 CMakeFiles/firmware.elf.dir/Middlewares/ST/STM32_USB_Device_Library/Core/Src/usbd_ctlreq.c.obj
                0x0000000008006790                USBD_StdItfReq
 .text.USBD_StdEPReq
                0x0000000008006820      0x2c2 CMakeFiles/firmware.elf.dir/Middlewares/ST/STM32_USB_Device_Library/Core/Src/usbd_ctlreq.c.obj
                0x0000000008006820                USBD_StdEPReq
 *fill*         0x0000000008006ae2        0x2 
 .text.USBD_GetDescriptor
                0x0000000008006ae4      0x22c CMakeFiles/firmware.elf.dir/Middlewares/ST/STM32_USB_Device_Library/Core/Src/usbd_ctlreq.c.obj
 .text.USBD_SetAddress
                0x0000000008006d10       0x86 CMakeFiles/firmware.elf.dir/Middlewares/ST/STM32_USB_Device_Library/Core/Src/usbd_ctlreq.c.obj
 *fill*         0x0000000008006d96        0x2 
 .text.USBD_SetConfig
                0x0000000008006d98      0x11c CMakeFiles/firmware.elf.dir/Middlewares/ST/STM32_USB_Device_Library/Core/Src/usbd_ctlreq.c.obj
 .text.USBD_GetConfig
                0x0000000008006eb4       0x6a CMakeFiles/firmware.elf.dir/Middlewares/ST/STM32_USB_Device_Library/Core/Src/usbd_ctlreq.c.obj
 .text.USBD_GetStatus
                0x0000000008006f1e       0x66 CMakeFiles/firmware.elf.dir/Middlewares/ST/STM32_USB_Device_Library/Core/Src/usbd_ctlreq.c.obj
 .text.USBD_SetFeature
                0x0000000008006f84       0x28 CMakeFiles/firmware.elf.dir/Middlewares/ST/STM32_USB_Device_Library/Core/Src/usbd_ctlreq.c.obj
 .text.USBD_ClrFeature
                0x0000000008006fac       0x42 CMakeFiles/firmware.elf.dir/Middlewares/ST/STM32_USB_Device_Library/Core/Src/usbd_ctlreq.c.obj
 .text.USBD_ParseSetupRequest
                0x0000000008006fee       0x7a CMakeFiles/firmware.elf.dir/Middlewares/ST/STM32_USB_Device_Library/Core/Src/usbd_ctlreq.c.obj
                0x0000000008006fee                USBD_ParseSetupRequest
 .text.USBD_CtlError
                0x0000000008007068       0x22 CMakeFiles/firmware.elf.dir/Middlewares/ST/STM32_USB_Device_Library/Core/Src/usbd_ctlreq.c.obj
                0x0000000008007068                USBD_CtlError
 .text.USBD_GetString
                0x000000000800708a       0x84 CMakeFiles/firmware.elf.dir/Middlewares/ST/STM32_USB_Device_Library/Core/Src/usbd_ctlreq.c.obj
                0x000000000800708a                USBD_GetString
 .text.USBD_GetLen
                0x000000000800710e       0x30 CMakeFiles/firmware.elf.dir/Middlewares/ST/STM32_USB_Device_Library/Core/Src/usbd_ctlreq.c.obj
 .text.USBD_CtlSendData
                0x000000000800713e       0x38 CMakeFiles/firmware.elf.dir/Middlewares/ST/STM32_USB_Device_Library/Core/Src/usbd_ioreq.c.obj
                0x000000000800713e                USBD_CtlSendData
 .text.USBD_CtlContinueSendData
                0x0000000008007176       0x24 CMakeFiles/firmware.elf.dir/Middlewares/ST/STM32_USB_Device_Library/Core/Src/usbd_ioreq.c.obj
                0x0000000008007176                USBD_CtlContinueSendData
 .text.USBD_CtlPrepareRx
                0x000000000800719a       0x3c CMakeFiles/firmware.elf.dir/Middlewares/ST/STM32_USB_Device_Library/Core/Src/usbd_ioreq.c.obj
                0x000000000800719a                USBD_CtlPrepareRx
 .text.USBD_CtlContinueRx
                0x00000000080071d6       0x24 CMakeFiles/firmware.elf.dir/Middlewares/ST/STM32_USB_Device_Library/Core/Src/usbd_ioreq.c.obj
                0x00000000080071d6                USBD_CtlContinueRx
 .text.USBD_CtlSendStatus
                0x00000000080071fa       0x26 CMakeFiles/firmware.elf.dir/Middlewares/ST/STM32_USB_Device_Library/Core/Src/usbd_ioreq.c.obj
                0x00000000080071fa                USBD_CtlSendStatus
 .text.USBD_CtlReceiveStatus
                0x0000000008007220       0x26 CMakeFiles/firmware.elf.dir/Middlewares/ST/STM32_USB_Device_Library/Core/Src/usbd_ioreq.c.obj
                0x0000000008007220                USBD_CtlReceiveStatus
 .text._ZSt4fabsf
                0x0000000008007246       0x20 CMakeFiles/firmware.elf.dir/Src/PIDController.cpp.obj
                0x0000000008007246                std::fabs(float)
 *fill*         0x0000000008007266        0x2 
 .text._Z7isCloseff
                0x0000000008007268       0x48 CMakeFiles/firmware.elf.dir/Src/PIDController.cpp.obj
                0x0000000008007268                isClose(float, float)
 .text._Z5clampIfET_S0_S0_S0_
                0x00000000080072b0       0x3c CMakeFiles/firmware.elf.dir/Src/PIDController.cpp.obj
                0x00000000080072b0                float clamp<float>(float, float, float)
 .text._Z3minIfET_S0_S0_
                0x00000000080072ec       0x38 CMakeFiles/firmware.elf.dir/Src/PIDController.cpp.obj
                0x00000000080072ec                float min<float>(float, float)
 .text._Z3maxIfET_S0_S0_
                0x0000000008007324       0x38 CMakeFiles/firmware.elf.dir/Src/PIDController.cpp.obj
                0x0000000008007324                float max<float>(float, float)
 .text.MX_ADC1_Init
                0x000000000800735c       0xa4 CMakeFiles/firmware.elf.dir/Src/adc.c.obj
                0x000000000800735c                MX_ADC1_Init
 .text.HAL_ADC_MspInit
                0x0000000008007400       0xc0 CMakeFiles/firmware.elf.dir/Src/adc.c.obj
                0x0000000008007400                HAL_ADC_MspInit
 .text._ZN7drv8871C2E6pindefS0_PK17TIM_HandleTypeDefhh
                0x00000000080074c0       0x66 CMakeFiles/firmware.elf.dir/Src/drv8871.cpp.obj
                0x00000000080074c0                drv8871::drv8871(pindef, pindef, TIM_HandleTypeDef const*, unsigned char, unsigned char)
                0x00000000080074c0                drv8871::drv8871(pindef, pindef, TIM_HandleTypeDef const*, unsigned char, unsigned char)
 *fill*         0x0000000008007526        0x2 
 .text._ZN7drv88713setEf
                0x0000000008007528      0x294 CMakeFiles/firmware.elf.dir/Src/drv8871.cpp.obj
                0x0000000008007528                drv8871::set(float)
 .text.MX_GPIO_Init
                0x00000000080077bc      0x1ac CMakeFiles/firmware.elf.dir/Src/gpio.c.obj
                0x00000000080077bc                MX_GPIO_Init
 .text.MX_I2C1_Init
                0x0000000008007968       0x5c CMakeFiles/firmware.elf.dir/Src/i2c.c.obj
                0x0000000008007968                MX_I2C1_Init
 .text.MX_I2C2_Init
                0x00000000080079c4       0x5c CMakeFiles/firmware.elf.dir/Src/i2c.c.obj
                0x00000000080079c4                MX_I2C2_Init
 .text.HAL_I2C_MspInit
                0x0000000008007a20       0xfc CMakeFiles/firmware.elf.dir/Src/i2c.c.obj
                0x0000000008007a20                HAL_I2C_MspInit
 .text.__io_putchar
                0x0000000008007b1c       0x24 CMakeFiles/firmware.elf.dir/Src/main.cpp.obj
                0x0000000008007b1c                __io_putchar
 .text._ZeqRK9ENC_STATES1_
                0x0000000008007b40       0x34 CMakeFiles/firmware.elf.dir/Src/main.cpp.obj
                0x0000000008007b40                operator==(ENC_STATE const&, ENC_STATE const&)
 .text._ZneRK9ENC_STATES1_
                0x0000000008007b74       0x22 CMakeFiles/firmware.elf.dir/Src/main.cpp.obj
                0x0000000008007b74                operator!=(ENC_STATE const&, ENC_STATE const&)
 *fill*         0x0000000008007b96        0x2 
 .text._Z12getEnc1Statev
                0x0000000008007b98       0x4c CMakeFiles/firmware.elf.dir/Src/main.cpp.obj
                0x0000000008007b98                getEnc1State()
 .text._Z12getEnc2Statev
                0x0000000008007be4       0x4c CMakeFiles/firmware.elf.dir/Src/main.cpp.obj
                0x0000000008007be4                getEnc2State()
 .text._Z8quad_lut8pinstateS_bb
                0x0000000008007c30       0x8c CMakeFiles/firmware.elf.dir/Src/main.cpp.obj
                0x0000000008007c30                quad_lut(pinstate, pinstate, bool, bool)
 .text._Z11chkEncStatev
                0x0000000008007cbc      0x110 CMakeFiles/firmware.elf.dir/Src/main.cpp.obj
                0x0000000008007cbc                chkEncState()
 .text.main     0x0000000008007dcc       0xf0 CMakeFiles/firmware.elf.dir/Src/main.cpp.obj
                0x0000000008007dcc                main
 .text.SystemClock_Config
                0x0000000008007ebc      0x130 CMakeFiles/firmware.elf.dir/Src/main.cpp.obj
                0x0000000008007ebc                SystemClock_Config
 .text.Error_Handler
                0x0000000008007fec        0xe CMakeFiles/firmware.elf.dir/Src/main.cpp.obj
                0x0000000008007fec                Error_Handler
 *fill*         0x0000000008007ffa        0x2 
 .text._Z41__static_initialization_and_destruction_0ii
                0x0000000008007ffc       0x7c CMakeFiles/firmware.elf.dir/Src/main.cpp.obj
 .text._GLOBAL__sub_I_addr
                0x0000000008008078       0x10 CMakeFiles/firmware.elf.dir/Src/main.cpp.obj
 .text.HAL_MspInit
                0x0000000008008088       0x50 CMakeFiles/firmware.elf.dir/Src/stm32f4xx_hal_msp.c.obj
                0x0000000008008088                HAL_MspInit
 .text.NMI_Handler
                0x00000000080080d8        0xe CMakeFiles/firmware.elf.dir/Src/stm32f4xx_it.c.obj
                0x00000000080080d8                NMI_Handler
 .text.HardFault_Handler
                0x00000000080080e6        0x6 CMakeFiles/firmware.elf.dir/Src/stm32f4xx_it.c.obj
                0x00000000080080e6                HardFault_Handler
 .text.MemManage_Handler
                0x00000000080080ec        0x6 CMakeFiles/firmware.elf.dir/Src/stm32f4xx_it.c.obj
                0x00000000080080ec                MemManage_Handler
 .text.BusFault_Handler
                0x00000000080080f2        0x6 CMakeFiles/firmware.elf.dir/Src/stm32f4xx_it.c.obj
                0x00000000080080f2                BusFault_Handler
 .text.UsageFault_Handler
                0x00000000080080f8        0x6 CMakeFiles/firmware.elf.dir/Src/stm32f4xx_it.c.obj
                0x00000000080080f8                UsageFault_Handler
 .text.SVC_Handler
                0x00000000080080fe        0xe CMakeFiles/firmware.elf.dir/Src/stm32f4xx_it.c.obj
                0x00000000080080fe                SVC_Handler
 .text.DebugMon_Handler
                0x000000000800810c        0xe CMakeFiles/firmware.elf.dir/Src/stm32f4xx_it.c.obj
                0x000000000800810c                DebugMon_Handler
 .text.PendSV_Handler
                0x000000000800811a        0xe CMakeFiles/firmware.elf.dir/Src/stm32f4xx_it.c.obj
                0x000000000800811a                PendSV_Handler
 .text.SysTick_Handler
                0x0000000008008128        0xc CMakeFiles/firmware.elf.dir/Src/stm32f4xx_it.c.obj
                0x0000000008008128                SysTick_Handler
 .text.OTG_FS_IRQHandler
                0x0000000008008134       0x14 CMakeFiles/firmware.elf.dir/Src/stm32f4xx_it.c.obj
                0x0000000008008134                OTG_FS_IRQHandler
 .text._getpid  0x0000000008008148       0x10 CMakeFiles/firmware.elf.dir/Src/syscalls.c.obj
                0x0000000008008148                _getpid
 .text._kill    0x0000000008008158       0x20 CMakeFiles/firmware.elf.dir/Src/syscalls.c.obj
                0x0000000008008158                _kill
 .text._exit    0x0000000008008178       0x14 CMakeFiles/firmware.elf.dir/Src/syscalls.c.obj
                0x0000000008008178                _exit
 .text._read    0x000000000800818c       0x3a CMakeFiles/firmware.elf.dir/Src/syscalls.c.obj
                0x000000000800818c                _read
 .text._write   0x00000000080081c6       0x38 CMakeFiles/firmware.elf.dir/Src/syscalls.c.obj
                0x00000000080081c6                _write
 *fill*         0x00000000080081fe        0x2 
 .text._sbrk    0x0000000008008200       0x58 CMakeFiles/firmware.elf.dir/Src/syscalls.c.obj
                0x0000000008008200                _sbrk
 .text._close   0x0000000008008258       0x18 CMakeFiles/firmware.elf.dir/Src/syscalls.c.obj
                0x0000000008008258                _close
 .text._fstat   0x0000000008008270       0x20 CMakeFiles/firmware.elf.dir/Src/syscalls.c.obj
                0x0000000008008270                _fstat
 .text._isatty  0x0000000008008290       0x16 CMakeFiles/firmware.elf.dir/Src/syscalls.c.obj
                0x0000000008008290                _isatty
 .text._lseek   0x00000000080082a6       0x1a CMakeFiles/firmware.elf.dir/Src/syscalls.c.obj
                0x00000000080082a6                _lseek
 .text.SystemInit
                0x00000000080082c0       0x6c CMakeFiles/firmware.elf.dir/Src/system_stm32f4xx.c.obj
                0x00000000080082c0                SystemInit
 .text.MX_TIM1_Init
                0x000000000800832c      0x150 CMakeFiles/firmware.elf.dir/Src/tim.c.obj
                0x000000000800832c                MX_TIM1_Init
 .text.MX_TIM2_Init
                0x000000000800847c       0xf4 CMakeFiles/firmware.elf.dir/Src/tim.c.obj
                0x000000000800847c                MX_TIM2_Init
 .text.MX_TIM3_Init
                0x0000000008008570       0xf4 CMakeFiles/firmware.elf.dir/Src/tim.c.obj
                0x0000000008008570                MX_TIM3_Init
 .text.MX_TIM4_Init
                0x0000000008008664       0xf4 CMakeFiles/firmware.elf.dir/Src/tim.c.obj
                0x0000000008008664                MX_TIM4_Init
 .text.MX_TIM8_Init
                0x0000000008008758      0x150 CMakeFiles/firmware.elf.dir/Src/tim.c.obj
                0x0000000008008758                MX_TIM8_Init
 .text.MX_TIM9_Init
                0x00000000080088a8       0xa0 CMakeFiles/firmware.elf.dir/Src/tim.c.obj
                0x00000000080088a8                MX_TIM9_Init
 .text.MX_TIM10_Init
                0x0000000008008948       0x9c CMakeFiles/firmware.elf.dir/Src/tim.c.obj
                0x0000000008008948                MX_TIM10_Init
 .text.MX_TIM11_Init
                0x00000000080089e4       0x9c CMakeFiles/firmware.elf.dir/Src/tim.c.obj
                0x00000000080089e4                MX_TIM11_Init
 .text.MX_TIM12_Init
                0x0000000008008a80       0xa0 CMakeFiles/firmware.elf.dir/Src/tim.c.obj
                0x0000000008008a80                MX_TIM12_Init
 .text.MX_TIM13_Init
                0x0000000008008b20       0x9c CMakeFiles/firmware.elf.dir/Src/tim.c.obj
                0x0000000008008b20                MX_TIM13_Init
 .text.MX_TIM14_Init
                0x0000000008008bbc       0x9c CMakeFiles/firmware.elf.dir/Src/tim.c.obj
                0x0000000008008bbc                MX_TIM14_Init
 .text.HAL_TIM_PWM_MspInit
                0x0000000008008c58      0x148 CMakeFiles/firmware.elf.dir/Src/tim.c.obj
                0x0000000008008c58                HAL_TIM_PWM_MspInit
 .text.HAL_TIM_Base_MspInit
                0x0000000008008da0       0xc8 CMakeFiles/firmware.elf.dir/Src/tim.c.obj
                0x0000000008008da0                HAL_TIM_Base_MspInit
 .text.HAL_TIM_MspPostInit
                0x0000000008008e68      0x3d0 CMakeFiles/firmware.elf.dir/Src/tim.c.obj
                0x0000000008008e68                HAL_TIM_MspPostInit
 .text.MX_USART6_UART_Init
                0x0000000008009238       0x54 CMakeFiles/firmware.elf.dir/Src/usart.c.obj
                0x0000000008009238                MX_USART6_UART_Init
 .text.HAL_UART_MspInit
                0x000000000800928c       0x90 CMakeFiles/firmware.elf.dir/Src/usart.c.obj
                0x000000000800928c                HAL_UART_MspInit
 .text.MX_USB_DEVICE_Init
                0x000000000800931c       0x60 CMakeFiles/firmware.elf.dir/Src/usb_device.c.obj
                0x000000000800931c                MX_USB_DEVICE_Init
 .text.CDC_Init_FS
                0x000000000800937c       0x28 CMakeFiles/firmware.elf.dir/Src/usbd_cdc_if.c.obj
 .text.CDC_DeInit_FS
                0x00000000080093a4       0x10 CMakeFiles/firmware.elf.dir/Src/usbd_cdc_if.c.obj
 .text.CDC_Control_FS
                0x00000000080093b4       0xbc CMakeFiles/firmware.elf.dir/Src/usbd_cdc_if.c.obj
 .text.CDC_Receive_FS
                0x0000000008009470       0x28 CMakeFiles/firmware.elf.dir/Src/usbd_cdc_if.c.obj
 .text.HAL_PCD_MspInit
                0x0000000008009498       0xc4 CMakeFiles/firmware.elf.dir/Src/usbd_conf.c.obj
                0x0000000008009498                HAL_PCD_MspInit
 .text.HAL_PCD_SetupStageCallback
                0x000000000800955c       0x24 CMakeFiles/firmware.elf.dir/Src/usbd_conf.c.obj
                0x000000000800955c                HAL_PCD_SetupStageCallback
 .text.HAL_PCD_DataOutStageCallback
                0x0000000008009580       0x36 CMakeFiles/firmware.elf.dir/Src/usbd_conf.c.obj
                0x0000000008009580                HAL_PCD_DataOutStageCallback
 .text.HAL_PCD_DataInStageCallback
                0x00000000080095b6       0x34 CMakeFiles/firmware.elf.dir/Src/usbd_conf.c.obj
                0x00000000080095b6                HAL_PCD_DataInStageCallback
 .text.HAL_PCD_SOFCallback
                0x00000000080095ea       0x1c CMakeFiles/firmware.elf.dir/Src/usbd_conf.c.obj
                0x00000000080095ea                HAL_PCD_SOFCallback
 .text.HAL_PCD_ResetCallback
                0x0000000008009606       0x50 CMakeFiles/firmware.elf.dir/Src/usbd_conf.c.obj
                0x0000000008009606                HAL_PCD_ResetCallback
 *fill*         0x0000000008009656        0x2 
 .text.HAL_PCD_SuspendCallback
                0x0000000008009658       0x4c CMakeFiles/firmware.elf.dir/Src/usbd_conf.c.obj
                0x0000000008009658                HAL_PCD_SuspendCallback
 .text.HAL_PCD_ResumeCallback
                0x00000000080096a4       0x1c CMakeFiles/firmware.elf.dir/Src/usbd_conf.c.obj
                0x00000000080096a4                HAL_PCD_ResumeCallback
 .text.HAL_PCD_ISOOUTIncompleteCallback
                0x00000000080096c0       0x24 CMakeFiles/firmware.elf.dir/Src/usbd_conf.c.obj
                0x00000000080096c0                HAL_PCD_ISOOUTIncompleteCallback
 .text.HAL_PCD_ISOINIncompleteCallback
                0x00000000080096e4       0x24 CMakeFiles/firmware.elf.dir/Src/usbd_conf.c.obj
                0x00000000080096e4                HAL_PCD_ISOINIncompleteCallback
 .text.HAL_PCD_ConnectCallback
                0x0000000008009708       0x1c CMakeFiles/firmware.elf.dir/Src/usbd_conf.c.obj
                0x0000000008009708                HAL_PCD_ConnectCallback
 .text.HAL_PCD_DisconnectCallback
                0x0000000008009724       0x1c CMakeFiles/firmware.elf.dir/Src/usbd_conf.c.obj
                0x0000000008009724                HAL_PCD_DisconnectCallback
 .text.USBD_LL_Init
                0x0000000008009740       0x98 CMakeFiles/firmware.elf.dir/Src/usbd_conf.c.obj
                0x0000000008009740                USBD_LL_Init
 .text.USBD_LL_Start
                0x00000000080097d8       0x36 CMakeFiles/firmware.elf.dir/Src/usbd_conf.c.obj
                0x00000000080097d8                USBD_LL_Start
 .text.USBD_LL_OpenEP
                0x000000000800980e       0x4c CMakeFiles/firmware.elf.dir/Src/usbd_conf.c.obj
                0x000000000800980e                USBD_LL_OpenEP
 .text.USBD_LL_CloseEP
                0x000000000800985a       0x3e CMakeFiles/firmware.elf.dir/Src/usbd_conf.c.obj
                0x000000000800985a                USBD_LL_CloseEP
 .text.USBD_LL_StallEP
                0x0000000008009898       0x3e CMakeFiles/firmware.elf.dir/Src/usbd_conf.c.obj
                0x0000000008009898                USBD_LL_StallEP
 .text.USBD_LL_ClearStallEP
                0x00000000080098d6       0x3e CMakeFiles/firmware.elf.dir/Src/usbd_conf.c.obj
                0x00000000080098d6                USBD_LL_ClearStallEP
 .text.USBD_LL_IsStallEP
                0x0000000008009914       0x58 CMakeFiles/firmware.elf.dir/Src/usbd_conf.c.obj
                0x0000000008009914                USBD_LL_IsStallEP
 .text.USBD_LL_SetUSBAddress
                0x000000000800996c       0x3e CMakeFiles/firmware.elf.dir/Src/usbd_conf.c.obj
                0x000000000800996c                USBD_LL_SetUSBAddress
 .text.USBD_LL_Transmit
                0x00000000080099aa       0x46 CMakeFiles/firmware.elf.dir/Src/usbd_conf.c.obj
                0x00000000080099aa                USBD_LL_Transmit
 .text.USBD_LL_PrepareReceive
                0x00000000080099f0       0x46 CMakeFiles/firmware.elf.dir/Src/usbd_conf.c.obj
                0x00000000080099f0                USBD_LL_PrepareReceive
 .text.USBD_LL_GetRxDataSize
                0x0000000008009a36       0x26 CMakeFiles/firmware.elf.dir/Src/usbd_conf.c.obj
                0x0000000008009a36                USBD_LL_GetRxDataSize
 .text.HAL_PCDEx_LPM_Callback
                0x0000000008009a5c       0x9c CMakeFiles/firmware.elf.dir/Src/usbd_conf.c.obj
                0x0000000008009a5c                HAL_PCDEx_LPM_Callback
 .text.USBD_Get_USB_Status
                0x0000000008009af8       0x58 CMakeFiles/firmware.elf.dir/Src/usbd_conf.c.obj
                0x0000000008009af8                USBD_Get_USB_Status
 .text.USBD_FS_DeviceDescriptor
                0x0000000008009b50       0x24 CMakeFiles/firmware.elf.dir/Src/usbd_desc.c.obj
                0x0000000008009b50                USBD_FS_DeviceDescriptor
 .text.USBD_FS_LangIDStrDescriptor
                0x0000000008009b74       0x24 CMakeFiles/firmware.elf.dir/Src/usbd_desc.c.obj
                0x0000000008009b74                USBD_FS_LangIDStrDescriptor
 .text.USBD_FS_ProductStrDescriptor
                0x0000000008009b98       0x3c CMakeFiles/firmware.elf.dir/Src/usbd_desc.c.obj
                0x0000000008009b98                USBD_FS_ProductStrDescriptor
 .text.USBD_FS_ManufacturerStrDescriptor
                0x0000000008009bd4       0x28 CMakeFiles/firmware.elf.dir/Src/usbd_desc.c.obj
                0x0000000008009bd4                USBD_FS_ManufacturerStrDescriptor
 .text.USBD_FS_SerialStrDescriptor
                0x0000000008009bfc       0x24 CMakeFiles/firmware.elf.dir/Src/usbd_desc.c.obj
                0x0000000008009bfc                USBD_FS_SerialStrDescriptor
 .text.USBD_FS_ConfigStrDescriptor
                0x0000000008009c20       0x3c CMakeFiles/firmware.elf.dir/Src/usbd_desc.c.obj
                0x0000000008009c20                USBD_FS_ConfigStrDescriptor
 .text.USBD_FS_InterfaceStrDescriptor
                0x0000000008009c5c       0x3c CMakeFiles/firmware.elf.dir/Src/usbd_desc.c.obj
                0x0000000008009c5c                USBD_FS_InterfaceStrDescriptor
 .text.USBD_FS_USR_BOSDescriptor
                0x0000000008009c98       0x24 CMakeFiles/firmware.elf.dir/Src/usbd_desc.c.obj
                0x0000000008009c98                USBD_FS_USR_BOSDescriptor
 .text.Get_SerialNum
                0x0000000008009cbc       0x58 CMakeFiles/firmware.elf.dir/Src/usbd_desc.c.obj
 .text.IntToUnicode
                0x0000000008009d14       0x7e CMakeFiles/firmware.elf.dir/Src/usbd_desc.c.obj
 *fill*         0x0000000008009d92        0x2 
 .text.Reset_Handler
                0x0000000008009d94       0x50 CMakeFiles/firmware.elf.dir/startup/startup_stm32f446xx.s.obj
                0x0000000008009d94                Reset_Handler
 .text.Default_Handler
                0x0000000008009de4        0x2 CMakeFiles/firmware.elf.dir/startup/startup_stm32f446xx.s.obj
                0x0000000008009de4                RTC_Alarm_IRQHandler
                0x0000000008009de4                EXTI2_IRQHandler
                0x0000000008009de4                TIM8_CC_IRQHandler
                0x0000000008009de4                FMPI2C1_EV_IRQHandler
                0x0000000008009de4                SPI4_IRQHandler
                0x0000000008009de4                TIM1_CC_IRQHandler
                0x0000000008009de4                DMA2_Stream5_IRQHandler
                0x0000000008009de4                DMA1_Stream5_IRQHandler
                0x0000000008009de4                PVD_IRQHandler
                0x0000000008009de4                SDIO_IRQHandler
                0x0000000008009de4                TAMP_STAMP_IRQHandler
                0x0000000008009de4                CAN2_RX1_IRQHandler
                0x0000000008009de4                EXTI3_IRQHandler
                0x0000000008009de4                TIM8_TRG_COM_TIM14_IRQHandler
                0x0000000008009de4                TIM1_UP_TIM10_IRQHandler
                0x0000000008009de4                TIM8_UP_TIM13_IRQHandler
                0x0000000008009de4                I2C3_ER_IRQHandler
                0x0000000008009de4                EXTI0_IRQHandler
                0x0000000008009de4                I2C2_EV_IRQHandler
                0x0000000008009de4                DMA1_Stream2_IRQHandler
                0x0000000008009de4                CAN1_RX0_IRQHandler
                0x0000000008009de4                FPU_IRQHandler
                0x0000000008009de4                OTG_HS_WKUP_IRQHandler
                0x0000000008009de4                CAN2_SCE_IRQHandler
                0x0000000008009de4                DMA2_Stream2_IRQHandler
                0x0000000008009de4                SPI1_IRQHandler
                0x0000000008009de4                TIM6_DAC_IRQHandler
                0x0000000008009de4                TIM1_BRK_TIM9_IRQHandler
                0x0000000008009de4                DCMI_IRQHandler
                0x0000000008009de4                CAN2_RX0_IRQHandler
                0x0000000008009de4                DMA2_Stream3_IRQHandler
                0x0000000008009de4                SAI2_IRQHandler
                0x0000000008009de4                USART6_IRQHandler
                0x0000000008009de4                USART3_IRQHandler
                0x0000000008009de4                CAN1_RX1_IRQHandler
                0x0000000008009de4                UART5_IRQHandler
                0x0000000008009de4                DMA2_Stream0_IRQHandler
                0x0000000008009de4                TIM4_IRQHandler
                0x0000000008009de4                QUADSPI_IRQHandler
                0x0000000008009de4                I2C1_EV_IRQHandler
                0x0000000008009de4                DMA1_Stream6_IRQHandler
                0x0000000008009de4                DMA1_Stream1_IRQHandler
                0x0000000008009de4                UART4_IRQHandler
                0x0000000008009de4                TIM3_IRQHandler
                0x0000000008009de4                RCC_IRQHandler
                0x0000000008009de4                TIM8_BRK_TIM12_IRQHandler
                0x0000000008009de4                Default_Handler
                0x0000000008009de4                CEC_IRQHandler
                0x0000000008009de4                EXTI15_10_IRQHandler
                0x0000000008009de4                ADC_IRQHandler
                0x0000000008009de4                DMA1_Stream7_IRQHandler
                0x0000000008009de4                TIM7_IRQHandler
                0x0000000008009de4                CAN2_TX_IRQHandler
                0x0000000008009de4                TIM5_IRQHandler
                0x0000000008009de4                DMA2_Stream7_IRQHandler
                0x0000000008009de4                I2C3_EV_IRQHandler
                0x0000000008009de4                EXTI9_5_IRQHandler
                0x0000000008009de4                RTC_WKUP_IRQHandler
                0x0000000008009de4                SPDIF_RX_IRQHandler
                0x0000000008009de4                SPI2_IRQHandler
                0x0000000008009de4                OTG_HS_EP1_IN_IRQHandler
                0x0000000008009de4                DMA1_Stream0_IRQHandler
                0x0000000008009de4                CAN1_TX_IRQHandler
                0x0000000008009de4                FMPI2C1_ER_IRQHandler
                0x0000000008009de4                EXTI4_IRQHandler
                0x0000000008009de4                OTG_HS_EP1_OUT_IRQHandler
                0x0000000008009de4                WWDG_IRQHandler
                0x0000000008009de4                TIM2_IRQHandler
                0x0000000008009de4                OTG_FS_WKUP_IRQHandler
                0x0000000008009de4                TIM1_TRG_COM_TIM11_IRQHandler
                0x0000000008009de4                OTG_HS_IRQHandler
                0x0000000008009de4                EXTI1_IRQHandler
                0x0000000008009de4                USART2_IRQHandler
                0x0000000008009de4                I2C2_ER_IRQHandler
                0x0000000008009de4                DMA2_Stream1_IRQHandler
                0x0000000008009de4                CAN1_SCE_IRQHandler
                0x0000000008009de4                FLASH_IRQHandler
                0x0000000008009de4                DMA2_Stream4_IRQHandler
                0x0000000008009de4                USART1_IRQHandler
                0x0000000008009de4                SPI3_IRQHandler
                0x0000000008009de4                DMA1_Stream4_IRQHandler
                0x0000000008009de4                I2C1_ER_IRQHandler
                0x0000000008009de4                FMC_IRQHandler
                0x0000000008009de4                DMA2_Stream6_IRQHandler
                0x0000000008009de4                SAI1_IRQHandler
                0x0000000008009de4                DMA1_Stream3_IRQHandler
 .text._Znwj    0x0000000008009de6       0x22 /usr/lib/gcc/arm-none-eabi/9.2.0/../../../../arm-none-eabi/lib/thumb/v7e-m+fp/hard/libstdc++_nano.a(new_op.o)
                0x0000000008009de6                operator new(unsigned int)
 .text._ZSt15get_new_handlerv
                0x0000000008009e08       0x10 /usr/lib/gcc/arm-none-eabi/9.2.0/../../../../arm-none-eabi/lib/thumb/v7e-m+fp/hard/libstdc++_nano.a(new_handler.o)
                0x0000000008009e08                std::get_new_handler()
 .text.__signbitf
                0x0000000008009e18        0x8 /usr/lib/gcc/arm-none-eabi/9.2.0/../../../../arm-none-eabi/lib/thumb/v7e-m+fp/hard/libm.a(lib_a-s_signbit.o)
                0x0000000008009e18                __signbitf
 .text.__udivmoddi4
                0x0000000008009e20      0x2aa /usr/lib/gcc/arm-none-eabi/9.2.0/thumb/v7e-m+fp/hard/libgcc.a(_udivmoddi4.o)
                0x0000000008009e20                __udivmoddi4
 .text.selfrel_offset31
                0x000000000800a0ca       0x12 /usr/lib/gcc/arm-none-eabi/9.2.0/thumb/v7e-m+fp/hard/libgcc.a(unwind-arm.o)
 .text.search_EIT_table
                0x000000000800a0dc       0x60 /usr/lib/gcc/arm-none-eabi/9.2.0/thumb/v7e-m+fp/hard/libgcc.a(unwind-arm.o)
 .text.__gnu_unwind_get_pr_addr
                0x000000000800a13c       0x28 /usr/lib/gcc/arm-none-eabi/9.2.0/thumb/v7e-m+fp/hard/libgcc.a(unwind-arm.o)
 .text.get_eit_entry
                0x000000000800a164       0x94 /usr/lib/gcc/arm-none-eabi/9.2.0/thumb/v7e-m+fp/hard/libgcc.a(unwind-arm.o)
 .text.restore_non_core_regs
                0x000000000800a1f8       0x4c /usr/lib/gcc/arm-none-eabi/9.2.0/thumb/v7e-m+fp/hard/libgcc.a(unwind-arm.o)
 .text._Unwind_decode_typeinfo_ptr.isra.0
                0x000000000800a244        0xa /usr/lib/gcc/arm-none-eabi/9.2.0/thumb/v7e-m+fp/hard/libgcc.a(unwind-arm.o)
 .text._Unwind_DebugHook
                0x000000000800a24e        0x2 /usr/lib/gcc/arm-none-eabi/9.2.0/thumb/v7e-m+fp/hard/libgcc.a(unwind-arm.o)
 .text.unwind_phase2
                0x000000000800a250       0x3a /usr/lib/gcc/arm-none-eabi/9.2.0/thumb/v7e-m+fp/hard/libgcc.a(unwind-arm.o)
 .text.unwind_phase2_forced
                0x000000000800a28a       0xb0 /usr/lib/gcc/arm-none-eabi/9.2.0/thumb/v7e-m+fp/hard/libgcc.a(unwind-arm.o)
 .text.__gnu_Unwind_RaiseException
                0x000000000800a33a       0x5a /usr/lib/gcc/arm-none-eabi/9.2.0/thumb/v7e-m+fp/hard/libgcc.a(unwind-arm.o)
                0x000000000800a33a                __gnu_Unwind_RaiseException
 .text.__gnu_Unwind_ForcedUnwind
                0x000000000800a394       0x14 /usr/lib/gcc/arm-none-eabi/9.2.0/thumb/v7e-m+fp/hard/libgcc.a(unwind-arm.o)
                0x000000000800a394                __gnu_Unwind_ForcedUnwind
 .text.__gnu_Unwind_Resume
                0x000000000800a3a8       0x40 /usr/lib/gcc/arm-none-eabi/9.2.0/thumb/v7e-m+fp/hard/libgcc.a(unwind-arm.o)
                0x000000000800a3a8                __gnu_Unwind_Resume
 .text.__gnu_Unwind_Resume_or_Rethrow
                0x000000000800a3e8       0x12 /usr/lib/gcc/arm-none-eabi/9.2.0/thumb/v7e-m+fp/hard/libgcc.a(unwind-arm.o)
                0x000000000800a3e8                __gnu_Unwind_Resume_or_Rethrow
 .text._Unwind_VRS_Get
                0x000000000800a3fa       0x30 /usr/lib/gcc/arm-none-eabi/9.2.0/thumb/v7e-m+fp/hard/libgcc.a(unwind-arm.o)
                0x000000000800a3fa                _Unwind_VRS_Get
 .text._Unwind_GetGR
                0x000000000800a42a       0x18 /usr/lib/gcc/arm-none-eabi/9.2.0/thumb/v7e-m+fp/hard/libgcc.a(unwind-arm.o)
 .text._Unwind_VRS_Set
                0x000000000800a442       0x30 /usr/lib/gcc/arm-none-eabi/9.2.0/thumb/v7e-m+fp/hard/libgcc.a(unwind-arm.o)
                0x000000000800a442                _Unwind_VRS_Set
 .text._Unwind_SetGR
                0x000000000800a472       0x18 /usr/lib/gcc/arm-none-eabi/9.2.0/thumb/v7e-m+fp/hard/libgcc.a(unwind-arm.o)
 .text.__gnu_Unwind_Backtrace
                0x000000000800a48a       0x6c /usr/lib/gcc/arm-none-eabi/9.2.0/thumb/v7e-m+fp/hard/libgcc.a(unwind-arm.o)
                0x000000000800a48a                __gnu_Unwind_Backtrace
 *fill*         0x000000000800a4f6        0x2 
 .text.__gnu_unwind_pr_common
                0x000000000800a4f8      0x240 /usr/lib/gcc/arm-none-eabi/9.2.0/thumb/v7e-m+fp/hard/libgcc.a(unwind-arm.o)
 .text.__aeabi_unwind_cpp_pr0
                0x000000000800a738        0x6 /usr/lib/gcc/arm-none-eabi/9.2.0/thumb/v7e-m+fp/hard/libgcc.a(unwind-arm.o)
                0x000000000800a738                __aeabi_unwind_cpp_pr0
 .text.__aeabi_unwind_cpp_pr1
                0x000000000800a73e        0x6 /usr/lib/gcc/arm-none-eabi/9.2.0/thumb/v7e-m+fp/hard/libgcc.a(unwind-arm.o)
                0x000000000800a73e                __aeabi_unwind_cpp_pr1
 .text.__aeabi_unwind_cpp_pr2
                0x000000000800a744        0x6 /usr/lib/gcc/arm-none-eabi/9.2.0/thumb/v7e-m+fp/hard/libgcc.a(unwind-arm.o)
                0x000000000800a744                __aeabi_unwind_cpp_pr2
 .text._Unwind_VRS_Pop
                0x000000000800a74a      0x232 /usr/lib/gcc/arm-none-eabi/9.2.0/thumb/v7e-m+fp/hard/libgcc.a(unwind-arm.o)
                0x000000000800a74a                _Unwind_VRS_Pop
 .text.next_unwind_byte
                0x000000000800a97c       0x2e /usr/lib/gcc/arm-none-eabi/9.2.0/thumb/v7e-m+fp/hard/libgcc.a(pr-support.o)
 .text.__gnu_unwind_execute
                0x000000000800a9aa      0x23e /usr/lib/gcc/arm-none-eabi/9.2.0/thumb/v7e-m+fp/hard/libgcc.a(pr-support.o)
                0x000000000800a9aa                __gnu_unwind_execute
 .text.abort    0x000000000800abe8        0xe /usr/lib/gcc/arm-none-eabi/9.2.0/../../../../arm-none-eabi/lib/thumb/v7e-m+fp/hard/libg_nano.a(lib_a-abort.o)
                0x000000000800abe8                abort
 *fill*         0x000000000800abf6        0x2 
 .text.__errno  0x000000000800abf8        0xc /usr/lib/gcc/arm-none-eabi/9.2.0/../../../../arm-none-eabi/lib/thumb/v7e-m+fp/hard/libg_nano.a(lib_a-errno.o)
                0x000000000800abf8                __errno
 .text.__libc_init_array
                0x000000000800ac04       0x48 /usr/lib/gcc/arm-none-eabi/9.2.0/../../../../arm-none-eabi/lib/thumb/v7e-m+fp/hard/libg_nano.a(lib_a-init.o)
                0x000000000800ac04                __libc_init_array
 .text.malloc   0x000000000800ac4c       0x10 /usr/lib/gcc/arm-none-eabi/9.2.0/../../../../arm-none-eabi/lib/thumb/v7e-m+fp/hard/libg_nano.a(lib_a-malloc.o)
                0x000000000800ac4c                malloc
 .text.free     0x000000000800ac5c       0x10 /usr/lib/gcc/arm-none-eabi/9.2.0/../../../../arm-none-eabi/lib/thumb/v7e-m+fp/hard/libg_nano.a(lib_a-malloc.o)
                0x000000000800ac5c                free
 .text.memcpy   0x000000000800ac6c       0x1c /usr/lib/gcc/arm-none-eabi/9.2.0/../../../../arm-none-eabi/lib/thumb/v7e-m+fp/hard/libg_nano.a(lib_a-memcpy-stub.o)
                0x000000000800ac6c                memcpy
 .text.memset   0x000000000800ac88       0x10 /usr/lib/gcc/arm-none-eabi/9.2.0/../../../../arm-none-eabi/lib/thumb/v7e-m+fp/hard/libg_nano.a(lib_a-memset.o)
                0x000000000800ac88                memset
 .text._free_r  0x000000000800ac98       0xa0 /usr/lib/gcc/arm-none-eabi/9.2.0/../../../../arm-none-eabi/lib/thumb/v7e-m+fp/hard/libg_nano.a(lib_a-nano-freer.o)
                0x000000000800ac98                _free_r
 .text._malloc_r
                0x000000000800ad38       0xb4 /usr/lib/gcc/arm-none-eabi/9.2.0/../../../../arm-none-eabi/lib/thumb/v7e-m+fp/hard/libg_nano.a(lib_a-nano-mallocr.o)
                0x000000000800ad38                _malloc_r
 .text.printf   0x000000000800adec       0x30 /usr/lib/gcc/arm-none-eabi/9.2.0/../../../../arm-none-eabi/lib/thumb/v7e-m+fp/hard/libg_nano.a(lib_a-printf.o)
                0x000000000800adec                printf
                0x000000000800adec                iprintf
 .text._sbrk_r  0x000000000800ae1c       0x20 /usr/lib/gcc/arm-none-eabi/9.2.0/../../../../arm-none-eabi/lib/thumb/v7e-m+fp/hard/libg_nano.a(lib_a-sbrkr.o)
                0x000000000800ae1c                _sbrk_r
 .text._raise_r
                0x000000000800ae3c       0x50 /usr/lib/gcc/arm-none-eabi/9.2.0/../../../../arm-none-eabi/lib/thumb/v7e-m+fp/hard/libg_nano.a(lib_a-signal.o)
                0x000000000800ae3c                _raise_r
 .text.raise    0x000000000800ae8c       0x10 /usr/lib/gcc/arm-none-eabi/9.2.0/../../../../arm-none-eabi/lib/thumb/v7e-m+fp/hard/libg_nano.a(lib_a-signal.o)
                0x000000000800ae8c                raise
 .text._kill_r  0x000000000800ae9c       0x24 /usr/lib/gcc/arm-none-eabi/9.2.0/../../../../arm-none-eabi/lib/thumb/v7e-m+fp/hard/libg_nano.a(lib_a-signalr.o)
                0x000000000800ae9c                _kill_r
 .text._getpid_r
                0x000000000800aec0        0x4 /usr/lib/gcc/arm-none-eabi/9.2.0/../../../../arm-none-eabi/lib/thumb/v7e-m+fp/hard/libg_nano.a(lib_a-signalr.o)
                0x000000000800aec0                _getpid_r
 .text.std      0x000000000800aec4       0x48 /usr/lib/gcc/arm-none-eabi/9.2.0/../../../../arm-none-eabi/lib/thumb/v7e-m+fp/hard/libg_nano.a(lib_a-findfp.o)
 .text._cleanup_r
                0x000000000800af0c        0xc /usr/lib/gcc/arm-none-eabi/9.2.0/../../../../arm-none-eabi/lib/thumb/v7e-m+fp/hard/libg_nano.a(lib_a-findfp.o)
                0x000000000800af0c                _cleanup_r
 .text.__sfmoreglue
                0x000000000800af18       0x2c /usr/lib/gcc/arm-none-eabi/9.2.0/../../../../arm-none-eabi/lib/thumb/v7e-m+fp/hard/libg_nano.a(lib_a-findfp.o)
                0x000000000800af18                __sfmoreglue
 .text.__sfp_lock_acquire
                0x000000000800af44        0xc /usr/lib/gcc/arm-none-eabi/9.2.0/../../../../arm-none-eabi/lib/thumb/v7e-m+fp/hard/libg_nano.a(lib_a-findfp.o)
                0x000000000800af44                __sfp_lock_acquire
 .text.__sfp_lock_release
                0x000000000800af50        0xc /usr/lib/gcc/arm-none-eabi/9.2.0/../../../../arm-none-eabi/lib/thumb/v7e-m+fp/hard/libg_nano.a(lib_a-findfp.o)
                0x000000000800af50                __sfp_lock_release
 .text.__sinit_lock_acquire
                0x000000000800af5c        0xc /usr/lib/gcc/arm-none-eabi/9.2.0/../../../../arm-none-eabi/lib/thumb/v7e-m+fp/hard/libg_nano.a(lib_a-findfp.o)
                0x000000000800af5c                __sinit_lock_acquire
 .text.__sinit_lock_release
                0x000000000800af68        0xc /usr/lib/gcc/arm-none-eabi/9.2.0/../../../../arm-none-eabi/lib/thumb/v7e-m+fp/hard/libg_nano.a(lib_a-findfp.o)
                0x000000000800af68                __sinit_lock_release
 .text.__sinit  0x000000000800af74       0x70 /usr/lib/gcc/arm-none-eabi/9.2.0/../../../../arm-none-eabi/lib/thumb/v7e-m+fp/hard/libg_nano.a(lib_a-findfp.o)
                0x000000000800af74                __sinit
 .text.__sfp    0x000000000800afe4       0x8c /usr/lib/gcc/arm-none-eabi/9.2.0/../../../../arm-none-eabi/lib/thumb/v7e-m+fp/hard/libg_nano.a(lib_a-findfp.o)
                0x000000000800afe4                __sfp
 .text._fwalk_reent
                0x000000000800b070       0x3e /usr/lib/gcc/arm-none-eabi/9.2.0/../../../../arm-none-eabi/lib/thumb/v7e-m+fp/hard/libg_nano.a(lib_a-fwalk.o)
                0x000000000800b070                _fwalk_reent
 .text.__retarget_lock_init_recursive
                0x000000000800b0ae        0x2 /usr/lib/gcc/arm-none-eabi/9.2.0/../../../../arm-none-eabi/lib/thumb/v7e-m+fp/hard/libg_nano.a(lib_a-lock.o)
                0x000000000800b0ae                __retarget_lock_init_recursive
 .text.__retarget_lock_acquire_recursive
                0x000000000800b0b0        0x2 /usr/lib/gcc/arm-none-eabi/9.2.0/../../../../arm-none-eabi/lib/thumb/v7e-m+fp/hard/libg_nano.a(lib_a-lock.o)
                0x000000000800b0b0                __retarget_lock_acquire_recursive
 .text.__retarget_lock_release_recursive
                0x000000000800b0b2        0x2 /usr/lib/gcc/arm-none-eabi/9.2.0/../../../../arm-none-eabi/lib/thumb/v7e-m+fp/hard/libg_nano.a(lib_a-lock.o)
                0x000000000800b0b2                __retarget_lock_release_recursive
 .text.__malloc_lock
                0x000000000800b0b4        0xc /usr/lib/gcc/arm-none-eabi/9.2.0/../../../../arm-none-eabi/lib/thumb/v7e-m+fp/hard/libg_nano.a(lib_a-mlock.o)
                0x000000000800b0b4                __malloc_lock
 .text.__malloc_unlock
                0x000000000800b0c0        0xc /usr/lib/gcc/arm-none-eabi/9.2.0/../../../../arm-none-eabi/lib/thumb/v7e-m+fp/hard/libg_nano.a(lib_a-mlock.o)
                0x000000000800b0c0                __malloc_unlock
 .text.__sfputc_r
                0x000000000800b0cc       0x2e /usr/lib/gcc/arm-none-eabi/9.2.0/../../../../arm-none-eabi/lib/thumb/v7e-m+fp/hard/libg_nano.a(lib_a-nano-vfprintf.o)
 .text.__sfputs_r
                0x000000000800b0fa       0x24 /usr/lib/gcc/arm-none-eabi/9.2.0/../../../../arm-none-eabi/lib/thumb/v7e-m+fp/hard/libg_nano.a(lib_a-nano-vfprintf.o)
                0x000000000800b0fa                __sfputs_r
 *fill*         0x000000000800b11e        0x2 
 .text._vfprintf_r
                0x000000000800b120      0x260 /usr/lib/gcc/arm-none-eabi/9.2.0/../../../../arm-none-eabi/lib/thumb/v7e-m+fp/hard/libg_nano.a(lib_a-nano-vfprintf.o)
                0x000000000800b120                _vfiprintf_r
                0x000000000800b120                _vfprintf_r
 .text.__sread  0x000000000800b380       0x22 /usr/lib/gcc/arm-none-eabi/9.2.0/../../../../arm-none-eabi/lib/thumb/v7e-m+fp/hard/libg_nano.a(lib_a-stdio.o)
                0x000000000800b380                __sread
 .text.__swrite
                0x000000000800b3a2       0x38 /usr/lib/gcc/arm-none-eabi/9.2.0/../../../../arm-none-eabi/lib/thumb/v7e-m+fp/hard/libg_nano.a(lib_a-stdio.o)
                0x000000000800b3a2                __swrite
 .text.__sseek  0x000000000800b3da       0x24 /usr/lib/gcc/arm-none-eabi/9.2.0/../../../../arm-none-eabi/lib/thumb/v7e-m+fp/hard/libg_nano.a(lib_a-stdio.o)
                0x000000000800b3da                __sseek
 .text.__sclose
                0x000000000800b3fe        0x8 /usr/lib/gcc/arm-none-eabi/9.2.0/../../../../arm-none-eabi/lib/thumb/v7e-m+fp/hard/libg_nano.a(lib_a-stdio.o)
                0x000000000800b3fe                __sclose
 *fill*         0x000000000800b406        0x2 
 .text.__swbuf_r
                0x000000000800b408       0xa4 /usr/lib/gcc/arm-none-eabi/9.2.0/../../../../arm-none-eabi/lib/thumb/v7e-m+fp/hard/libg_nano.a(lib_a-wbuf.o)
                0x000000000800b408                __swbuf_r
 .text._write_r
                0x000000000800b4ac       0x24 /usr/lib/gcc/arm-none-eabi/9.2.0/../../../../arm-none-eabi/lib/thumb/v7e-m+fp/hard/libg_nano.a(lib_a-writer.o)
                0x000000000800b4ac                _write_r
 .text.__swsetup_r
                0x000000000800b4d0       0xdc /usr/lib/gcc/arm-none-eabi/9.2.0/../../../../arm-none-eabi/lib/thumb/v7e-m+fp/hard/libg_nano.a(lib_a-wsetup.o)
                0x000000000800b4d0                __swsetup_r
 .text._close_r
                0x000000000800b5ac       0x20 /usr/lib/gcc/arm-none-eabi/9.2.0/../../../../arm-none-eabi/lib/thumb/v7e-m+fp/hard/libg_nano.a(lib_a-closer.o)
                0x000000000800b5ac                _close_r
 .text.__sflush_r
                0x000000000800b5cc      0x10c /usr/lib/gcc/arm-none-eabi/9.2.0/../../../../arm-none-eabi/lib/thumb/v7e-m+fp/hard/libg_nano.a(lib_a-fflush.o)
                0x000000000800b5cc                __sflush_r
 .text._fflush_r
                0x000000000800b6d8       0x78 /usr/lib/gcc/arm-none-eabi/9.2.0/../../../../arm-none-eabi/lib/thumb/v7e-m+fp/hard/libg_nano.a(lib_a-fflush.o)
                0x000000000800b6d8                _fflush_r
 .text._lseek_r
                0x000000000800b750       0x24 /usr/lib/gcc/arm-none-eabi/9.2.0/../../../../arm-none-eabi/lib/thumb/v7e-m+fp/hard/libg_nano.a(lib_a-lseekr.o)
                0x000000000800b750                _lseek_r
 .text.__swhatbuf_r
                0x000000000800b774       0x48 /usr/lib/gcc/arm-none-eabi/9.2.0/../../../../arm-none-eabi/lib/thumb/v7e-m+fp/hard/libg_nano.a(lib_a-makebuf.o)
                0x000000000800b774                __swhatbuf_r
 .text.__smakebuf_r
                0x000000000800b7bc       0x80 /usr/lib/gcc/arm-none-eabi/9.2.0/../../../../arm-none-eabi/lib/thumb/v7e-m+fp/hard/libg_nano.a(lib_a-makebuf.o)
                0x000000000800b7bc                __smakebuf_r
 .text._printf_common
                0x000000000800b83c       0xda /usr/lib/gcc/arm-none-eabi/9.2.0/../../../../arm-none-eabi/lib/thumb/v7e-m+fp/hard/libg_nano.a(lib_a-nano-vfprintf_i.o)
                0x000000000800b83c                _printf_common
 *fill*         0x000000000800b916        0x2 
 .text._printf_i
                0x000000000800b918      0x24c /usr/lib/gcc/arm-none-eabi/9.2.0/../../../../arm-none-eabi/lib/thumb/v7e-m+fp/hard/libg_nano.a(lib_a-nano-vfprintf_i.o)
                0x000000000800b918                _printf_i
 .text._read_r  0x000000000800bb64       0x24 /usr/lib/gcc/arm-none-eabi/9.2.0/../../../../arm-none-eabi/lib/thumb/v7e-m+fp/hard/libg_nano.a(lib_a-readr.o)
                0x000000000800bb64                _read_r
 .text._fstat_r
                0x000000000800bb88       0x24 /usr/lib/gcc/arm-none-eabi/9.2.0/../../../../arm-none-eabi/lib/thumb/v7e-m+fp/hard/libg_nano.a(lib_a-fstatr.o)
                0x000000000800bb88                _fstat_r
 .text._isatty_r
                0x000000000800bbac       0x20 /usr/lib/gcc/arm-none-eabi/9.2.0/../../../../arm-none-eabi/lib/thumb/v7e-m+fp/hard/libg_nano.a(lib_a-isattyr.o)
                0x000000000800bbac                _isatty_r
 *(.glue_7)
 .glue_7        0x000000000800bbcc        0x0 linker stubs
 *(.glue_7t)
 .glue_7t       0x000000000800bbcc        0x0 linker stubs
 *(.eh_frame)
 .eh_frame      0x000000000800bbcc        0x0 /usr/lib/gcc/arm-none-eabi/9.2.0/thumb/v7e-m+fp/hard/crtbegin.o
 *(.init)
 .init          0x000000000800bbcc        0x4 /usr/lib/gcc/arm-none-eabi/9.2.0/thumb/v7e-m+fp/hard/crti.o
                0x000000000800bbcc                _init
 .init          0x000000000800bbd0        0x8 /usr/lib/gcc/arm-none-eabi/9.2.0/thumb/v7e-m+fp/hard/crtn.o
 *(.fini)
 .fini          0x000000000800bbd8        0x4 /usr/lib/gcc/arm-none-eabi/9.2.0/thumb/v7e-m+fp/hard/crti.o
                0x000000000800bbd8                _fini
 .fini          0x000000000800bbdc        0x8 /usr/lib/gcc/arm-none-eabi/9.2.0/thumb/v7e-m+fp/hard/crtn.o
                0x000000000800bbe4                . = ALIGN (0x4)
                0x000000000800bbe4                _etext = .

.vfp11_veneer   0x000000000800bbe4        0x0
 .vfp11_veneer  0x000000000800bbe4        0x0 linker stubs

.v4_bx          0x000000000800bbe4        0x0
 .v4_bx         0x000000000800bbe4        0x0 linker stubs

.iplt           0x000000000800bbe4        0x0
 .iplt          0x000000000800bbe4        0x0 /usr/lib/gcc/arm-none-eabi/9.2.0/thumb/v7e-m+fp/hard/crtbegin.o

.rodata         0x000000000800bbe4      0x128
                0x000000000800bbe4                . = ALIGN (0x4)
 *(.rodata)
 .rodata        0x000000000800bbe4       0x1f CMakeFiles/firmware.elf.dir/Src/main.cpp.obj
 *fill*         0x000000000800bc03        0x1 
 .rodata        0x000000000800bc04       0x46 CMakeFiles/firmware.elf.dir/Src/usbd_desc.c.obj
 *(.rodata*)
 *fill*         0x000000000800bc4a        0x2 
 .rodata._ZN6robotA8shoulder1R2J13pwm1AL3pinE
                0x000000000800bc4c        0x8 CMakeFiles/firmware.elf.dir/Src/main.cpp.obj
 .rodata._ZN6robotA8shoulder1R2J13pwm1BL3pinE
                0x000000000800bc54        0x8 CMakeFiles/firmware.elf.dir/Src/main.cpp.obj
 .rodata.AHBPrescTable
                0x000000000800bc5c       0x10 CMakeFiles/firmware.elf.dir/Src/system_stm32f4xx.c.obj
                0x000000000800bc5c                AHBPrescTable
 .rodata.APBPrescTable
                0x000000000800bc6c        0x8 CMakeFiles/firmware.elf.dir/Src/system_stm32f4xx.c.obj
                0x000000000800bc6c                APBPrescTable
 .rodata._global_impure_ptr
                0x000000000800bc74        0x4 /usr/lib/gcc/arm-none-eabi/9.2.0/../../../../arm-none-eabi/lib/thumb/v7e-m+fp/hard/libg_nano.a(lib_a-impure.o)
                0x000000000800bc74                _global_impure_ptr
 .rodata.__sf_fake_stderr
                0x000000000800bc78       0x20 /usr/lib/gcc/arm-none-eabi/9.2.0/../../../../arm-none-eabi/lib/thumb/v7e-m+fp/hard/libg_nano.a(lib_a-findfp.o)
                0x000000000800bc78                __sf_fake_stderr
 .rodata.__sf_fake_stdin
                0x000000000800bc98       0x20 /usr/lib/gcc/arm-none-eabi/9.2.0/../../../../arm-none-eabi/lib/thumb/v7e-m+fp/hard/libg_nano.a(lib_a-findfp.o)
                0x000000000800bc98                __sf_fake_stdin
 .rodata.__sf_fake_stdout
                0x000000000800bcb8       0x20 /usr/lib/gcc/arm-none-eabi/9.2.0/../../../../arm-none-eabi/lib/thumb/v7e-m+fp/hard/libg_nano.a(lib_a-findfp.o)
                0x000000000800bcb8                __sf_fake_stdout
 .rodata._vfprintf_r.str1.1
                0x000000000800bcd8       0x11 /usr/lib/gcc/arm-none-eabi/9.2.0/../../../../arm-none-eabi/lib/thumb/v7e-m+fp/hard/libg_nano.a(lib_a-nano-vfprintf.o)
 .rodata._printf_i.str1.1
                0x000000000800bce9       0x22 /usr/lib/gcc/arm-none-eabi/9.2.0/../../../../arm-none-eabi/lib/thumb/v7e-m+fp/hard/libg_nano.a(lib_a-nano-vfprintf_i.o)
                0x000000000800bd0c                . = ALIGN (0x4)
 *fill*         0x000000000800bd0b        0x1 

.ARM.extab      0x000000000800bd0c       0x54
 *(.ARM.extab* .gnu.linkonce.armextab.*)
 .ARM.extab.text._ZSt4fabsf
                0x000000000800bd0c        0x0 CMakeFiles/firmware.elf.dir/Src/PIDController.cpp.obj
 .ARM.extab.text._Z7isCloseff
                0x000000000800bd0c        0x0 CMakeFiles/firmware.elf.dir/Src/PIDController.cpp.obj
 .ARM.extab.text._Z5clampIfET_S0_S0_S0_
                0x000000000800bd0c        0x0 CMakeFiles/firmware.elf.dir/Src/PIDController.cpp.obj
 .ARM.extab.text._Z3minIfET_S0_S0_
                0x000000000800bd0c        0x0 CMakeFiles/firmware.elf.dir/Src/PIDController.cpp.obj
 .ARM.extab.text._Z3maxIfET_S0_S0_
                0x000000000800bd0c        0x0 CMakeFiles/firmware.elf.dir/Src/PIDController.cpp.obj
 .ARM.extab.text._ZN7drv88713setEf
                0x000000000800bd0c        0xc CMakeFiles/firmware.elf.dir/Src/drv8871.cpp.obj
 .ARM.extab.text.__io_putchar
                0x000000000800bd18        0xc CMakeFiles/firmware.elf.dir/Src/main.cpp.obj
 .ARM.extab.text._ZeqRK9ENC_STATES1_
                0x000000000800bd24        0x0 CMakeFiles/firmware.elf.dir/Src/main.cpp.obj
 .ARM.extab.text._ZneRK9ENC_STATES1_
                0x000000000800bd24        0x0 CMakeFiles/firmware.elf.dir/Src/main.cpp.obj
 .ARM.extab.text._Z12getEnc1Statev
                0x000000000800bd24        0xc CMakeFiles/firmware.elf.dir/Src/main.cpp.obj
 .ARM.extab.text._Z12getEnc2Statev
                0x000000000800bd30        0xc CMakeFiles/firmware.elf.dir/Src/main.cpp.obj
 .ARM.extab.text._Z8quad_lut8pinstateS_bb
                0x000000000800bd3c        0x0 CMakeFiles/firmware.elf.dir/Src/main.cpp.obj
 .ARM.extab.text._Z11chkEncStatev
                0x000000000800bd3c        0xc CMakeFiles/firmware.elf.dir/Src/main.cpp.obj
 .ARM.extab.text.main
                0x000000000800bd48        0xc CMakeFiles/firmware.elf.dir/Src/main.cpp.obj
 .ARM.extab.text.SystemClock_Config
                0x000000000800bd54        0xc CMakeFiles/firmware.elf.dir/Src/main.cpp.obj

.ARM            0x000000000800bd60       0xe0
                0x000000000800bd60                __exidx_start = .
 *(.ARM.exidx*)
 .ARM.exidx.text._ZSt4fabsf
                0x000000000800bd60        0x8 CMakeFiles/firmware.elf.dir/Src/PIDController.cpp.obj
 .ARM.exidx.text._Z7isCloseff
                0x000000000800bd68        0x0 CMakeFiles/firmware.elf.dir/Src/PIDController.cpp.obj
                                          0x8 (size before relaxing)
 .ARM.exidx.text._Z5clampIfET_S0_S0_S0_
                0x000000000800bd68        0x0 CMakeFiles/firmware.elf.dir/Src/PIDController.cpp.obj
                                          0x8 (size before relaxing)
 .ARM.exidx.text._Z3minIfET_S0_S0_
                0x000000000800bd68        0x0 CMakeFiles/firmware.elf.dir/Src/PIDController.cpp.obj
                                          0x8 (size before relaxing)
 .ARM.exidx.text._Z3maxIfET_S0_S0_
                0x000000000800bd68        0x0 CMakeFiles/firmware.elf.dir/Src/PIDController.cpp.obj
                                          0x8 (size before relaxing)
 .ARM.exidx.text._ZN7drv8871C2E6pindefS0_PK17TIM_HandleTypeDefhh
                0x000000000800bd68        0x0 CMakeFiles/firmware.elf.dir/Src/drv8871.cpp.obj
                                          0x8 (size before relaxing)
 .ARM.exidx.text._ZN7drv88713setEf
                0x000000000800bd68       0x10 CMakeFiles/firmware.elf.dir/Src/drv8871.cpp.obj
                                          0x8 (size before relaxing)
 .ARM.exidx.text.__io_putchar
                0x000000000800bd78        0x8 CMakeFiles/firmware.elf.dir/Src/main.cpp.obj
 .ARM.exidx.text._ZeqRK9ENC_STATES1_
                0x000000000800bd80        0x8 CMakeFiles/firmware.elf.dir/Src/main.cpp.obj
 .ARM.exidx.text._ZneRK9ENC_STATES1_
                0x000000000800bd88        0x0 CMakeFiles/firmware.elf.dir/Src/main.cpp.obj
                                          0x8 (size before relaxing)
 .ARM.exidx.text._Z12getEnc1Statev
                0x000000000800bd88        0x8 CMakeFiles/firmware.elf.dir/Src/main.cpp.obj
 .ARM.exidx.text._Z12getEnc2Statev
                0x000000000800bd90        0x8 CMakeFiles/firmware.elf.dir/Src/main.cpp.obj
 .ARM.exidx.text._Z8quad_lut8pinstateS_bb
                0x000000000800bd98        0x8 CMakeFiles/firmware.elf.dir/Src/main.cpp.obj
 .ARM.exidx.text._Z11chkEncStatev
                0x000000000800bda0        0x8 CMakeFiles/firmware.elf.dir/Src/main.cpp.obj
 .ARM.exidx.text.main
                0x000000000800bda8        0x8 CMakeFiles/firmware.elf.dir/Src/main.cpp.obj
 .ARM.exidx.text.SystemClock_Config
                0x000000000800bdb0        0x8 CMakeFiles/firmware.elf.dir/Src/main.cpp.obj
 .ARM.exidx.text.Error_Handler
                0x000000000800bdb8        0x8 CMakeFiles/firmware.elf.dir/Src/main.cpp.obj
 .ARM.exidx.text._Z41__static_initialization_and_destruction_0ii
                0x000000000800bdc0        0x0 CMakeFiles/firmware.elf.dir/Src/main.cpp.obj
                                          0x8 (size before relaxing)
 .ARM.exidx.text._GLOBAL__sub_I_addr
                0x000000000800bdc0        0x0 CMakeFiles/firmware.elf.dir/Src/main.cpp.obj
                                          0x8 (size before relaxing)
 .ARM.exidx.text.__udivmoddi4
                0x000000000800bdc0        0x0 /usr/lib/gcc/arm-none-eabi/9.2.0/thumb/v7e-m+fp/hard/libgcc.a(_udivmoddi4.o)
                                          0x8 (size before relaxing)
 .ARM.exidx.text.selfrel_offset31
                0x000000000800bdc0        0x0 /usr/lib/gcc/arm-none-eabi/9.2.0/thumb/v7e-m+fp/hard/libgcc.a(unwind-arm.o)
                                          0x8 (size before relaxing)
 .ARM.exidx.text.search_EIT_table
                0x000000000800bdc0        0x0 /usr/lib/gcc/arm-none-eabi/9.2.0/thumb/v7e-m+fp/hard/libgcc.a(unwind-arm.o)
                                          0x8 (size before relaxing)
 .ARM.exidx.text.__gnu_unwind_get_pr_addr
                0x000000000800bdc0        0x0 /usr/lib/gcc/arm-none-eabi/9.2.0/thumb/v7e-m+fp/hard/libgcc.a(unwind-arm.o)
                                          0x8 (size before relaxing)
 .ARM.exidx.text.get_eit_entry
                0x000000000800bdc0        0x8 /usr/lib/gcc/arm-none-eabi/9.2.0/thumb/v7e-m+fp/hard/libgcc.a(unwind-arm.o)
 .ARM.exidx.text.restore_non_core_regs
                0x000000000800bdc8        0x8 /usr/lib/gcc/arm-none-eabi/9.2.0/thumb/v7e-m+fp/hard/libgcc.a(unwind-arm.o)
 .ARM.exidx.text._Unwind_decode_typeinfo_ptr.isra.0
                0x000000000800bdd0        0x8 /usr/lib/gcc/arm-none-eabi/9.2.0/thumb/v7e-m+fp/hard/libgcc.a(unwind-arm.o)
 .ARM.exidx.text._Unwind_DebugHook
                0x000000000800bdd8        0x0 /usr/lib/gcc/arm-none-eabi/9.2.0/thumb/v7e-m+fp/hard/libgcc.a(unwind-arm.o)
                                          0x8 (size before relaxing)
 .ARM.exidx.text.unwind_phase2
                0x000000000800bdd8        0x8 /usr/lib/gcc/arm-none-eabi/9.2.0/thumb/v7e-m+fp/hard/libgcc.a(unwind-arm.o)
 .ARM.exidx.text.unwind_phase2_forced
                0x000000000800bde0        0x8 /usr/lib/gcc/arm-none-eabi/9.2.0/thumb/v7e-m+fp/hard/libgcc.a(unwind-arm.o)
 .ARM.exidx.text.__gnu_Unwind_RaiseException
                0x000000000800bde8        0x8 /usr/lib/gcc/arm-none-eabi/9.2.0/thumb/v7e-m+fp/hard/libgcc.a(unwind-arm.o)
 .ARM.exidx.text.__gnu_Unwind_ForcedUnwind
                0x000000000800bdf0        0x8 /usr/lib/gcc/arm-none-eabi/9.2.0/thumb/v7e-m+fp/hard/libgcc.a(unwind-arm.o)
 .ARM.exidx.text.__gnu_Unwind_Resume
                0x000000000800bdf8        0x8 /usr/lib/gcc/arm-none-eabi/9.2.0/thumb/v7e-m+fp/hard/libgcc.a(unwind-arm.o)
 .ARM.exidx.text.__gnu_Unwind_Resume_or_Rethrow
                0x000000000800be00        0x8 /usr/lib/gcc/arm-none-eabi/9.2.0/thumb/v7e-m+fp/hard/libgcc.a(unwind-arm.o)
 .ARM.exidx.text._Unwind_VRS_Get
                0x000000000800be08        0x0 /usr/lib/gcc/arm-none-eabi/9.2.0/thumb/v7e-m+fp/hard/libgcc.a(unwind-arm.o)
                                          0x8 (size before relaxing)