Archive member included to satisfy reference by file (symbol)

/usr/lib/gcc/arm-none-eabi/9.2.0/../../../../arm-none-eabi/lib/thumb/v7e-m+fp/hard/libstdc++_nano.a(new_op.o)
                              CMakeFiles/firmware.elf.dir/Src/main.cpp.obj (operator new(unsigned int))
/usr/lib/gcc/arm-none-eabi/9.2.0/../../../../arm-none-eabi/lib/thumb/v7e-m+fp/hard/libstdc++_nano.a(new_handler.o)
                              /usr/lib/gcc/arm-none-eabi/9.2.0/../../../../arm-none-eabi/lib/thumb/v7e-m+fp/hard/libstdc++_nano.a(new_op.o) (std::get_new_handler())
/usr/lib/gcc/arm-none-eabi/9.2.0/../../../../arm-none-eabi/lib/thumb/v7e-m+fp/hard/libm.a(lib_a-sf_round.o)
                              CMakeFiles/firmware.elf.dir/Src/servo.cpp.obj (roundf)
/usr/lib/gcc/arm-none-eabi/9.2.0/../../../../arm-none-eabi/lib/thumb/v7e-m+fp/hard/libm.a(lib_a-s_signbit.o)
                              CMakeFiles/firmware.elf.dir/Src/drv8871.cpp.obj (__signbitf)
/usr/lib/gcc/arm-none-eabi/9.2.0/thumb/v7e-m+fp/hard/libgcc.a(_arm_addsubdf3.o)
                              CMakeFiles/firmware.elf.dir/Src/main.cpp.obj (__aeabi_f2d)
/usr/lib/gcc/arm-none-eabi/9.2.0/thumb/v7e-m+fp/hard/libgcc.a(_arm_truncdfsf2.o)
                              CMakeFiles/firmware.elf.dir/Src/main.cpp.obj (__aeabi_d2f)
/usr/lib/gcc/arm-none-eabi/9.2.0/thumb/v7e-m+fp/hard/libgcc.a(_aeabi_ldivmod.o)
                              CMakeFiles/firmware.elf.dir/Drivers/STM32F4xx_HAL_Driver/Src/stm32f4xx_hal_rcc.c.obj (__aeabi_ldivmod)
/usr/lib/gcc/arm-none-eabi/9.2.0/thumb/v7e-m+fp/hard/libgcc.a(_aeabi_uldivmod.o)
                              CMakeFiles/firmware.elf.dir/Drivers/STM32F4xx_HAL_Driver/Src/stm32f4xx_hal_rcc.c.obj (__aeabi_uldivmod)
/usr/lib/gcc/arm-none-eabi/9.2.0/thumb/v7e-m+fp/hard/libgcc.a(_udivmoddi4.o)
                              /usr/lib/gcc/arm-none-eabi/9.2.0/thumb/v7e-m+fp/hard/libgcc.a(_aeabi_ldivmod.o) (__udivmoddi4)
/usr/lib/gcc/arm-none-eabi/9.2.0/thumb/v7e-m+fp/hard/libgcc.a(unwind-arm.o)
                              CMakeFiles/firmware.elf.dir/Src/PIDController.cpp.obj (__aeabi_unwind_cpp_pr0)
/usr/lib/gcc/arm-none-eabi/9.2.0/thumb/v7e-m+fp/hard/libgcc.a(libunwind.o)
                              /usr/lib/gcc/arm-none-eabi/9.2.0/thumb/v7e-m+fp/hard/libgcc.a(unwind-arm.o) (restore_core_regs)
/usr/lib/gcc/arm-none-eabi/9.2.0/thumb/v7e-m+fp/hard/libgcc.a(pr-support.o)
                              /usr/lib/gcc/arm-none-eabi/9.2.0/thumb/v7e-m+fp/hard/libgcc.a(unwind-arm.o) (__gnu_unwind_execute)
/usr/lib/gcc/arm-none-eabi/9.2.0/thumb/v7e-m+fp/hard/libgcc.a(_dvmd_tls.o)
                              /usr/lib/gcc/arm-none-eabi/9.2.0/thumb/v7e-m+fp/hard/libgcc.a(_aeabi_ldivmod.o) (__aeabi_ldiv0)
/usr/lib/gcc/arm-none-eabi/9.2.0/../../../../arm-none-eabi/lib/thumb/v7e-m+fp/hard/libg_nano.a(lib_a-abort.o)
                              /usr/lib/gcc/arm-none-eabi/9.2.0/../../../../arm-none-eabi/lib/thumb/v7e-m+fp/hard/libstdc++_nano.a(new_op.o) (abort)
/usr/lib/gcc/arm-none-eabi/9.2.0/../../../../arm-none-eabi/lib/thumb/v7e-m+fp/hard/libg_nano.a(lib_a-atexit.o)
                              /usr/lib/gcc/arm-none-eabi/9.2.0/../../../../arm-none-eabi/lib/thumb/v7e-m+fp/hard/crt0.o (atexit)
/usr/lib/gcc/arm-none-eabi/9.2.0/../../../../arm-none-eabi/lib/thumb/v7e-m+fp/hard/libg_nano.a(lib_a-atof.o)
                              CMakeFiles/firmware.elf.dir/Src/main.cpp.obj (atof)
/usr/lib/gcc/arm-none-eabi/9.2.0/../../../../arm-none-eabi/lib/thumb/v7e-m+fp/hard/libg_nano.a(lib_a-errno.o)
                              CMakeFiles/firmware.elf.dir/Src/syscalls.c.obj (__errno)
/usr/lib/gcc/arm-none-eabi/9.2.0/../../../../arm-none-eabi/lib/thumb/v7e-m+fp/hard/libg_nano.a(lib_a-exit.o)
                              /usr/lib/gcc/arm-none-eabi/9.2.0/../../../../arm-none-eabi/lib/thumb/v7e-m+fp/hard/crt0.o (exit)
/usr/lib/gcc/arm-none-eabi/9.2.0/../../../../arm-none-eabi/lib/thumb/v7e-m+fp/hard/libg_nano.a(lib_a-fini.o)
                              /usr/lib/gcc/arm-none-eabi/9.2.0/../../../../arm-none-eabi/lib/thumb/v7e-m+fp/hard/crt0.o (__libc_fini_array)
/usr/lib/gcc/arm-none-eabi/9.2.0/../../../../arm-none-eabi/lib/thumb/v7e-m+fp/hard/libg_nano.a(lib_a-impure.o)
                              /usr/lib/gcc/arm-none-eabi/9.2.0/../../../../arm-none-eabi/lib/thumb/v7e-m+fp/hard/libg_nano.a(lib_a-exit.o) (_global_impure_ptr)
/usr/lib/gcc/arm-none-eabi/9.2.0/../../../../arm-none-eabi/lib/thumb/v7e-m+fp/hard/libg_nano.a(lib_a-init.o)
                              /usr/lib/gcc/arm-none-eabi/9.2.0/../../../../arm-none-eabi/lib/thumb/v7e-m+fp/hard/crt0.o (__libc_init_array)
/usr/lib/gcc/arm-none-eabi/9.2.0/../../../../arm-none-eabi/lib/thumb/v7e-m+fp/hard/libg_nano.a(lib_a-malloc.o)
                              CMakeFiles/firmware.elf.dir/Middlewares/ST/STM32_USB_Device_Library/Class/CDC/Src/usbd_cdc.c.obj (malloc)
/usr/lib/gcc/arm-none-eabi/9.2.0/../../../../arm-none-eabi/lib/thumb/v7e-m+fp/hard/libg_nano.a(lib_a-memcpy-stub.o)
[...]
Memory Configuration

Name             Origin             Length             Attributes
RAM              0x0000000020000000 0x0000000000020000 xrw
FLASH            0x0000000008000000 0x0000000000080000 xr
*default*        0x0000000000000000 0xffffffffffffffff

Linker script and memory map

LOAD /usr/lib/gcc/arm-none-eabi/9.2.0/thumb/v7e-m+fp/hard/crti.o
LOAD /usr/lib/gcc/arm-none-eabi/9.2.0/thumb/v7e-m+fp/hard/crtbegin.o
LOAD /usr/lib/gcc/arm-none-eabi/9.2.0/../../../../arm-none-eabi/lib/thumb/v7e-m+fp/hard/crt0.o
LOAD CMakeFiles/firmware.elf.dir/Drivers/STM32F4xx_HAL_Driver/Src/stm32f4xx_hal.c.obj
LOAD CMakeFiles/firmware.elf.dir/Drivers/STM32F4xx_HAL_Driver/Src/stm32f4xx_hal_adc.c.obj
LOAD CMakeFiles/firmware.elf.dir/Drivers/STM32F4xx_HAL_Driver/Src/stm32f4xx_hal_adc_ex.c.obj
LOAD CMakeFiles/firmware.elf.dir/Drivers/STM32F4xx_HAL_Driver/Src/stm32f4xx_hal_cortex.c.obj
LOAD CMakeFiles/firmware.elf.dir/Drivers/STM32F4xx_HAL_Driver/Src/stm32f4xx_hal_dma.c.obj
LOAD CMakeFiles/firmware.elf.dir/Drivers/STM32F4xx_HAL_Driver/Src/stm32f4xx_hal_dma_ex.c.obj
LOAD CMakeFiles/firmware.elf.dir/Drivers/STM32F4xx_HAL_Driver/Src/stm32f4xx_hal_exti.c.obj
LOAD CMakeFiles/firmware.elf.dir/Drivers/STM32F4xx_HAL_Driver/Src/stm32f4xx_hal_flash.c.obj
LOAD CMakeFiles/firmware.elf.dir/Drivers/STM32F4xx_HAL_Driver/Src/stm32f4xx_hal_flash_ex.c.obj
LOAD CMakeFiles/firmware.elf.dir/Drivers/STM32F4xx_HAL_Driver/Src/stm32f4xx_hal_flash_ramfunc.c.obj
LOAD CMakeFiles/firmware.elf.dir/Drivers/STM32F4xx_HAL_Driver/Src/stm32f4xx_hal_gpio.c.obj
LOAD CMakeFiles/firmware.elf.dir/Drivers/STM32F4xx_HAL_Driver/Src/stm32f4xx_hal_i2c.c.obj
LOAD CMakeFiles/firmware.elf.dir/Drivers/STM32F4xx_HAL_Driver/Src/stm32f4xx_hal_i2c_ex.c.obj
LOAD CMakeFiles/firmware.elf.dir/Drivers/STM32F4xx_HAL_Driver/Src/stm32f4xx_hal_pcd.c.obj
LOAD CMakeFiles/firmware.elf.dir/Drivers/STM32F4xx_HAL_Driver/Src/stm32f4xx_hal_pcd_ex.c.obj
LOAD CMakeFiles/firmware.elf.dir/Drivers/STM32F4xx_HAL_Driver/Src/stm32f4xx_hal_pwr.c.obj
LOAD CMakeFiles/firmware.elf.dir/Drivers/STM32F4xx_HAL_Driver/Src/stm32f4xx_hal_pwr_ex.c.obj
LOAD CMakeFiles/firmware.elf.dir/Drivers/STM32F4xx_HAL_Driver/Src/stm32f4xx_hal_rcc.c.obj
LOAD CMakeFiles/firmware.elf.dir/Drivers/STM32F4xx_HAL_Driver/Src/stm32f4xx_hal_rcc_ex.c.obj
LOAD CMakeFiles/firmware.elf.dir/Drivers/STM32F4xx_HAL_Driver/Src/stm32f4xx_hal_tim.c.obj
LOAD CMakeFiles/firmware.elf.dir/Drivers/STM32F4xx_HAL_Driver/Src/stm32f4xx_hal_tim_ex.c.obj
LOAD CMakeFiles/firmware.elf.dir/Drivers/STM32F4xx_HAL_Driver/Src/stm32f4xx_hal_uart.c.obj
LOAD CMakeFiles/firmware.elf.dir/Drivers/STM32F4xx_HAL_Driver/Src/stm32f4xx_ll_usb.c.obj
LOAD CMakeFiles/firmware.elf.dir/Middlewares/ST/STM32_USB_Device_Library/Class/CDC/Src/usbd_cdc.c.obj
LOAD CMakeFiles/firmware.elf.dir/Middlewares/ST/STM32_USB_Device_Library/Core/Src/usbd_core.c.obj
LOAD CMakeFiles/firmware.elf.dir/Middlewares/ST/STM32_USB_Device_Library/Core/Src/usbd_ctlreq.c.obj
LOAD CMakeFiles/firmware.elf.dir/Middlewares/ST/STM32_USB_Device_Library/Core/Src/usbd_ioreq.c.obj
LOAD CMakeFiles/firmware.elf.dir/Src/CascadingPIDController.cpp.obj
LOAD CMakeFiles/firmware.elf.dir/Src/PIDController.cpp.obj
LOAD CMakeFiles/firmware.elf.dir/Src/adc.c.obj
LOAD CMakeFiles/firmware.elf.dir/Src/drv8871.cpp.obj
LOAD CMakeFiles/firmware.elf.dir/Src/gpio.c.obj
LOAD CMakeFiles/firmware.elf.dir/Src/i2c.c.obj
LOAD CMakeFiles/firmware.elf.dir/Src/main.cpp.obj
LOAD CMakeFiles/firmware.elf.dir/Src/quadratureslave.cpp.obj
LOAD CMakeFiles/firmware.elf.dir/Src/servo.cpp.obj
LOAD CMakeFiles/firmware.elf.dir/Src/stm32f4xx_hal_msp.c.obj
LOAD CMakeFiles/firmware.elf.dir/Src/stm32f4xx_it.c.obj
LOAD CMakeFiles/firmware.elf.dir/Src/syscalls.c.obj
LOAD CMakeFiles/firmware.elf.dir/Src/system_stm32f4xx.c.obj
LOAD CMakeFiles/firmware.elf.dir/Src/tim.c.obj
LOAD CMakeFiles/firmware.elf.dir/Src/usart.c.obj
LOAD CMakeFiles/firmware.elf.dir/Src/usb_device.c.obj
LOAD CMakeFiles/firmware.elf.dir/Src/usbd_cdc_if.c.obj
LOAD CMakeFiles/firmware.elf.dir/Src/usbd_conf.c.obj
LOAD CMakeFiles/firmware.elf.dir/Src/usbd_desc.c.obj
LOAD CMakeFiles/firmware.elf.dir/startup/startup_stm32f446xx.s.obj
LOAD /usr/lib/gcc/arm-none-eabi/9.2.0/../../../../arm-none-eabi/lib/thumb/v7e-m+fp/hard/libstdc++_nano.a
LOAD /usr/lib/gcc/arm-none-eabi/9.2.0/../../../../arm-none-eabi/lib/thumb/v7e-m+fp/hard/libm.a
START GROUP
LOAD /usr/lib/gcc/arm-none-eabi/9.2.0/thumb/v7e-m+fp/hard/libgcc.a
LOAD /usr/lib/gcc/arm-none-eabi/9.2.0/../../../../arm-none-eabi/lib/thumb/v7e-m+fp/hard/libg_nano.a
LOAD /usr/lib/gcc/arm-none-eabi/9.2.0/../../../../arm-none-eabi/lib/thumb/v7e-m+fp/hard/libc_nano.a
END GROUP
START GROUP
LOAD /usr/lib/gcc/arm-none-eabi/9.2.0/thumb/v7e-m+fp/hard/libgcc.a
LOAD /usr/lib/gcc/arm-none-eabi/9.2.0/../../../../arm-none-eabi/lib/thumb/v7e-m+fp/hard/libc_nano.a
LOAD /usr/lib/gcc/arm-none-eabi/9.2.0/../../../../arm-none-eabi/lib/thumb/v7e-m+fp/hard/libnosys.a
END GROUP
START GROUP
LOAD /usr/lib/gcc/arm-none-eabi/9.2.0/thumb/v7e-m+fp/hard/libgcc.a
LOAD /usr/lib/gcc/arm-none-eabi/9.2.0/../../../../arm-none-eabi/lib/thumb/v7e-m+fp/hard/libc_nano.a
LOAD /usr/lib/gcc/arm-none-eabi/9.2.0/../../../../arm-none-eabi/lib/thumb/v7e-m+fp/hard/libnosys.a
END GROUP
LOAD /usr/lib/gcc/arm-none-eabi/9.2.0/thumb/v7e-m+fp/hard/crtend.o
LOAD /usr/lib/gcc/arm-none-eabi/9.2.0/thumb/v7e-m+fp/hard/crtn.o
                0x0000000020020000                _estack = 0x20020000
                0x0000000000000200                _Min_Heap_Size = 0x200
                0x0000000000000400                _Min_Stack_Size = 0x400

.isr_vector     0x0000000008000000      0x1c4
                0x0000000008000000                . = ALIGN (0x4)
 *(.isr_vector)
 .isr_vector    0x0000000008000000      0x1c4 CMakeFiles/firmware.elf.dir/startup/startup_stm32f446xx.s.obj
                0x0000000008000000                g_pfnVectors
                0x00000000080001c4                . = ALIGN (0x4)

.text           0x00000000080001d0     0xcc80
                0x00000000080001d0                . = ALIGN (0x4)
 *(.text)
 .text          0x00000000080001d0      0x378 /usr/lib/gcc/arm-none-eabi/9.2.0/thumb/v7e-m+fp/hard/libgcc.a(_arm_addsubdf3.o)
                0x00000000080001d0                __aeabi_drsub
                0x00000000080001d8                __aeabi_dsub
                0x00000000080001d8                __subdf3
                0x00000000080001dc                __adddf3
                0x00000000080001dc                __aeabi_dadd
                0x0000000008000454                __aeabi_ui2d
                0x0000000008000454                __floatunsidf
                0x0000000008000474                __floatsidf
                0x0000000008000474                __aeabi_i2d
                0x0000000008000498                __extendsfdf2
                0x0000000008000498                __aeabi_f2d
                0x00000000080004dc                __aeabi_ul2d
                0x00000000080004dc                __floatundidf
                0x00000000080004ec                __floatdidf
                0x00000000080004ec                __aeabi_l2d
 .text          0x0000000008000548       0xa0 /usr/lib/gcc/arm-none-eabi/9.2.0/thumb/v7e-m+fp/hard/libgcc.a(_arm_truncdfsf2.o)
                0x0000000008000548                __aeabi_d2f
                0x0000000008000548                __truncdfsf2
 .text          0x00000000080005e8       0x30 /usr/lib/gcc/arm-none-eabi/9.2.0/thumb/v7e-m+fp/hard/libgcc.a(_aeabi_uldivmod.o)
                0x00000000080005e8                __aeabi_uldivmod
 .text          0x0000000008000618      0x1ac /usr/lib/gcc/arm-none-eabi/9.2.0/thumb/v7e-m+fp/hard/libgcc.a(libunwind.o)
                0x0000000008000618                __restore_core_regs
                0x0000000008000618                restore_core_regs
                0x0000000008000630                __gnu_Unwind_Restore_VFP
                0x0000000008000638                __gnu_Unwind_Save_VFP
                0x0000000008000640                __gnu_Unwind_Restore_VFP_D
                0x0000000008000648                __gnu_Unwind_Save_VFP_D
                0x0000000008000650                __gnu_Unwind_Restore_VFP_D_16_to_31
                0x0000000008000658                __gnu_Unwind_Save_VFP_D_16_to_31
                0x0000000008000660                __gnu_Unwind_Restore_WMMXD
                0x00000000080006a4                __gnu_Unwind_Save_WMMXD
                0x00000000080006e8                __gnu_Unwind_Restore_WMMXC
                0x00000000080006fc                __gnu_Unwind_Save_WMMXC
                0x0000000008000710                ___Unwind_RaiseException
                0x0000000008000710                _Unwind_RaiseException
                0x0000000008000734                ___Unwind_Resume
                0x0000000008000734                _Unwind_Resume
                0x0000000008000758                _Unwind_Resume_or_Rethrow
                0x0000000008000758                ___Unwind_Resume_or_Rethrow
                0x000000000800077c                ___Unwind_ForcedUnwind
                0x000000000800077c                _Unwind_ForcedUnwind
                0x00000000080007a0                _Unwind_Backtrace
                0x00000000080007a0                ___Unwind_Backtrace
 .text          0x00000000080007c4        0x4 /usr/lib/gcc/arm-none-eabi/9.2.0/thumb/v7e-m+fp/hard/libgcc.a(_dvmd_tls.o)
                0x00000000080007c4                __aeabi_ldiv0
                0x00000000080007c4                __aeabi_idiv0
 .text          0x00000000080007c8       0x10 /usr/lib/gcc/arm-none-eabi/9.2.0/../../../../arm-none-eabi/lib/thumb/v7e-m+fp/hard/libg_nano.a(lib_a-strlen.o)
                0x00000000080007c8                strlen
 *fill*         0x00000000080007d8        0x8 
 .text          0x00000000080007e0       0xa0 /usr/lib/gcc/arm-none-eabi/9.2.0/../../../../arm-none-eabi/lib/thumb/v7e-m+fp/hard/libg_nano.a(lib_a-memchr.o)
                0x00000000080007e0                memchr
 .text          0x0000000008000880      0x424 /usr/lib/gcc/arm-none-eabi/9.2.0/thumb/v7e-m+fp/hard/libgcc.a(_arm_muldivdf3.o)
                0x0000000008000880                __aeabi_dmul
                0x0000000008000880                __muldf3
                0x0000000008000ad4                __aeabi_ddiv
                0x0000000008000ad4                __divdf3
 .text          0x0000000008000ca4      0x110 /usr/lib/gcc/arm-none-eabi/9.2.0/thumb/v7e-m+fp/hard/libgcc.a(_arm_cmpdf2.o)
                0x0000000008000ca4                __gtdf2
                0x0000000008000ca4                __gedf2
                0x0000000008000cac                __ltdf2
                0x0000000008000cac                __ledf2
                0x0000000008000cb4                __cmpdf2
                0x0000000008000cb4                __eqdf2
                0x0000000008000cb4                __nedf2
                0x0000000008000d30                __aeabi_cdrcmple
                0x0000000008000d40                __aeabi_cdcmple
                0x0000000008000d40                __aeabi_cdcmpeq
                0x0000000008000d50                __aeabi_dcmpeq
                0x0000000008000d64                __aeabi_dcmplt
                0x0000000008000d78                __aeabi_dcmple
                0x0000000008000d8c                __aeabi_dcmpge
                0x0000000008000da0                __aeabi_dcmpgt
 .text          0x0000000008000db4       0x2c /usr/lib/gcc/arm-none-eabi/9.2.0/thumb/v7e-m+fp/hard/libgcc.a(_arm_unorddf2.o)
                0x0000000008000db4                __aeabi_dcmpun
                0x0000000008000db4                __unorddf2
 .text          0x0000000008000de0       0x50 /usr/lib/gcc/arm-none-eabi/9.2.0/thumb/v7e-m+fp/hard/libgcc.a(_arm_fixdfsi.o)
                0x0000000008000de0                __fixdfsi
                0x0000000008000de0                __aeabi_d2iz
 .text          0x0000000008000e30       0x40 /usr/lib/gcc/arm-none-eabi/9.2.0/thumb/v7e-m+fp/hard/libgcc.a(_arm_fixunsdfsi.o)
                0x0000000008000e30                __fixunsdfsi
                0x0000000008000e30                __aeabi_d2uiz
 *(.text*)
 .text.__do_global_dtors_aux
                0x0000000008000e70       0x24 /usr/lib/gcc/arm-none-eabi/9.2.0/thumb/v7e-m+fp/hard/crtbegin.o
 .text.frame_dummy
                0x0000000008000e94       0x1c /usr/lib/gcc/arm-none-eabi/9.2.0/thumb/v7e-m+fp/hard/crtbegin.o
 .text.HAL_InitTick
                0x0000000008000eb0       0x48 CMakeFiles/firmware.elf.dir/Drivers/STM32F4xx_HAL_Driver/Src/stm32f4xx_hal.c.obj
                0x0000000008000eb0                HAL_InitTick
 .text.HAL_Init
                0x0000000008000ef8       0x34 CMakeFiles/firmware.elf.dir/Drivers/STM32F4xx_HAL_Driver/Src/stm32f4xx_hal.c.obj
                0x0000000008000ef8                HAL_Init
 .text.HAL_IncTick
                0x0000000008000f2c       0x18 CMakeFiles/firmware.elf.dir/Drivers/STM32F4xx_HAL_Driver/Src/stm32f4xx_hal.c.obj
                0x0000000008000f2c                HAL_IncTick
 .text.HAL_GetTick
                0x0000000008000f44        0xc CMakeFiles/firmware.elf.dir/Drivers/STM32F4xx_HAL_Driver/Src/stm32f4xx_hal.c.obj
                0x0000000008000f44                HAL_GetTick
 .text.HAL_Delay
                0x0000000008000f50       0x24 CMakeFiles/firmware.elf.dir/Drivers/STM32F4xx_HAL_Driver/Src/stm32f4xx_hal.c.obj
                0x0000000008000f50                HAL_Delay
 .text.HAL_ADC_Init
                0x0000000008000f74      0x15c CMakeFiles/firmware.elf.dir/Drivers/STM32F4xx_HAL_Driver/Src/stm32f4xx_hal_adc.c.obj
                0x0000000008000f74                HAL_ADC_Init
 .text.HAL_ADC_ConfigChannel
                0x00000000080010d0      0x170 CMakeFiles/firmware.elf.dir/Drivers/STM32F4xx_HAL_Driver/Src/stm32f4xx_hal_adc.c.obj
                0x00000000080010d0                HAL_ADC_ConfigChannel
 .text.HAL_NVIC_SetPriorityGrouping
                0x0000000008001240       0x28 CMakeFiles/firmware.elf.dir/Drivers/STM32F4xx_HAL_Driver/Src/stm32f4xx_hal_cortex.c.obj
                0x0000000008001240                HAL_NVIC_SetPriorityGrouping
 .text.HAL_NVIC_SetPriority
                0x0000000008001268       0x6c CMakeFiles/firmware.elf.dir/Drivers/STM32F4xx_HAL_Driver/Src/stm32f4xx_hal_cortex.c.obj
                0x0000000008001268                HAL_NVIC_SetPriority
 .text.HAL_NVIC_EnableIRQ
                0x00000000080012d4       0x1c CMakeFiles/firmware.elf.dir/Drivers/STM32F4xx_HAL_Driver/Src/stm32f4xx_hal_cortex.c.obj
                0x00000000080012d4                HAL_NVIC_EnableIRQ
 .text.HAL_SYSTICK_Config
                0x00000000080012f0       0x34 CMakeFiles/firmware.elf.dir/Drivers/STM32F4xx_HAL_Driver/Src/stm32f4xx_hal_cortex.c.obj
                0x00000000080012f0                HAL_SYSTICK_Config
 .text.HAL_GPIO_Init
                0x0000000008001324      0x234 CMakeFiles/firmware.elf.dir/Drivers/STM32F4xx_HAL_Driver/Src/stm32f4xx_hal_gpio.c.obj
                0x0000000008001324                HAL_GPIO_Init
 .text.HAL_GPIO_ReadPin
                0x0000000008001558        0xc CMakeFiles/firmware.elf.dir/Drivers/STM32F4xx_HAL_Driver/Src/stm32f4xx_hal_gpio.c.obj
                0x0000000008001558                HAL_GPIO_ReadPin
 .text.HAL_GPIO_WritePin
                0x0000000008001564        0x8 CMakeFiles/firmware.elf.dir/Drivers/STM32F4xx_HAL_Driver/Src/stm32f4xx_hal_gpio.c.obj
                0x0000000008001564                HAL_GPIO_WritePin
 .text.HAL_I2C_Init
                0x000000000800156c      0x178 CMakeFiles/firmware.elf.dir/Drivers/STM32F4xx_HAL_Driver/Src/stm32f4xx_hal_i2c.c.obj
                0x000000000800156c                HAL_I2C_Init
 .text.HAL_PCD_Init
                0x00000000080016e4      0x128 CMakeFiles/firmware.elf.dir/Drivers/STM32F4xx_HAL_Driver/Src/stm32f4xx_hal_pcd.c.obj
                0x00000000080016e4                HAL_PCD_Init
 .text.HAL_PCD_Start
                0x000000000800180c       0x40 CMakeFiles/firmware.elf.dir/Drivers/STM32F4xx_HAL_Driver/Src/stm32f4xx_hal_pcd.c.obj
                0x000000000800180c                HAL_PCD_Start
 .text.HAL_PCD_IRQHandler
                0x000000000800184c      0x6d0 CMakeFiles/firmware.elf.dir/Drivers/STM32F4xx_HAL_Driver/Src/stm32f4xx_hal_pcd.c.obj
                0x000000000800184c                HAL_PCD_IRQHandler
 .text.HAL_PCD_SetAddress
                0x0000000008001f1c       0x28 CMakeFiles/firmware.elf.dir/Drivers/STM32F4xx_HAL_Driver/Src/stm32f4xx_hal_pcd.c.obj
                0x0000000008001f1c                HAL_PCD_SetAddress
 .text.HAL_PCD_EP_Open
                0x0000000008001f44       0x6c CMakeFiles/firmware.elf.dir/Drivers/STM32F4xx_HAL_Driver/Src/stm32f4xx_hal_pcd.c.obj
                0x0000000008001f44                HAL_PCD_EP_Open
 .text.HAL_PCD_EP_Close
                0x0000000008001fb0       0x64 CMakeFiles/firmware.elf.dir/Drivers/STM32F4xx_HAL_Driver/Src/stm32f4xx_hal_pcd.c.obj
                0x0000000008001fb0                HAL_PCD_EP_Close
 .text.HAL_PCD_EP_Receive
                0x0000000008002014       0x50 CMakeFiles/firmware.elf.dir/Drivers/STM32F4xx_HAL_Driver/Src/stm32f4xx_hal_pcd.c.obj
                0x0000000008002014                HAL_PCD_EP_Receive
 .text.HAL_PCD_EP_GetRxCount
                0x0000000008002064       0x14 CMakeFiles/firmware.elf.dir/Drivers/STM32F4xx_HAL_Driver/Src/stm32f4xx_hal_pcd.c.obj
                0x0000000008002064                HAL_PCD_EP_GetRxCount
 .text.HAL_PCD_EP_Transmit
                0x0000000008002078       0x48 CMakeFiles/firmware.elf.dir/Drivers/STM32F4xx_HAL_Driver/Src/stm32f4xx_hal_pcd.c.obj
                0x0000000008002078                HAL_PCD_EP_Transmit
 .text.HAL_PCD_EP_SetStall
                0x00000000080020c0       0x88 CMakeFiles/firmware.elf.dir/Drivers/STM32F4xx_HAL_Driver/Src/stm32f4xx_hal_pcd.c.obj
                0x00000000080020c0                HAL_PCD_EP_SetStall
 .text.HAL_PCD_EP_ClrStall
                0x0000000008002148       0x70 CMakeFiles/firmware.elf.dir/Drivers/STM32F4xx_HAL_Driver/Src/stm32f4xx_hal_pcd.c.obj
                0x0000000008002148                HAL_PCD_EP_ClrStall
 .text.HAL_PCDEx_SetTxFiFo
                0x00000000080021b8       0x48 CMakeFiles/firmware.elf.dir/Drivers/STM32F4xx_HAL_Driver/Src/stm32f4xx_hal_pcd_ex.c.obj
                0x00000000080021b8                HAL_PCDEx_SetTxFiFo
 .text.HAL_PCDEx_SetRxFiFo
                0x0000000008002200        0x8 CMakeFiles/firmware.elf.dir/Drivers/STM32F4xx_HAL_Driver/Src/stm32f4xx_hal_pcd_ex.c.obj
                0x0000000008002200                HAL_PCDEx_SetRxFiFo
 .text.HAL_PCDEx_ActivateLPM
                0x0000000008002208       0x2c CMakeFiles/firmware.elf.dir/Drivers/STM32F4xx_HAL_Driver/Src/stm32f4xx_hal_pcd_ex.c.obj
                0x0000000008002208                HAL_PCDEx_ActivateLPM
 .text.HAL_RCC_ClockConfig
                0x0000000008002234      0x134 CMakeFiles/firmware.elf.dir/Drivers/STM32F4xx_HAL_Driver/Src/stm32f4xx_hal_rcc.c.obj
                0x0000000008002234                HAL_RCC_ClockConfig
 .text.HAL_RCC_GetHCLKFreq
                0x0000000008002368        0xc CMakeFiles/firmware.elf.dir/Drivers/STM32F4xx_HAL_Driver/Src/stm32f4xx_hal_rcc.c.obj
                0x0000000008002368                HAL_RCC_GetHCLKFreq
 .text.HAL_RCC_GetPCLK1Freq
                0x0000000008002374       0x20 CMakeFiles/firmware.elf.dir/Drivers/STM32F4xx_HAL_Driver/Src/stm32f4xx_hal_rcc.c.obj
                0x0000000008002374                HAL_RCC_GetPCLK1Freq
 .text.HAL_RCC_GetPCLK2Freq
                0x0000000008002394       0x20 CMakeFiles/firmware.elf.dir/Drivers/STM32F4xx_HAL_Driver/Src/stm32f4xx_hal_rcc.c.obj
                0x0000000008002394                HAL_RCC_GetPCLK2Freq
 .text.HAL_RCCEx_PeriphCLKConfig
                0x00000000080023b4      0x428 CMakeFiles/firmware.elf.dir/Drivers/STM32F4xx_HAL_Driver/Src/stm32f4xx_hal_rcc_ex.c.obj
                0x00000000080023b4                HAL_RCCEx_PeriphCLKConfig
 .text.HAL_RCC_GetSysClockFreq
                0x00000000080027dc       0xb0 CMakeFiles/firmware.elf.dir/Drivers/STM32F4xx_HAL_Driver/Src/stm32f4xx_hal_rcc_ex.c.obj
                0x00000000080027dc                HAL_RCC_GetSysClockFreq
 .text.HAL_RCC_OscConfig
                0x000000000800288c      0x3a8 CMakeFiles/firmware.elf.dir/Drivers/STM32F4xx_HAL_Driver/Src/stm32f4xx_hal_rcc_ex.c.obj
                0x000000000800288c                HAL_RCC_OscConfig
 .text.HAL_TIM_Base_Init
                0x0000000008002c34       0xe0 CMakeFiles/firmware.elf.dir/Drivers/STM32F4xx_HAL_Driver/Src/stm32f4xx_hal_tim.c.obj
                0x0000000008002c34                HAL_TIM_Base_Init
 .text.HAL_TIM_PWM_Init
                0x0000000008002d14       0xe0 CMakeFiles/firmware.elf.dir/Drivers/STM32F4xx_HAL_Driver/Src/stm32f4xx_hal_tim.c.obj
                0x0000000008002d14                HAL_TIM_PWM_Init
 .text.HAL_TIM_PWM_Start
                0x0000000008002df4       0x54 CMakeFiles/firmware.elf.dir/Drivers/STM32F4xx_HAL_Driver/Src/stm32f4xx_hal_tim.c.obj
                0x0000000008002df4                HAL_TIM_PWM_Start
 .text.HAL_TIM_PWM_ConfigChannel
                0x0000000008002e48      0x218 CMakeFiles/firmware.elf.dir/Drivers/STM32F4xx_HAL_Driver/Src/stm32f4xx_hal_tim.c.obj
                0x0000000008002e48                HAL_TIM_PWM_ConfigChannel
 .text.HAL_TIMEx_MasterConfigSynchronization
                0x0000000008003060       0x44 CMakeFiles/firmware.elf.dir/Drivers/STM32F4xx_HAL_Driver/Src/stm32f4xx_hal_tim_ex.c.obj
                0x0000000008003060                HAL_TIMEx_MasterConfigSynchronization
 .text.HAL_TIMEx_ConfigBreakDeadTime
                0x00000000080030a4       0x54 CMakeFiles/firmware.elf.dir/Drivers/STM32F4xx_HAL_Driver/Src/stm32f4xx_hal_tim_ex.c.obj
                0x00000000080030a4                HAL_TIMEx_ConfigBreakDeadTime
 .text.UART_SetConfig
                0x00000000080030f8      0x2b8 CMakeFiles/firmware.elf.dir/Drivers/STM32F4xx_HAL_Driver/Src/stm32f4xx_hal_uart.c.obj
 .text.HAL_UART_Init
                0x00000000080033b0       0x60 CMakeFiles/firmware.elf.dir/Drivers/STM32F4xx_HAL_Driver/Src/stm32f4xx_hal_uart.c.obj
                0x00000000080033b0                HAL_UART_Init
 .text.HAL_UART_Transmit
                0x0000000008003410      0x128 CMakeFiles/firmware.elf.dir/Drivers/STM32F4xx_HAL_Driver/Src/stm32f4xx_hal_uart.c.obj
                0x0000000008003410                HAL_UART_Transmit
 .text.HAL_UART_Receive
                0x0000000008003538       0xfc CMakeFiles/firmware.elf.dir/Drivers/STM32F4xx_HAL_Driver/Src/stm32f4xx_hal_uart.c.obj
                0x0000000008003538                HAL_UART_Receive
 .text.USB_CoreInit
                0x0000000008003634       0xd4 CMakeFiles/firmware.elf.dir/Drivers/STM32F4xx_HAL_Driver/Src/stm32f4xx_ll_usb.c.obj
                0x0000000008003634                USB_CoreInit
 .text.USB_SetTurnaroundTime
                0x0000000008003708       0xf0 CMakeFiles/firmware.elf.dir/Drivers/STM32F4xx_HAL_Driver/Src/stm32f4xx_ll_usb.c.obj
                0x0000000008003708                USB_SetTurnaroundTime
 .text.USB_EnableGlobalInt
                0x00000000080037f8       0x10 CMakeFiles/firmware.elf.dir/Drivers/STM32F4xx_HAL_Driver/Src/stm32f4xx_ll_usb.c.obj
                0x00000000080037f8                USB_EnableGlobalInt
 .text.USB_DisableGlobalInt
                0x0000000008003808       0x10 CMakeFiles/firmware.elf.dir/Drivers/STM32F4xx_HAL_Driver/Src/stm32f4xx_ll_usb.c.obj
                0x0000000008003808                USB_DisableGlobalInt
 .text.USB_SetCurrentMode
                0x0000000008003818       0x30 CMakeFiles/firmware.elf.dir/Drivers/STM32F4xx_HAL_Driver/Src/stm32f4xx_ll_usb.c.obj
                0x0000000008003818                USB_SetCurrentMode
 .text.USB_DevInit
                0x0000000008003848      0x1f4 CMakeFiles/firmware.elf.dir/Drivers/STM32F4xx_HAL_Driver/Src/stm32f4xx_ll_usb.c.obj
                0x0000000008003848                USB_DevInit
 .text.USB_FlushTxFifo
                0x0000000008003a3c       0x24 CMakeFiles/firmware.elf.dir/Drivers/STM32F4xx_HAL_Driver/Src/stm32f4xx_ll_usb.c.obj
                0x0000000008003a3c                USB_FlushTxFifo
 .text.USB_GetDevSpeed
                0x0000000008003a60       0x18 CMakeFiles/firmware.elf.dir/Drivers/STM32F4xx_HAL_Driver/Src/stm32f4xx_ll_usb.c.obj
                0x0000000008003a60                USB_GetDevSpeed
 .text.USB_ActivateEndpoint
                0x0000000008003a78       0x88 CMakeFiles/firmware.elf.dir/Drivers/STM32F4xx_HAL_Driver/Src/stm32f4xx_ll_usb.c.obj
                0x0000000008003a78                USB_ActivateEndpoint
 .text.USB_DeactivateEndpoint
                0x0000000008003b00       0x6c CMakeFiles/firmware.elf.dir/Drivers/STM32F4xx_HAL_Driver/Src/stm32f4xx_ll_usb.c.obj
                0x0000000008003b00                USB_DeactivateEndpoint
 .text.USB_EPStartXfer
                0x0000000008003b6c      0x238 CMakeFiles/firmware.elf.dir/Drivers/STM32F4xx_HAL_Driver/Src/stm32f4xx_ll_usb.c.obj
                0x0000000008003b6c                USB_EPStartXfer
 .text.USB_EP0StartXfer
                0x0000000008003da4      0x12c CMakeFiles/firmware.elf.dir/Drivers/STM32F4xx_HAL_Driver/Src/stm32f4xx_ll_usb.c.obj
                0x0000000008003da4                USB_EP0StartXfer
 .text.USB_WritePacket
                0x0000000008003ed0       0x2c CMakeFiles/firmware.elf.dir/Drivers/STM32F4xx_HAL_Driver/Src/stm32f4xx_ll_usb.c.obj
                0x0000000008003ed0                USB_WritePacket
 .text.USB_ReadPacket
                0x0000000008003efc       0x24 CMakeFiles/firmware.elf.dir/Drivers/STM32F4xx_HAL_Driver/Src/stm32f4xx_ll_usb.c.obj
                0x0000000008003efc                USB_ReadPacket
 .text.USB_EPSetStall
                0x0000000008003f20       0x5c CMakeFiles/firmware.elf.dir/Drivers/STM32F4xx_HAL_Driver/Src/stm32f4xx_ll_usb.c.obj
                0x0000000008003f20                USB_EPSetStall
 .text.USB_EPClearStall
                0x0000000008003f7c       0x64 CMakeFiles/firmware.elf.dir/Drivers/STM32F4xx_HAL_Driver/Src/stm32f4xx_ll_usb.c.obj
                0x0000000008003f7c                USB_EPClearStall
 .text.USB_SetDevAddress
                0x0000000008003fe0       0x20 CMakeFiles/firmware.elf.dir/Drivers/STM32F4xx_HAL_Driver/Src/stm32f4xx_ll_usb.c.obj
                0x0000000008003fe0                USB_SetDevAddress
 .text.USB_DevConnect
                0x0000000008004000       0x1c CMakeFiles/firmware.elf.dir/Drivers/STM32F4xx_HAL_Driver/Src/stm32f4xx_ll_usb.c.obj
                0x0000000008004000                USB_DevConnect
 .text.USB_DevDisconnect
                0x000000000800401c       0x1c CMakeFiles/firmware.elf.dir/Drivers/STM32F4xx_HAL_Driver/Src/stm32f4xx_ll_usb.c.obj
                0x000000000800401c                USB_DevDisconnect
 .text.USB_ReadInterrupts
                0x0000000008004038        0x8 CMakeFiles/firmware.elf.dir/Drivers/STM32F4xx_HAL_Driver/Src/stm32f4xx_ll_usb.c.obj
                0x0000000008004038                USB_ReadInterrupts
 .text.USB_ReadDevAllOutEpInterrupt
                0x0000000008004040       0x10 CMakeFiles/firmware.elf.dir/Drivers/STM32F4xx_HAL_Driver/Src/stm32f4xx_ll_usb.c.obj
                0x0000000008004040                USB_ReadDevAllOutEpInterrupt
 .text.USB_ReadDevAllInEpInterrupt
                0x0000000008004050       0x10 CMakeFiles/firmware.elf.dir/Drivers/STM32F4xx_HAL_Driver/Src/stm32f4xx_ll_usb.c.obj
                0x0000000008004050                USB_ReadDevAllInEpInterrupt
 .text.USB_ReadDevOutEPInterrupt
                0x0000000008004060       0x14 CMakeFiles/firmware.elf.dir/Drivers/STM32F4xx_HAL_Driver/Src/stm32f4xx_ll_usb.c.obj
                0x0000000008004060                USB_ReadDevOutEPInterrupt
 .text.USB_ReadDevInEPInterrupt
                0x0000000008004074       0x28 CMakeFiles/firmware.elf.dir/Drivers/STM32F4xx_HAL_Driver/Src/stm32f4xx_ll_usb.c.obj
                0x0000000008004074                USB_ReadDevInEPInterrupt
 .text.USB_GetMode
                0x000000000800409c        0x8 CMakeFiles/firmware.elf.dir/Drivers/STM32F4xx_HAL_Driver/Src/stm32f4xx_ll_usb.c.obj
                0x000000000800409c                USB_GetMode
 .text.USB_ActivateSetup
                0x00000000080040a4       0x38 CMakeFiles/firmware.elf.dir/Drivers/STM32F4xx_HAL_Driver/Src/stm32f4xx_ll_usb.c.obj
                0x00000000080040a4                USB_ActivateSetup
 .text.USB_EP0_OutStart
                0x00000000080040dc       0x50 CMakeFiles/firmware.elf.dir/Drivers/STM32F4xx_HAL_Driver/Src/stm32f4xx_ll_usb.c.obj
                0x00000000080040dc                USB_EP0_OutStart
 .text.USBD_CDC_EP0_RxReady
                0x000000000800412c       0x2c CMakeFiles/firmware.elf.dir/Middlewares/ST/STM32_USB_Device_Library/Class/CDC/Src/usbd_cdc.c.obj
 .text.USBD_CDC_GetFSCfgDesc
                0x0000000008004158        0xc CMakeFiles/firmware.elf.dir/Middlewares/ST/STM32_USB_Device_Library/Class/CDC/Src/usbd_cdc.c.obj
 .text.USBD_CDC_GetHSCfgDesc
                0x0000000008004164        0xc CMakeFiles/firmware.elf.dir/Middlewares/ST/STM32_USB_Device_Library/Class/CDC/Src/usbd_cdc.c.obj
 .text.USBD_CDC_GetOtherSpeedCfgDesc
                0x0000000008004170        0xc CMakeFiles/firmware.elf.dir/Middlewares/ST/STM32_USB_Device_Library/Class/CDC/Src/usbd_cdc.c.obj
 .text.USBD_CDC_GetDeviceQualifierDescriptor
                0x000000000800417c        0xc CMakeFiles/firmware.elf.dir/Middlewares/ST/STM32_USB_Device_Library/Class/CDC/Src/usbd_cdc.c.obj
                0x000000000800417c                USBD_CDC_GetDeviceQualifierDescriptor
 .text.USBD_CDC_DataOut
                0x0000000008004188       0x30 CMakeFiles/firmware.elf.dir/Middlewares/ST/STM32_USB_Device_Library/Class/CDC/Src/usbd_cdc.c.obj
 .text.USBD_CDC_DataIn
                0x00000000080041b8       0x48 CMakeFiles/firmware.elf.dir/Middlewares/ST/STM32_USB_Device_Library/Class/CDC/Src/usbd_cdc.c.obj
 .text.USBD_CDC_Setup
                0x0000000008004200       0xc4 CMakeFiles/firmware.elf.dir/Middlewares/ST/STM32_USB_Device_Library/Class/CDC/Src/usbd_cdc.c.obj
 .text.USBD_CDC_DeInit
                0x00000000080042c4       0x44 CMakeFiles/firmware.elf.dir/Middlewares/ST/STM32_USB_Device_Library/Class/CDC/Src/usbd_cdc.c.obj
 .text.USBD_CDC_Init
                0x0000000008004308       0xb0 CMakeFiles/firmware.elf.dir/Middlewares/ST/STM32_USB_Device_Library/Class/CDC/Src/usbd_cdc.c.obj
 .text.USBD_CDC_RegisterInterface
                0x00000000080043b8       0x10 CMakeFiles/firmware.elf.dir/Middlewares/ST/STM32_USB_Device_Library/Class/CDC/Src/usbd_cdc.c.obj
                0x00000000080043b8                USBD_CDC_RegisterInterface
 .text.USBD_CDC_SetTxBuffer
                0x00000000080043c8       0x10 CMakeFiles/firmware.elf.dir/Middlewares/ST/STM32_USB_Device_Library/Class/CDC/Src/usbd_cdc.c.obj
                0x00000000080043c8                USBD_CDC_SetTxBuffer
 .text.USBD_CDC_SetRxBuffer
                0x00000000080043d8        0xc CMakeFiles/firmware.elf.dir/Middlewares/ST/STM32_USB_Device_Library/Class/CDC/Src/usbd_cdc.c.obj
                0x00000000080043d8                USBD_CDC_SetRxBuffer
 .text.USBD_CDC_ReceivePacket
                0x00000000080043e4       0x34 CMakeFiles/firmware.elf.dir/Middlewares/ST/STM32_USB_Device_Library/Class/CDC/Src/usbd_cdc.c.obj
                0x00000000080043e4                USBD_CDC_ReceivePacket
 .text.USBD_Init
                0x0000000008004418       0x2c CMakeFiles/firmware.elf.dir/Middlewares/ST/STM32_USB_Device_Library/Core/Src/usbd_core.c.obj
                0x0000000008004418                USBD_Init
 .text.USBD_RegisterClass
                0x0000000008004444       0x10 CMakeFiles/firmware.elf.dir/Middlewares/ST/STM32_USB_Device_Library/Core/Src/usbd_core.c.obj
                0x0000000008004444                USBD_RegisterClass
 .text.USBD_Start
                0x0000000008004454        0xc CMakeFiles/firmware.elf.dir/Middlewares/ST/STM32_USB_Device_Library/Core/Src/usbd_core.c.obj
                0x0000000008004454                USBD_Start
 .text.USBD_SetClassConfig
                0x0000000008004460       0x14 CMakeFiles/firmware.elf.dir/Middlewares/ST/STM32_USB_Device_Library/Core/Src/usbd_core.c.obj
                0x0000000008004460                USBD_SetClassConfig
 .text.USBD_ClrClassConfig
                0x0000000008004474       0x10 CMakeFiles/firmware.elf.dir/Middlewares/ST/STM32_USB_Device_Library/Core/Src/usbd_core.c.obj
                0x0000000008004474                USBD_ClrClassConfig
 .text.USBD_LL_SetupStage
                0x0000000008004484       0x60 CMakeFiles/firmware.elf.dir/Middlewares/ST/STM32_USB_Device_Library/Core/Src/usbd_core.c.obj
                0x0000000008004484                USBD_LL_SetupStage
 .text.USBD_LL_DataOutStage
                0x00000000080044e4       0x7c CMakeFiles/firmware.elf.dir/Middlewares/ST/STM32_USB_Device_Library/Core/Src/usbd_core.c.obj
                0x00000000080044e4                USBD_LL_DataOutStage
 .text.USBD_LL_DataInStage
                0x0000000008004560       0xc4 CMakeFiles/firmware.elf.dir/Middlewares/ST/STM32_USB_Device_Library/Core/Src/usbd_core.c.obj
                0x0000000008004560                USBD_LL_DataInStage
 .text.USBD_LL_Reset
                0x0000000008004624       0x50 CMakeFiles/firmware.elf.dir/Middlewares/ST/STM32_USB_Device_Library/Core/Src/usbd_core.c.obj
                0x0000000008004624                USBD_LL_Reset
 .text.USBD_LL_SetSpeed
                0x0000000008004674        0x8 CMakeFiles/firmware.elf.dir/Middlewares/ST/STM32_USB_Device_Library/Core/Src/usbd_core.c.obj
                0x0000000008004674                USBD_LL_SetSpeed
 .text.USBD_LL_Suspend
                0x000000000800467c       0x14 CMakeFiles/firmware.elf.dir/Middlewares/ST/STM32_USB_Device_Library/Core/Src/usbd_core.c.obj
                0x000000000800467c                USBD_LL_Suspend
 .text.USBD_LL_Resume
                0x0000000008004690       0x10 CMakeFiles/firmware.elf.dir/Middlewares/ST/STM32_USB_Device_Library/Core/Src/usbd_core.c.obj
                0x0000000008004690                USBD_LL_Resume
 .text.USBD_LL_SOF
                0x00000000080046a0       0x1c CMakeFiles/firmware.elf.dir/Middlewares/ST/STM32_USB_Device_Library/Core/Src/usbd_core.c.obj
                0x00000000080046a0                USBD_LL_SOF
 .text.USBD_LL_IsoINIncomplete
                0x00000000080046bc        0x4 CMakeFiles/firmware.elf.dir/Middlewares/ST/STM32_USB_Device_Library/Core/Src/usbd_core.c.obj
                0x00000000080046bc                USBD_LL_IsoINIncomplete
 .text.USBD_LL_IsoOUTIncomplete
                0x00000000080046c0        0x4 CMakeFiles/firmware.elf.dir/Middlewares/ST/STM32_USB_Device_Library/Core/Src/usbd_core.c.obj
                0x00000000080046c0                USBD_LL_IsoOUTIncomplete
 .text.USBD_LL_DevConnected
                0x00000000080046c4        0x4 CMakeFiles/firmware.elf.dir/Middlewares/ST/STM32_USB_Device_Library/Core/Src/usbd_core.c.obj
                0x00000000080046c4                USBD_LL_DevConnected
 .text.USBD_LL_DevDisconnected
                0x00000000080046c8       0x18 CMakeFiles/firmware.elf.dir/Middlewares/ST/STM32_USB_Device_Library/Core/Src/usbd_core.c.obj
                0x00000000080046c8                USBD_LL_DevDisconnected
 .text.USBD_StdDevReq
                0x00000000080046e0      0x320 CMakeFiles/firmware.elf.dir/Middlewares/ST/STM32_USB_Device_Library/Core/Src/usbd_ctlreq.c.obj
                0x00000000080046e0                USBD_StdDevReq
 .text.USBD_StdItfReq
                0x0000000008004a00       0x68 CMakeFiles/firmware.elf.dir/Middlewares/ST/STM32_USB_Device_Library/Core/Src/usbd_ctlreq.c.obj
                0x0000000008004a00                USBD_StdItfReq
 .text.USBD_StdEPReq
                0x0000000008004a68      0x12c CMakeFiles/firmware.elf.dir/Middlewares/ST/STM32_USB_Device_Library/Core/Src/usbd_ctlreq.c.obj
                0x0000000008004a68                USBD_StdEPReq
 .text.USBD_ParseSetupRequest
                0x0000000008004b94       0x28 CMakeFiles/firmware.elf.dir/Middlewares/ST/STM32_USB_Device_Library/Core/Src/usbd_ctlreq.c.obj
                0x0000000008004b94                USBD_ParseSetupRequest
 .text.USBD_CtlError
                0x0000000008004bbc       0x18 CMakeFiles/firmware.elf.dir/Middlewares/ST/STM32_USB_Device_Library/Core/Src/usbd_ctlreq.c.obj
                0x0000000008004bbc                USBD_CtlError
 .text.USBD_GetString
                0x0000000008004bd4       0x4c CMakeFiles/firmware.elf.dir/Middlewares/ST/STM32_USB_Device_Library/Core/Src/usbd_ctlreq.c.obj
                0x0000000008004bd4                USBD_GetString
 .text.USBD_CtlSendData
                0x0000000008004c20       0x1c CMakeFiles/firmware.elf.dir/Middlewares/ST/STM32_USB_Device_Library/Core/Src/usbd_ioreq.c.obj
                0x0000000008004c20                USBD_CtlSendData
 .text.USBD_CtlContinueSendData
                0x0000000008004c3c       0x10 CMakeFiles/firmware.elf.dir/Middlewares/ST/STM32_USB_Device_Library/Core/Src/usbd_ioreq.c.obj
                0x0000000008004c3c                USBD_CtlContinueSendData
 .text.USBD_CtlPrepareRx
                0x0000000008004c4c       0x1c CMakeFiles/firmware.elf.dir/Middlewares/ST/STM32_USB_Device_Library/Core/Src/usbd_ioreq.c.obj
                0x0000000008004c4c                USBD_CtlPrepareRx
 .text.USBD_CtlContinueRx
                0x0000000008004c68       0x10 CMakeFiles/firmware.elf.dir/Middlewares/ST/STM32_USB_Device_Library/Core/Src/usbd_ioreq.c.obj
                0x0000000008004c68                USBD_CtlContinueRx
 .text.USBD_CtlSendStatus
                0x0000000008004c78       0x18 CMakeFiles/firmware.elf.dir/Middlewares/ST/STM32_USB_Device_Library/Core/Src/usbd_ioreq.c.obj
                0x0000000008004c78                USBD_CtlSendStatus
 .text.USBD_CtlReceiveStatus
                0x0000000008004c90       0x18 CMakeFiles/firmware.elf.dir/Middlewares/ST/STM32_USB_Device_Library/Core/Src/usbd_ioreq.c.obj
                0x0000000008004c90                USBD_CtlReceiveStatus
 .text._ZN13PIDControllerC2Effffff
                0x0000000008004ca8       0x2c CMakeFiles/firmware.elf.dir/Src/PIDController.cpp.obj
                0x0000000008004ca8                PIDController::PIDController(float, float, float, float, float, float)
                0x0000000008004ca8                PIDController::PIDController(float, float, float, float, float, float)
 .text._ZN13PIDController6updateEf
                0x0000000008004cd4      0x11c CMakeFiles/firmware.elf.dir/Src/PIDController.cpp.obj
                0x0000000008004cd4                PIDController::update(float)
 .text._ZN13PIDController11setSetpointEf
                0x0000000008004df0        0x8 CMakeFiles/firmware.elf.dir/Src/PIDController.cpp.obj
                0x0000000008004df0                PIDController::setSetpoint(float)
 .text.MX_ADC1_Init
                0x0000000008004df8       0x74 CMakeFiles/firmware.elf.dir/Src/adc.c.obj
                0x0000000008004df8                MX_ADC1_Init
 .text.HAL_ADC_MspInit
                0x0000000008004e6c       0x90 CMakeFiles/firmware.elf.dir/Src/adc.c.obj
                0x0000000008004e6c                HAL_ADC_MspInit
 .text._ZN7drv8871C2E6pindefS0_PK17TIM_HandleTypeDefhhb
                0x0000000008004efc       0x4c CMakeFiles/firmware.elf.dir/Src/drv8871.cpp.obj
                0x0000000008004efc                drv8871::drv8871(pindef, pindef, TIM_HandleTypeDef const*, unsigned char, unsigned char, bool)
                0x0000000008004efc                drv8871::drv8871(pindef, pindef, TIM_HandleTypeDef const*, unsigned char, unsigned char, bool)
 .text._ZN7drv88713setEf
                0x0000000008004f48      0x154 CMakeFiles/firmware.elf.dir/Src/drv8871.cpp.obj
                0x0000000008004f48                drv8871::set(float)
 .text.MX_GPIO_Init
                0x000000000800509c      0x16c CMakeFiles/firmware.elf.dir/Src/gpio.c.obj
                0x000000000800509c                MX_GPIO_Init
 .text.MX_I2C1_Init
                0x0000000008005208       0x3c CMakeFiles/firmware.elf.dir/Src/i2c.c.obj
                0x0000000008005208                MX_I2C1_Init
 .text.MX_I2C2_Init
                0x0000000008005244       0x3c CMakeFiles/firmware.elf.dir/Src/i2c.c.obj
                0x0000000008005244                MX_I2C2_Init
 .text.HAL_I2C_MspInit
                0x0000000008005280       0xcc CMakeFiles/firmware.elf.dir/Src/i2c.c.obj
                0x0000000008005280                HAL_I2C_MspInit
 .text.__io_putchar
                0x000000000800534c       0x20 CMakeFiles/firmware.elf.dir/Src/main.cpp.obj
                0x000000000800534c                __io_putchar
 .text.__io_getchar
                0x000000000800536c       0x24 CMakeFiles/firmware.elf.dir/Src/main.cpp.obj
                0x000000000800536c                __io_getchar
 .text.hot._Z11chkEncStatev
                0x0000000008005390      0x120 CMakeFiles/firmware.elf.dir/Src/main.cpp.obj
                0x0000000008005390                chkEncState()
 .text.SystemClock_Config
                0x00000000080054b0       0xb8 CMakeFiles/firmware.elf.dir/Src/main.cpp.obj
                0x00000000080054b0                SystemClock_Config
 .text.startup.main
                0x0000000008005568      0x464 CMakeFiles/firmware.elf.dir/Src/main.cpp.obj
                0x0000000008005568                main
 .text.Error_Handler
                0x00000000080059cc        0x4 CMakeFiles/firmware.elf.dir/Src/main.cpp.obj
                0x00000000080059cc                Error_Handler
 .text.startup._GLOBAL__sub_I_addr
                0x00000000080059d0      0x128 CMakeFiles/firmware.elf.dir/Src/main.cpp.obj
 .text.HAL_MspInit
                0x0000000008005af8       0x38 CMakeFiles/firmware.elf.dir/Src/stm32f4xx_hal_msp.c.obj
                0x0000000008005af8                HAL_MspInit
 .text.NMI_Handler
                0x0000000008005b30        0x4 CMakeFiles/firmware.elf.dir/Src/stm32f4xx_it.c.obj
                0x0000000008005b30                NMI_Handler
 .text.HardFault_Handler
                0x0000000008005b34        0x4 CMakeFiles/firmware.elf.dir/Src/stm32f4xx_it.c.obj
                0x0000000008005b34                HardFault_Handler
 .text.MemManage_Handler
                0x0000000008005b38        0x4 CMakeFiles/firmware.elf.dir/Src/stm32f4xx_it.c.obj
                0x0000000008005b38                MemManage_Handler
 .text.BusFault_Handler
                0x0000000008005b3c        0x4 CMakeFiles/firmware.elf.dir/Src/stm32f4xx_it.c.obj
                0x0000000008005b3c                BusFault_Handler
 .text.UsageFault_Handler
                0x0000000008005b40        0x4 CMakeFiles/firmware.elf.dir/Src/stm32f4xx_it.c.obj
                0x0000000008005b40                UsageFault_Handler
 .text.SVC_Handler
                0x0000000008005b44        0x4 CMakeFiles/firmware.elf.dir/Src/stm32f4xx_it.c.obj
                0x0000000008005b44                SVC_Handler
 .text.DebugMon_Handler
                0x0000000008005b48        0x4 CMakeFiles/firmware.elf.dir/Src/stm32f4xx_it.c.obj
                0x0000000008005b48                DebugMon_Handler
 .text.PendSV_Handler
                0x0000000008005b4c        0x4 CMakeFiles/firmware.elf.dir/Src/stm32f4xx_it.c.obj
                0x0000000008005b4c                PendSV_Handler
 .text.SysTick_Handler
                0x0000000008005b50        0x4 CMakeFiles/firmware.elf.dir/Src/stm32f4xx_it.c.obj
                0x0000000008005b50                SysTick_Handler
 .text.OTG_FS_IRQHandler
                0x0000000008005b54        0xc CMakeFiles/firmware.elf.dir/Src/stm32f4xx_it.c.obj
                0x0000000008005b54                OTG_FS_IRQHandler
 .text._getpid  0x0000000008005b60        0x4 CMakeFiles/firmware.elf.dir/Src/syscalls.c.obj
                0x0000000008005b60                _getpid
 .text._kill    0x0000000008005b64       0x10 CMakeFiles/firmware.elf.dir/Src/syscalls.c.obj
                0x0000000008005b64                _kill
 .text._exit    0x0000000008005b74        0xc CMakeFiles/firmware.elf.dir/Src/syscalls.c.obj
                0x0000000008005b74                _exit
 .text._read    0x0000000008005b80       0x1c CMakeFiles/firmware.elf.dir/Src/syscalls.c.obj
                0x0000000008005b80                _read
 .text._write   0x0000000008005b9c       0x1c CMakeFiles/firmware.elf.dir/Src/syscalls.c.obj
                0x0000000008005b9c                _write
 .text._sbrk    0x0000000008005bb8       0x3c CMakeFiles/firmware.elf.dir/Src/syscalls.c.obj
                0x0000000008005bb8                _sbrk
 .text._close   0x0000000008005bf4        0x8 CMakeFiles/firmware.elf.dir/Src/syscalls.c.obj
                0x0000000008005bf4                _close
 .text._fstat   0x0000000008005bfc        0xc CMakeFiles/firmware.elf.dir/Src/syscalls.c.obj
                0x0000000008005bfc                _fstat
 .text._isatty  0x0000000008005c08        0x4 CMakeFiles/firmware.elf.dir/Src/syscalls.c.obj
                0x0000000008005c08                _isatty
 .text._lseek   0x0000000008005c0c        0x4 CMakeFiles/firmware.elf.dir/Src/syscalls.c.obj
                0x0000000008005c0c                _lseek
 .text.SystemInit
                0x0000000008005c10       0x50 CMakeFiles/firmware.elf.dir/Src/system_stm32f4xx.c.obj
                0x0000000008005c10                SystemInit
 .text.MX_TIM9_Init
                0x0000000008005c60      0x348 CMakeFiles/firmware.elf.dir/Src/tim.c.obj
                0x0000000008005c60                MX_TIM9_Init
 .text.MX_TIM10_Init
                0x0000000008005fa8      0x344 CMakeFiles/firmware.elf.dir/Src/tim.c.obj
                0x0000000008005fa8                MX_TIM10_Init
 .text.MX_TIM11_Init
                0x00000000080062ec      0x344 CMakeFiles/firmware.elf.dir/Src/tim.c.obj
                0x00000000080062ec                MX_TIM11_Init
 .text.MX_TIM12_Init
                0x0000000008006630      0x348 CMakeFiles/firmware.elf.dir/Src/tim.c.obj
                0x0000000008006630                MX_TIM12_Init
 .text.MX_TIM13_Init
                0x0000000008006978      0x344 CMakeFiles/firmware.elf.dir/Src/tim.c.obj
                0x0000000008006978                MX_TIM13_Init
 .text.MX_TIM14_Init
                0x0000000008006cbc      0x344 CMakeFiles/firmware.elf.dir/Src/tim.c.obj
                0x0000000008006cbc                MX_TIM14_Init
 .text.HAL_TIM_PWM_MspInit
                0x0000000008007000      0x10c CMakeFiles/firmware.elf.dir/Src/tim.c.obj
                0x0000000008007000                HAL_TIM_PWM_MspInit
 .text.HAL_TIM_Base_MspInit
                0x000000000800710c       0xa4 CMakeFiles/firmware.elf.dir/Src/tim.c.obj
                0x000000000800710c                HAL_TIM_Base_MspInit
 .text.HAL_TIM_MspPostInit
                0x00000000080071b0      0x2d8 CMakeFiles/firmware.elf.dir/Src/tim.c.obj
                0x00000000080071b0                HAL_TIM_MspPostInit
 .text.MX_TIM1_Init
                0x0000000008007488      0x108 CMakeFiles/firmware.elf.dir/Src/tim.c.obj
                0x0000000008007488                MX_TIM1_Init
 .text.MX_TIM2_Init
                0x0000000008007590       0xc0 CMakeFiles/firmware.elf.dir/Src/tim.c.obj
                0x0000000008007590                MX_TIM2_Init
 .text.MX_TIM3_Init
                0x0000000008007650       0xc4 CMakeFiles/firmware.elf.dir/Src/tim.c.obj
                0x0000000008007650                MX_TIM3_Init
 .text.MX_TIM4_Init
                0x0000000008007714       0xc4 CMakeFiles/firmware.elf.dir/Src/tim.c.obj
                0x0000000008007714                MX_TIM4_Init
 .text.MX_TIM8_Init
                0x00000000080077d8      0x108 CMakeFiles/firmware.elf.dir/Src/tim.c.obj
                0x00000000080077d8                MX_TIM8_Init
 .text.MX_USART6_UART_Init
                0x00000000080078e0       0x38 CMakeFiles/firmware.elf.dir/Src/usart.c.obj
                0x00000000080078e0                MX_USART6_UART_Init
 .text.HAL_UART_MspInit
                0x0000000008007918       0x74 CMakeFiles/firmware.elf.dir/Src/usart.c.obj
                0x0000000008007918                HAL_UART_MspInit
 .text.MX_USB_DEVICE_Init
                0x000000000800798c       0x74 CMakeFiles/firmware.elf.dir/Src/usb_device.c.obj
                0x000000000800798c                MX_USB_DEVICE_Init
 .text.CDC_DeInit_FS
                0x0000000008007a00        0x4 CMakeFiles/firmware.elf.dir/Src/usbd_cdc_if.c.obj
 .text.CDC_Control_FS
                0x0000000008007a04        0x4 CMakeFiles/firmware.elf.dir/Src/usbd_cdc_if.c.obj
 .text.CDC_Receive_FS
                0x0000000008007a08       0x1c CMakeFiles/firmware.elf.dir/Src/usbd_cdc_if.c.obj
 .text.CDC_Init_FS
                0x0000000008007a24       0x28 CMakeFiles/firmware.elf.dir/Src/usbd_cdc_if.c.obj
 .text.HAL_PCD_MspInit
                0x0000000008007a4c       0x98 CMakeFiles/firmware.elf.dir/Src/usbd_conf.c.obj
                0x0000000008007a4c                HAL_PCD_MspInit
 .text.HAL_PCD_SetupStageCallback
                0x0000000008007ae4        0xc CMakeFiles/firmware.elf.dir/Src/usbd_conf.c.obj
                0x0000000008007ae4                HAL_PCD_SetupStageCallback
 .text.HAL_PCD_DataOutStageCallback
                0x0000000008007af0       0x14 CMakeFiles/firmware.elf.dir/Src/usbd_conf.c.obj
                0x0000000008007af0                HAL_PCD_DataOutStageCallback
 .text.HAL_PCD_DataInStageCallback
                0x0000000008007b04       0x14 CMakeFiles/firmware.elf.dir/Src/usbd_conf.c.obj
                0x0000000008007b04                HAL_PCD_DataInStageCallback
 .text.HAL_PCD_SOFCallback
                0x0000000008007b18        0x8 CMakeFiles/firmware.elf.dir/Src/usbd_conf.c.obj
                0x0000000008007b18                HAL_PCD_SOFCallback
 .text.HAL_PCD_ResetCallback
                0x0000000008007b20       0x2c CMakeFiles/firmware.elf.dir/Src/usbd_conf.c.obj
                0x0000000008007b20                HAL_PCD_ResetCallback
 .text.HAL_PCD_SuspendCallback
                0x0000000008007b4c       0x30 CMakeFiles/firmware.elf.dir/Src/usbd_conf.c.obj
                0x0000000008007b4c                HAL_PCD_SuspendCallback
 .text.HAL_PCD_ResumeCallback
                0x0000000008007b7c        0x8 CMakeFiles/firmware.elf.dir/Src/usbd_conf.c.obj
                0x0000000008007b7c                HAL_PCD_ResumeCallback
 .text.HAL_PCD_ISOOUTIncompleteCallback
                0x0000000008007b84        0x8 CMakeFiles/firmware.elf.dir/Src/usbd_conf.c.obj
                0x0000000008007b84                HAL_PCD_ISOOUTIncompleteCallback
 .text.HAL_PCD_ISOINIncompleteCallback
                0x0000000008007b8c        0x8 CMakeFiles/firmware.elf.dir/Src/usbd_conf.c.obj
                0x0000000008007b8c                HAL_PCD_ISOINIncompleteCallback
 .text.HAL_PCD_ConnectCallback
                0x0000000008007b94        0x8 CMakeFiles/firmware.elf.dir/Src/usbd_conf.c.obj
                0x0000000008007b94                HAL_PCD_ConnectCallback
 .text.HAL_PCD_DisconnectCallback
                0x0000000008007b9c        0x8 CMakeFiles/firmware.elf.dir/Src/usbd_conf.c.obj
                0x0000000008007b9c                HAL_PCD_DisconnectCallback
 .text.USBD_LL_Init
                0x0000000008007ba4       0x6c CMakeFiles/firmware.elf.dir/Src/usbd_conf.c.obj
                0x0000000008007ba4                USBD_LL_Init
 .text.USBD_LL_Start
                0x0000000008007c10       0x1c CMakeFiles/firmware.elf.dir/Src/usbd_conf.c.obj
                0x0000000008007c10                USBD_LL_Start
 .text.USBD_LL_OpenEP
                0x0000000008007c2c       0x20 CMakeFiles/firmware.elf.dir/Src/usbd_conf.c.obj
                0x0000000008007c2c                USBD_LL_OpenEP
 .text.USBD_LL_CloseEP
                0x0000000008007c4c       0x1c CMakeFiles/firmware.elf.dir/Src/usbd_conf.c.obj
                0x0000000008007c4c                USBD_LL_CloseEP
 .text.USBD_LL_StallEP
                0x0000000008007c68       0x1c CMakeFiles/firmware.elf.dir/Src/usbd_conf.c.obj
                0x0000000008007c68                USBD_LL_StallEP
 .text.USBD_LL_ClearStallEP
                0x0000000008007c84       0x1c CMakeFiles/firmware.elf.dir/Src/usbd_conf.c.obj
                0x0000000008007c84                USBD_LL_ClearStallEP
 .text.USBD_LL_IsStallEP
                0x0000000008007ca0       0x28 CMakeFiles/firmware.elf.dir/Src/usbd_conf.c.obj
                0x0000000008007ca0                USBD_LL_IsStallEP
 .text.USBD_LL_SetUSBAddress
                0x0000000008007cc8       0x1c CMakeFiles/firmware.elf.dir/Src/usbd_conf.c.obj
                0x0000000008007cc8                USBD_LL_SetUSBAddress
 .text.USBD_LL_Transmit
                0x0000000008007ce4       0x1c CMakeFiles/firmware.elf.dir/Src/usbd_conf.c.obj
                0x0000000008007ce4                USBD_LL_Transmit
 .text.USBD_LL_PrepareReceive
                0x0000000008007d00       0x1c CMakeFiles/firmware.elf.dir/Src/usbd_conf.c.obj
                0x0000000008007d00                USBD_LL_PrepareReceive
 .text.USBD_LL_GetRxDataSize
                0x0000000008007d1c        0x8 CMakeFiles/firmware.elf.dir/Src/usbd_conf.c.obj
                0x0000000008007d1c                USBD_LL_GetRxDataSize
 .text.HAL_PCDEx_LPM_Callback
                0x0000000008007d24       0x64 CMakeFiles/firmware.elf.dir/Src/usbd_conf.c.obj
                0x0000000008007d24                HAL_PCDEx_LPM_Callback
 .text.USBD_FS_DeviceDescriptor
                0x0000000008007d88        0xc CMakeFiles/firmware.elf.dir/Src/usbd_desc.c.obj
                0x0000000008007d88                USBD_FS_DeviceDescriptor
 .text.USBD_FS_LangIDStrDescriptor
                0x0000000008007d94        0xc CMakeFiles/firmware.elf.dir/Src/usbd_desc.c.obj
                0x0000000008007d94                USBD_FS_LangIDStrDescriptor
 .text.USBD_FS_USR_BOSDescriptor
                0x0000000008007da0        0xc CMakeFiles/firmware.elf.dir/Src/usbd_desc.c.obj
                0x0000000008007da0                USBD_FS_USR_BOSDescriptor
 .text.USBD_FS_ManufacturerStrDescriptor
                0x0000000008007dac       0x1c CMakeFiles/firmware.elf.dir/Src/usbd_desc.c.obj
                0x0000000008007dac                USBD_FS_ManufacturerStrDescriptor
 .text.USBD_FS_ProductStrDescriptor
                0x0000000008007dc8       0x1c CMakeFiles/firmware.elf.dir/Src/usbd_desc.c.obj
                0x0000000008007dc8                USBD_FS_ProductStrDescriptor
 .text.USBD_FS_ConfigStrDescriptor
                0x0000000008007de4       0x1c CMakeFiles/firmware.elf.dir/Src/usbd_desc.c.obj
                0x0000000008007de4                USBD_FS_ConfigStrDescriptor
 .text.USBD_FS_InterfaceStrDescriptor
                0x0000000008007e00       0x1c CMakeFiles/firmware.elf.dir/Src/usbd_desc.c.obj
                0x0000000008007e00                USBD_FS_InterfaceStrDescriptor
 .text.USBD_FS_SerialStrDescriptor
                0x0000000008007e1c      0x124 CMakeFiles/firmware.elf.dir/Src/usbd_desc.c.obj
                0x0000000008007e1c                USBD_FS_SerialStrDescriptor
 .text.Reset_Handler
                0x0000000008007f40       0x50 CMakeFiles/firmware.elf.dir/startup/startup_stm32f446xx.s.obj
                0x0000000008007f40                Reset_Handler
 .text.Default_Handler
                0x0000000008007f90        0x2 CMakeFiles/firmware.elf.dir/startup/startup_stm32f446xx.s.obj
                0x0000000008007f90                RTC_Alarm_IRQHandler
                0x0000000008007f90                EXTI2_IRQHandler
                0x0000000008007f90                TIM8_CC_IRQHandler
                0x0000000008007f90                FMPI2C1_EV_IRQHandler
                0x0000000008007f90                SPI4_IRQHandler
                0x0000000008007f90                TIM1_CC_IRQHandler
                0x0000000008007f90                DMA2_Stream5_IRQHandler
                0x0000000008007f90                DMA1_Stream5_IRQHandler
                0x0000000008007f90                PVD_IRQHandler
                0x0000000008007f90                SDIO_IRQHandler
                0x0000000008007f90                TAMP_STAMP_IRQHandler
                0x0000000008007f90                CAN2_RX1_IRQHandler
                0x0000000008007f90                EXTI3_IRQHandler
                0x0000000008007f90                TIM8_TRG_COM_TIM14_IRQHandler
                0x0000000008007f90                TIM1_UP_TIM10_IRQHandler
                0x0000000008007f90                TIM8_UP_TIM13_IRQHandler
                0x0000000008007f90                I2C3_ER_IRQHandler
                0x0000000008007f90                EXTI0_IRQHandler
                0x0000000008007f90                I2C2_EV_IRQHandler
                0x0000000008007f90                DMA1_Stream2_IRQHandler
                0x0000000008007f90                CAN1_RX0_IRQHandler
                0x0000000008007f90                FPU_IRQHandler
                0x0000000008007f90                OTG_HS_WKUP_IRQHandler
                0x0000000008007f90                CAN2_SCE_IRQHandler
                0x0000000008007f90                DMA2_Stream2_IRQHandler
                0x0000000008007f90                SPI1_IRQHandler
                0x0000000008007f90                TIM6_DAC_IRQHandler
                0x0000000008007f90                TIM1_BRK_TIM9_IRQHandler
                0x0000000008007f90                DCMI_IRQHandler
                0x0000000008007f90                CAN2_RX0_IRQHandler
                0x0000000008007f90                DMA2_Stream3_IRQHandler
                0x0000000008007f90                SAI2_IRQHandler
                0x0000000008007f90                USART6_IRQHandler
                0x0000000008007f90                USART3_IRQHandler
                0x0000000008007f90                CAN1_RX1_IRQHandler
                0x0000000008007f90                UART5_IRQHandler
                0x0000000008007f90                DMA2_Stream0_IRQHandler
                0x0000000008007f90                TIM4_IRQHandler
                0x0000000008007f90                QUADSPI_IRQHandler
                0x0000000008007f90                I2C1_EV_IRQHandler
                0x0000000008007f90                DMA1_Stream6_IRQHandler
                0x0000000008007f90                DMA1_Stream1_IRQHandler
                0x0000000008007f90                UART4_IRQHandler
                0x0000000008007f90                TIM3_IRQHandler
                0x0000000008007f90                RCC_IRQHandler
                0x0000000008007f90                TIM8_BRK_TIM12_IRQHandler
                0x0000000008007f90                Default_Handler
                0x0000000008007f90                CEC_IRQHandler
                0x0000000008007f90                EXTI15_10_IRQHandler
                0x0000000008007f90                ADC_IRQHandler
                0x0000000008007f90                DMA1_Stream7_IRQHandler
                0x0000000008007f90                TIM7_IRQHandler
                0x0000000008007f90                CAN2_TX_IRQHandler
                0x0000000008007f90                TIM5_IRQHandler
                0x0000000008007f90                DMA2_Stream7_IRQHandler
                0x0000000008007f90                I2C3_EV_IRQHandler
                0x0000000008007f90                EXTI9_5_IRQHandler
                0x0000000008007f90                RTC_WKUP_IRQHandler
                0x0000000008007f90                SPDIF_RX_IRQHandler
                0x0000000008007f90                SPI2_IRQHandler
                0x0000000008007f90                OTG_HS_EP1_IN_IRQHandler
                0x0000000008007f90                DMA1_Stream0_IRQHandler
                0x0000000008007f90                CAN1_TX_IRQHandler
                0x0000000008007f90                FMPI2C1_ER_IRQHandler
                0x0000000008007f90                EXTI4_IRQHandler
                0x0000000008007f90                OTG_HS_EP1_OUT_IRQHandler
                0x0000000008007f90                WWDG_IRQHandler
                0x0000000008007f90                TIM2_IRQHandler
                0x0000000008007f90                OTG_FS_WKUP_IRQHandler
                0x0000000008007f90                TIM1_TRG_COM_TIM11_IRQHandler
                0x0000000008007f90                OTG_HS_IRQHandler
                0x0000000008007f90                EXTI1_IRQHandler
                0x0000000008007f90                USART2_IRQHandler
                0x0000000008007f90                I2C2_ER_IRQHandler
                0x0000000008007f90                DMA2_Stream1_IRQHandler
                0x0000000008007f90                CAN1_SCE_IRQHandler
                0x0000000008007f90                FLASH_IRQHandler
                0x0000000008007f90                DMA2_Stream4_IRQHandler
                0x0000000008007f90                USART1_IRQHandler
                0x0000000008007f90                SPI3_IRQHandler
                0x0000000008007f90                DMA1_Stream4_IRQHandler
                0x0000000008007f90                I2C1_ER_IRQHandler
                0x0000000008007f90                FMC_IRQHandler
                0x0000000008007f90                DMA2_Stream6_IRQHandler
                0x0000000008007f90                SAI1_IRQHandler
                0x0000000008007f90                DMA1_Stream3_IRQHandler
 .text._Znwj    0x0000000008007f92       0x22 /usr/lib/gcc/arm-none-eabi/9.2.0/../../../../arm-none-eabi/lib/thumb/v7e-m+fp/hard/libstdc++_nano.a(new_op.o)
                0x0000000008007f92                operator new(unsigned int)
 .text._ZSt15get_new_handlerv
                0x0000000008007fb4       0x10 /usr/lib/gcc/arm-none-eabi/9.2.0/../../../../arm-none-eabi/lib/thumb/v7e-m+fp/hard/libstdc++_nano.a(new_handler.o)
                0x0000000008007fb4                std::get_new_handler()
 .text.__signbitf
                0x0000000008007fc4        0x8 /usr/lib/gcc/arm-none-eabi/9.2.0/../../../../arm-none-eabi/lib/thumb/v7e-m+fp/hard/libm.a(lib_a-s_signbit.o)
                0x0000000008007fc4                __signbitf
 .text.__udivmoddi4
                0x0000000008007fcc      0x2aa /usr/lib/gcc/arm-none-eabi/9.2.0/thumb/v7e-m+fp/hard/libgcc.a(_udivmoddi4.o)
                0x0000000008007fcc                __udivmoddi4
 .text.selfrel_offset31
                0x0000000008008276       0x12 /usr/lib/gcc/arm-none-eabi/9.2.0/thumb/v7e-m+fp/hard/libgcc.a(unwind-arm.o)
 .text.search_EIT_table
                0x0000000008008288       0x60 /usr/lib/gcc/arm-none-eabi/9.2.0/thumb/v7e-m+fp/hard/libgcc.a(unwind-arm.o)
 .text.__gnu_unwind_get_pr_addr
                0x00000000080082e8       0x28 /usr/lib/gcc/arm-none-eabi/9.2.0/thumb/v7e-m+fp/hard/libgcc.a(unwind-arm.o)
 .text.get_eit_entry
                0x0000000008008310       0x94 /usr/lib/gcc/arm-none-eabi/9.2.0/thumb/v7e-m+fp/hard/libgcc.a(unwind-arm.o)
 .text.restore_non_core_regs
                0x00000000080083a4       0x4c /usr/lib/gcc/arm-none-eabi/9.2.0/thumb/v7e-m+fp/hard/libgcc.a(unwind-arm.o)
 .text._Unwind_decode_typeinfo_ptr.isra.0
                0x00000000080083f0        0xa /usr/lib/gcc/arm-none-eabi/9.2.0/thumb/v7e-m+fp/hard/libgcc.a(unwind-arm.o)
 .text._Unwind_DebugHook
                0x00000000080083fa        0x2 /usr/lib/gcc/arm-none-eabi/9.2.0/thumb/v7e-m+fp/hard/libgcc.a(unwind-arm.o)
 .text.unwind_phase2
                0x00000000080083fc       0x3a /usr/lib/gcc/arm-none-eabi/9.2.0/thumb/v7e-m+fp/hard/libgcc.a(unwind-arm.o)
 .text.unwind_phase2_forced
                0x0000000008008436       0xb0 /usr/lib/gcc/arm-none-eabi/9.2.0/thumb/v7e-m+fp/hard/libgcc.a(unwind-arm.o)
 .text.__gnu_Unwind_RaiseException
                0x00000000080084e6       0x5a /usr/lib/gcc/arm-none-eabi/9.2.0/thumb/v7e-m+fp/hard/libgcc.a(unwind-arm.o)
                0x00000000080084e6                __gnu_Unwind_RaiseException
 .text.__gnu_Unwind_ForcedUnwind
                0x0000000008008540       0x14 /usr/lib/gcc/arm-none-eabi/9.2.0/thumb/v7e-m+fp/hard/libgcc.a(unwind-arm.o)
                0x0000000008008540                __gnu_Unwind_ForcedUnwind
 .text.__gnu_Unwind_Resume
                0x0000000008008554       0x40 /usr/lib/gcc/arm-none-eabi/9.2.0/thumb/v7e-m+fp/hard/libgcc.a(unwind-arm.o)
                0x0000000008008554                __gnu_Unwind_Resume
 .text.__gnu_Unwind_Resume_or_Rethrow
                0x0000000008008594       0x12 /usr/lib/gcc/arm-none-eabi/9.2.0/thumb/v7e-m+fp/hard/libgcc.a(unwind-arm.o)
                0x0000000008008594                __gnu_Unwind_Resume_or_Rethrow
 .text._Unwind_VRS_Get
                0x00000000080085a6       0x30 /usr/lib/gcc/arm-none-eabi/9.2.0/thumb/v7e-m+fp/hard/libgcc.a(unwind-arm.o)
                0x00000000080085a6                _Unwind_VRS_Get
 .text._Unwind_GetGR
                0x00000000080085d6       0x18 /usr/lib/gcc/arm-none-eabi/9.2.0/thumb/v7e-m+fp/hard/libgcc.a(unwind-arm.o)
 .text._Unwind_VRS_Set
                0x00000000080085ee       0x30 /usr/lib/gcc/arm-none-eabi/9.2.0/thumb/v7e-m+fp/hard/libgcc.a(unwind-arm.o)
                0x00000000080085ee                _Unwind_VRS_Set
 .text._Unwind_SetGR
                0x000000000800861e       0x18 /usr/lib/gcc/arm-none-eabi/9.2.0/thumb/v7e-m+fp/hard/libgcc.a(unwind-arm.o)
 .text.__gnu_Unwind_Backtrace
                0x0000000008008636       0x6c /usr/lib/gcc/arm-none-eabi/9.2.0/thumb/v7e-m+fp/hard/libgcc.a(unwind-arm.o)
                0x0000000008008636                __gnu_Unwind_Backtrace
 *fill*         0x00000000080086a2        0x2 
 .text.__gnu_unwind_pr_common
                0x00000000080086a4      0x240 /usr/lib/gcc/arm-none-eabi/9.2.0/thumb/v7e-m+fp/hard/libgcc.a(unwind-arm.o)
 .text.__aeabi_unwind_cpp_pr0
                0x00000000080088e4        0x6 /usr/lib/gcc/arm-none-eabi/9.2.0/thumb/v7e-m+fp/hard/libgcc.a(unwind-arm.o)
                0x00000000080088e4                __aeabi_unwind_cpp_pr0
 .text.__aeabi_unwind_cpp_pr1
                0x00000000080088ea        0x6 /usr/lib/gcc/arm-none-eabi/9.2.0/thumb/v7e-m+fp/hard/libgcc.a(unwind-arm.o)
                0x00000000080088ea                __aeabi_unwind_cpp_pr1
 .text.__aeabi_unwind_cpp_pr2
                0x00000000080088f0        0x6 /usr/lib/gcc/arm-none-eabi/9.2.0/thumb/v7e-m+fp/hard/libgcc.a(unwind-arm.o)
                0x00000000080088f0                __aeabi_unwind_cpp_pr2
 .text._Unwind_VRS_Pop
                0x00000000080088f6      0x232 /usr/lib/gcc/arm-none-eabi/9.2.0/thumb/v7e-m+fp/hard/libgcc.a(unwind-arm.o)
                0x00000000080088f6                _Unwind_VRS_Pop
 .text.next_unwind_byte
                0x0000000008008b28       0x2e /usr/lib/gcc/arm-none-eabi/9.2.0/thumb/v7e-m+fp/hard/libgcc.a(pr-support.o)
 .text.__gnu_unwind_execute
                0x0000000008008b56      0x23e /usr/lib/gcc/arm-none-eabi/9.2.0/thumb/v7e-m+fp/hard/libgcc.a(pr-support.o)
                0x0000000008008b56                __gnu_unwind_execute
 .text.abort    0x0000000008008d94        0xe /usr/lib/gcc/arm-none-eabi/9.2.0/../../../../arm-none-eabi/lib/thumb/v7e-m+fp/hard/libg_nano.a(lib_a-abort.o)
                0x0000000008008d94                abort
 .text.atof     0x0000000008008da2        0x6 /usr/lib/gcc/arm-none-eabi/9.2.0/../../../../arm-none-eabi/lib/thumb/v7e-m+fp/hard/libg_nano.a(lib_a-atof.o)
                0x0000000008008da2                atof
 .text.__errno  0x0000000008008da8        0xc /usr/lib/gcc/arm-none-eabi/9.2.0/../../../../arm-none-eabi/lib/thumb/v7e-m+fp/hard/libg_nano.a(lib_a-errno.o)
                0x0000000008008da8                __errno
 .text.__libc_init_array
                0x0000000008008db4       0x48 /usr/lib/gcc/arm-none-eabi/9.2.0/../../../../arm-none-eabi/lib/thumb/v7e-m+fp/hard/libg_nano.a(lib_a-init.o)
                0x0000000008008db4                __libc_init_array
 .text.malloc   0x0000000008008dfc       0x10 /usr/lib/gcc/arm-none-eabi/9.2.0/../../../../arm-none-eabi/lib/thumb/v7e-m+fp/hard/libg_nano.a(lib_a-malloc.o)
                0x0000000008008dfc                malloc
 .text.free     0x0000000008008e0c       0x10 /usr/lib/gcc/arm-none-eabi/9.2.0/../../../../arm-none-eabi/lib/thumb/v7e-m+fp/hard/libg_nano.a(lib_a-malloc.o)
                0x0000000008008e0c                free
 .text.memcpy   0x0000000008008e1c       0x1c /usr/lib/gcc/arm-none-eabi/9.2.0/../../../../arm-none-eabi/lib/thumb/v7e-m+fp/hard/libg_nano.a(lib_a-memcpy-stub.o)
                0x0000000008008e1c                memcpy
 .text.memset   0x0000000008008e38       0x10 /usr/lib/gcc/arm-none-eabi/9.2.0/../../../../arm-none-eabi/lib/thumb/v7e-m+fp/hard/libg_nano.a(lib_a-memset.o)
                0x0000000008008e38                memset
 .text._free_r  0x0000000008008e48       0xa0 /usr/lib/gcc/arm-none-eabi/9.2.0/../../../../arm-none-eabi/lib/thumb/v7e-m+fp/hard/libg_nano.a(lib_a-nano-freer.o)
                0x0000000008008e48                _free_r
 .text._malloc_r
                0x0000000008008ee8       0xb4 /usr/lib/gcc/arm-none-eabi/9.2.0/../../../../arm-none-eabi/lib/thumb/v7e-m+fp/hard/libg_nano.a(lib_a-nano-mallocr.o)
                0x0000000008008ee8                _malloc_r
 .text.__cvt    0x0000000008008f9c       0xc4 /usr/lib/gcc/arm-none-eabi/9.2.0/../../../../arm-none-eabi/lib/thumb/v7e-m+fp/hard/libg_nano.a(lib_a-nano-vfprintf_float.o)
                0x0000000008008f9c                __cvt
 .text.__exponent
                0x0000000008009060       0x7c /usr/lib/gcc/arm-none-eabi/9.2.0/../../../../arm-none-eabi/lib/thumb/v7e-m+fp/hard/libg_nano.a(lib_a-nano-vfprintf_float.o)
                0x0000000008009060                __exponent
 .text._printf_float
                0x00000000080090dc      0x46c /usr/lib/gcc/arm-none-eabi/9.2.0/../../../../arm-none-eabi/lib/thumb/v7e-m+fp/hard/libg_nano.a(lib_a-nano-vfprintf_float.o)
                0x00000000080090dc                _printf_float
 .text._printf_common
                0x0000000008009548       0xda /usr/lib/gcc/arm-none-eabi/9.2.0/../../../../arm-none-eabi/lib/thumb/v7e-m+fp/hard/libg_nano.a(lib_a-nano-vfprintf_i.o)
                0x0000000008009548                _printf_common
 *fill*         0x0000000008009622        0x2 
 .text._printf_i
                0x0000000008009624      0x24c /usr/lib/gcc/arm-none-eabi/9.2.0/../../../../arm-none-eabi/lib/thumb/v7e-m+fp/hard/libg_nano.a(lib_a-nano-vfprintf_i.o)
                0x0000000008009624                _printf_i
 .text.printf   0x0000000008009870       0x30 /usr/lib/gcc/arm-none-eabi/9.2.0/../../../../arm-none-eabi/lib/thumb/v7e-m+fp/hard/libg_nano.a(lib_a-printf.o)
                0x0000000008009870                printf
                0x0000000008009870                iprintf
 .text.putchar  0x00000000080098a0       0x2c /usr/lib/gcc/arm-none-eabi/9.2.0/../../../../arm-none-eabi/lib/thumb/v7e-m+fp/hard/libg_nano.a(lib_a-putchar.o)
                0x00000000080098a0                putchar
 .text._putc_r  0x00000000080098cc       0x90 /usr/lib/gcc/arm-none-eabi/9.2.0/../../../../arm-none-eabi/lib/thumb/v7e-m+fp/hard/libg_nano.a(lib_a-putc.o)
                0x00000000080098cc                _putc_r
 .text._puts_r  0x000000000800995c       0xdc /usr/lib/gcc/arm-none-eabi/9.2.0/../../../../arm-none-eabi/lib/thumb/v7e-m+fp/hard/libg_nano.a(lib_a-puts.o)
                0x000000000800995c                _puts_r
 .text.puts     0x0000000008009a38       0x10 /usr/lib/gcc/arm-none-eabi/9.2.0/../../../../arm-none-eabi/lib/thumb/v7e-m+fp/hard/libg_nano.a(lib_a-puts.o)
                0x0000000008009a38                puts
 .text._sbrk_r  0x0000000008009a48       0x20 /usr/lib/gcc/arm-none-eabi/9.2.0/../../../../arm-none-eabi/lib/thumb/v7e-m+fp/hard/libg_nano.a(lib_a-sbrkr.o)
                0x0000000008009a48                _sbrk_r
 .text._raise_r
                0x0000000008009a68       0x50 /usr/lib/gcc/arm-none-eabi/9.2.0/../../../../arm-none-eabi/lib/thumb/v7e-m+fp/hard/libg_nano.a(lib_a-signal.o)
                0x0000000008009a68                _raise_r
 .text.raise    0x0000000008009ab8       0x10 /usr/lib/gcc/arm-none-eabi/9.2.0/../../../../arm-none-eabi/lib/thumb/v7e-m+fp/hard/libg_nano.a(lib_a-signal.o)
                0x0000000008009ab8                raise
 .text._kill_r  0x0000000008009ac8       0x24 /usr/lib/gcc/arm-none-eabi/9.2.0/../../../../arm-none-eabi/lib/thumb/v7e-m+fp/hard/libg_nano.a(lib_a-signalr.o)
                0x0000000008009ac8                _kill_r
 .text._getpid_r
                0x0000000008009aec        0x4 /usr/lib/gcc/arm-none-eabi/9.2.0/../../../../arm-none-eabi/lib/thumb/v7e-m+fp/hard/libg_nano.a(lib_a-signalr.o)
                0x0000000008009aec                _getpid_r
 .text.sulp     0x0000000008009af0       0x38 /usr/lib/gcc/arm-none-eabi/9.2.0/../../../../arm-none-eabi/lib/thumb/v7e-m+fp/hard/libg_nano.a(lib_a-strtod.o)
 .text._strtod_l
                0x0000000008009b28      0xc04 /usr/lib/gcc/arm-none-eabi/9.2.0/../../../../arm-none-eabi/lib/thumb/v7e-m+fp/hard/libg_nano.a(lib_a-strtod.o)
                0x0000000008009b28                _strtod_l
 .text.strtod   0x000000000800a72c       0x18 /usr/lib/gcc/arm-none-eabi/9.2.0/../../../../arm-none-eabi/lib/thumb/v7e-m+fp/hard/libg_nano.a(lib_a-strtod.o)
                0x000000000800a72c                strtod
 .text.__swbuf_r
                0x000000000800a744       0xa4 /usr/lib/gcc/arm-none-eabi/9.2.0/../../../../arm-none-eabi/lib/thumb/v7e-m+fp/hard/libg_nano.a(lib_a-wbuf.o)
                0x000000000800a744                __swbuf_r
 .text.__swsetup_r
                0x000000000800a7e8       0xdc /usr/lib/gcc/arm-none-eabi/9.2.0/../../../../arm-none-eabi/lib/thumb/v7e-m+fp/hard/libg_nano.a(lib_a-wsetup.o)
                0x000000000800a7e8                __swsetup_r
 .text.quorem   0x000000000800a8c4      0x116 /usr/lib/gcc/arm-none-eabi/9.2.0/../../../../arm-none-eabi/lib/thumb/v7e-m+fp/hard/libg_nano.a(lib_a-dtoa.o)
 *fill*         0x000000000800a9da        0x6 
 .text._dtoa_r  0x000000000800a9e0      0xbbc /usr/lib/gcc/arm-none-eabi/9.2.0/../../../../arm-none-eabi/lib/thumb/v7e-m+fp/hard/libg_nano.a(lib_a-dtoa.o)
                0x000000000800a9e0                _dtoa_r
 .text.__sflush_r
                0x000000000800b59c      0x10c /usr/lib/gcc/arm-none-eabi/9.2.0/../../../../arm-none-eabi/lib/thumb/v7e-m+fp/hard/libg_nano.a(lib_a-fflush.o)
                0x000000000800b59c                __sflush_r
 .text._fflush_r
                0x000000000800b6a8       0x78 /usr/lib/gcc/arm-none-eabi/9.2.0/../../../../arm-none-eabi/lib/thumb/v7e-m+fp/hard/libg_nano.a(lib_a-fflush.o)
                0x000000000800b6a8                _fflush_r
 .text.std      0x000000000800b720       0x48 /usr/lib/gcc/arm-none-eabi/9.2.0/../../../../arm-none-eabi/lib/thumb/v7e-m+fp/hard/libg_nano.a(lib_a-findfp.o)
 .text._cleanup_r
                0x000000000800b768        0xc /usr/lib/gcc/arm-none-eabi/9.2.0/../../../../arm-none-eabi/lib/thumb/v7e-m+fp/hard/libg_nano.a(lib_a-findfp.o)
                0x000000000800b768                _cleanup_r
 .text.__sfmoreglue
                0x000000000800b774       0x2c /usr/lib/gcc/arm-none-eabi/9.2.0/../../../../arm-none-eabi/lib/thumb/v7e-m+fp/hard/libg_nano.a(lib_a-findfp.o)
                0x000000000800b774                __sfmoreglue
 .text.__sfp_lock_acquire
                0x000000000800b7a0        0xc /usr/lib/gcc/arm-none-eabi/9.2.0/../../../../arm-none-eabi/lib/thumb/v7e-m+fp/hard/libg_nano.a(lib_a-findfp.o)
                0x000000000800b7a0                __sfp_lock_acquire
 .text.__sfp_lock_release
                0x000000000800b7ac        0xc /usr/lib/gcc/arm-none-eabi/9.2.0/../../../../arm-none-eabi/lib/thumb/v7e-m+fp/hard/libg_nano.a(lib_a-findfp.o)
                0x000000000800b7ac                __sfp_lock_release
 .text.__sinit_lock_acquire
                0x000000000800b7b8        0xc /usr/lib/gcc/arm-none-eabi/9.2.0/../../../../arm-none-eabi/lib/thumb/v7e-m+fp/hard/libg_nano.a(lib_a-findfp.o)
                0x000000000800b7b8                __sinit_lock_acquire
 .text.__sinit_lock_release
                0x000000000800b7c4        0xc /usr/lib/gcc/arm-none-eabi/9.2.0/../../../../arm-none-eabi/lib/thumb/v7e-m+fp/hard/libg_nano.a(lib_a-findfp.o)
                0x000000000800b7c4                __sinit_lock_release
 .text.__sinit  0x000000000800b7d0       0x70 /usr/lib/gcc/arm-none-eabi/9.2.0/../../../../arm-none-eabi/lib/thumb/v7e-m+fp/hard/libg_nano.a(lib_a-findfp.o)
                0x000000000800b7d0                __sinit
 .text.__sfp    0x000000000800b840       0x8c /usr/lib/gcc/arm-none-eabi/9.2.0/../../../../arm-none-eabi/lib/thumb/v7e-m+fp/hard/libg_nano.a(lib_a-findfp.o)
                0x000000000800b840                __sfp
 .text._fwalk_reent
                0x000000000800b8cc       0x3e /usr/lib/gcc/arm-none-eabi/9.2.0/../../../../arm-none-eabi/lib/thumb/v7e-m+fp/hard/libg_nano.a(lib_a-fwalk.o)
                0x000000000800b8cc                _fwalk_reent
 .text.rshift   0x000000000800b90a       0xa4 /usr/lib/gcc/arm-none-eabi/9.2.0/../../../../arm-none-eabi/lib/thumb/v7e-m+fp/hard/libg_nano.a(lib_a-gdtoa-gethex.o)
 .text.__hexdig_fun
                0x000000000800b9ae       0x2a /usr/lib/gcc/arm-none-eabi/9.2.0/../../../../arm-none-eabi/lib/thumb/v7e-m+fp/hard/libg_nano.a(lib_a-gdtoa-gethex.o)
                0x000000000800b9ae                __hexdig_fun
 .text.__gethex
                0x000000000800b9d8      0x468 /usr/lib/gcc/arm-none-eabi/9.2.0/../../../../arm-none-eabi/lib/thumb/v7e-m+fp/hard/libg_nano.a(lib_a-gdtoa-gethex.o)
                0x000000000800b9d8                __gethex
 .text.L_shift  0x000000000800be40       0x24 /usr/lib/gcc/arm-none-eabi/9.2.0/../../../../arm-none-eabi/lib/thumb/v7e-m+fp/hard/libg_nano.a(lib_a-gdtoa-hexnan.o)
 .text.__match  0x000000000800be64       0x28 /usr/lib/gcc/arm-none-eabi/9.2.0/../../../../arm-none-eabi/lib/thumb/v7e-m+fp/hard/libg_nano.a(lib_a-gdtoa-hexnan.o)
                0x000000000800be64                __match
 .text.__hexnan
                0x000000000800be8c      0x138 /usr/lib/gcc/arm-none-eabi/9.2.0/../../../../arm-none-eabi/lib/thumb/v7e-m+fp/hard/libg_nano.a(lib_a-gdtoa-hexnan.o)
                0x000000000800be8c                __hexnan
 .text._localeconv_r
                0x000000000800bfc4        0x8 /usr/lib/gcc/arm-none-eabi/9.2.0/../../../../arm-none-eabi/lib/thumb/v7e-m+fp/hard/libg_nano.a(lib_a-localeconv.o)
                0x000000000800bfc4                _localeconv_r
 .text.__retarget_lock_init_recursive
                0x000000000800bfcc        0x2 /usr/lib/gcc/arm-none-eabi/9.2.0/../../../../arm-none-eabi/lib/thumb/v7e-m+fp/hard/libg_nano.a(lib_a-lock.o)
                0x000000000800bfcc                __retarget_lock_init_recursive
 .text.__retarget_lock_acquire_recursive
                0x000000000800bfce        0x2 /usr/lib/gcc/arm-none-eabi/9.2.0/../../../../arm-none-eabi/lib/thumb/v7e-m+fp/hard/libg_nano.a(lib_a-lock.o)
                0x000000000800bfce                __retarget_lock_acquire_recursive
 .text.__retarget_lock_release_recursive
                0x000000000800bfd0        0x2 /usr/lib/gcc/arm-none-eabi/9.2.0/../../../../arm-none-eabi/lib/thumb/v7e-m+fp/hard/libg_nano.a(lib_a-lock.o)
                0x000000000800bfd0                __retarget_lock_release_recursive
 .text.__swhatbuf_r
                0x000000000800bfd2       0x48 /usr/lib/gcc/arm-none-eabi/9.2.0/../../../../arm-none-eabi/lib/thumb/v7e-m+fp/hard/libg_nano.a(lib_a-makebuf.o)
                0x000000000800bfd2                __swhatbuf_r
 *fill*         0x000000000800c01a        0x2 
 .text.__smakebuf_r
                0x000000000800c01c       0x80 /usr/lib/gcc/arm-none-eabi/9.2.0/../../../../arm-none-eabi/lib/thumb/v7e-m+fp/hard/libg_nano.a(lib_a-makebuf.o)
                0x000000000800c01c                __smakebuf_r
 .text.__ascii_mbtowc
                0x000000000800c09c       0x24 /usr/lib/gcc/arm-none-eabi/9.2.0/../../../../arm-none-eabi/lib/thumb/v7e-m+fp/hard/libg_nano.a(lib_a-mbtowc_r.o)
                0x000000000800c09c                __ascii_mbtowc
 .text.__malloc_lock
                0x000000000800c0c0        0xc /usr/lib/gcc/arm-none-eabi/9.2.0/../../../../arm-none-eabi/lib/thumb/v7e-m+fp/hard/libg_nano.a(lib_a-mlock.o)
                0x000000000800c0c0                __malloc_lock
 .text.__malloc_unlock
                0x000000000800c0cc        0xc /usr/lib/gcc/arm-none-eabi/9.2.0/../../../../arm-none-eabi/lib/thumb/v7e-m+fp/hard/libg_nano.a(lib_a-mlock.o)
                0x000000000800c0cc                __malloc_unlock
 .text._Balloc  0x000000000800c0d8       0x68 /usr/lib/gcc/arm-none-eabi/9.2.0/../../../../arm-none-eabi/lib/thumb/v7e-m+fp/hard/libg_nano.a(lib_a-mprec.o)
                0x000000000800c0d8                _Balloc
 .text._Bfree   0x000000000800c140       0x2e /usr/lib/gcc/arm-none-eabi/9.2.0/../../../../arm-none-eabi/lib/thumb/v7e-m+fp/hard/libg_nano.a(lib_a-mprec.o)
                0x000000000800c140                _Bfree
 .text.__multadd
                0x000000000800c16e       0x7c /usr/lib/gcc/arm-none-eabi/9.2.0/../../../../arm-none-eabi/lib/thumb/v7e-m+fp/hard/libg_nano.a(lib_a-mprec.o)
                0x000000000800c16e                __multadd
 .text.__s2b    0x000000000800c1ea       0x7c /usr/lib/gcc/arm-none-eabi/9.2.0/../../../../arm-none-eabi/lib/thumb/v7e-m+fp/hard/libg_nano.a(lib_a-mprec.o)
                0x000000000800c1ea                __s2b
 .text.__hi0bits
                0x000000000800c266       0x40 /usr/lib/gcc/arm-none-eabi/9.2.0/../../../../arm-none-eabi/lib/thumb/v7e-m+fp/hard/libg_nano.a(lib_a-mprec.o)
                0x000000000800c266                __hi0bits
 .text.__lo0bits
                0x000000000800c2a6       0x60 /usr/lib/gcc/arm-none-eabi/9.2.0/../../../../arm-none-eabi/lib/thumb/v7e-m+fp/hard/libg_nano.a(lib_a-mprec.o)
                0x000000000800c2a6                __lo0bits
 .text.__i2b    0x000000000800c306       0x12 /usr/lib/gcc/arm-none-eabi/9.2.0/../../../../arm-none-eabi/lib/thumb/v7e-m+fp/hard/libg_nano.a(lib_a-mprec.o)
                0x000000000800c306                __i2b
 .text.__multiply
                0x000000000800c318      0x138 /usr/lib/gcc/arm-none-eabi/9.2.0/../../../../arm-none-eabi/lib/thumb/v7e-m+fp/hard/libg_nano.a(lib_a-mprec.o)
                0x000000000800c318                __multiply
 .text.__pow5mult
                0x000000000800c450       0x9c /usr/lib/gcc/arm-none-eabi/9.2.0/../../../../arm-none-eabi/lib/thumb/v7e-m+fp/hard/libg_nano.a(lib_a-mprec.o)
                0x000000000800c450                __pow5mult
 .text.__lshift
                0x000000000800c4ec       0xbe /usr/lib/gcc/arm-none-eabi/9.2.0/../../../../arm-none-eabi/lib/thumb/v7e-m+fp/hard/libg_nano.a(lib_a-mprec.o)
                0x000000000800c4ec                __lshift
 .text.__mcmp   0x000000000800c5aa       0x38 /usr/lib/gcc/arm-none-eabi/9.2.0/../../../../arm-none-eabi/lib/thumb/v7e-m+fp/hard/libg_nano.a(lib_a-mprec.o)
                0x000000000800c5aa                __mcmp
 .text.__mdiff  0x000000000800c5e2       0xec /usr/lib/gcc/arm-none-eabi/9.2.0/../../../../arm-none-eabi/lib/thumb/v7e-m+fp/hard/libg_nano.a(lib_a-mprec.o)
                0x000000000800c5e2                __mdiff
 *fill*         0x000000000800c6ce        0x2 
 .text.__ulp    0x000000000800c6d0       0x58 /usr/lib/gcc/arm-none-eabi/9.2.0/../../../../arm-none-eabi/lib/thumb/v7e-m+fp/hard/libg_nano.a(lib_a-mprec.o)
                0x000000000800c6d0                __ulp
 .text.__b2d    0x000000000800c728       0xa0 /usr/lib/gcc/arm-none-eabi/9.2.0/../../../../arm-none-eabi/lib/thumb/v7e-m+fp/hard/libg_nano.a(lib_a-mprec.o)
                0x000000000800c728                __b2d
 .text.__d2b    0x000000000800c7c8       0xa0 /usr/lib/gcc/arm-none-eabi/9.2.0/../../../../arm-none-eabi/lib/thumb/v7e-m+fp/hard/libg_nano.a(lib_a-mprec.o)
                0x000000000800c7c8                __d2b
 .text.__ratio  0x000000000800c868       0x66 /usr/lib/gcc/arm-none-eabi/9.2.0/../../../../arm-none-eabi/lib/thumb/v7e-m+fp/hard/libg_nano.a(lib_a-mprec.o)
                0x000000000800c868                __ratio
 .text.__copybits
                0x000000000800c8ce       0x46 /usr/lib/gcc/arm-none-eabi/9.2.0/../../../../arm-none-eabi/lib/thumb/v7e-m+fp/hard/libg_nano.a(lib_a-mprec.o)
                0x000000000800c8ce                __copybits
 .text.__any_on
                0x000000000800c914       0x42 /usr/lib/gcc/arm-none-eabi/9.2.0/../../../../arm-none-eabi/lib/thumb/v7e-m+fp/hard/libg_nano.a(lib_a-mprec.o)
                0x000000000800c914                __any_on
 .text._calloc_r
                0x000000000800c956       0x1e /usr/lib/gcc/arm-none-eabi/9.2.0/../../../../arm-none-eabi/lib/thumb/v7e-m+fp/hard/libg_nano.a(lib_a-nano-callocr.o)
                0x000000000800c956                _calloc_r
 .text.__sfputc_r
                0x000000000800c974       0x2e /usr/lib/gcc/arm-none-eabi/9.2.0/../../../../arm-none-eabi/lib/thumb/v7e-m+fp/hard/libg_nano.a(lib_a-nano-vfprintf.o)
 .text.__sfputs_r
                0x000000000800c9a2       0x24 /usr/lib/gcc/arm-none-eabi/9.2.0/../../../../arm-none-eabi/lib/thumb/v7e-m+fp/hard/libg_nano.a(lib_a-nano-vfprintf.o)
                0x000000000800c9a2                __sfputs_r
 *fill*         0x000000000800c9c6        0x2 
 .text._vfprintf_r
                0x000000000800c9c8      0x260 /usr/lib/gcc/arm-none-eabi/9.2.0/../../../../arm-none-eabi/lib/thumb/v7e-m+fp/hard/libg_nano.a(lib_a-nano-vfprintf.o)
                0x000000000800c9c8                _vfiprintf_r
                0x000000000800c9c8                _vfprintf_r
 .text.nan      0x000000000800cc28       0x10 /usr/lib/gcc/arm-none-eabi/9.2.0/../../../../arm-none-eabi/lib/thumb/v7e-m+fp/hard/libg_nano.a(lib_a-s_nan.o)
                0x000000000800cc28                nan
 .text.__sread  0x000000000800cc38       0x22 /usr/lib/gcc/arm-none-eabi/9.2.0/../../../../arm-none-eabi/lib/thumb/v7e-m+fp/hard/libg_nano.a(lib_a-stdio.o)
                0x000000000800cc38                __sread
 .text.__swrite
                0x000000000800cc5a       0x38 /usr/lib/gcc/arm-none-eabi/9.2.0/../../../../arm-none-eabi/lib/thumb/v7e-m+fp/hard/libg_nano.a(lib_a-stdio.o)
                0x000000000800cc5a                __swrite
 .text.__sseek  0x000000000800cc92       0x24 /usr/lib/gcc/arm-none-eabi/9.2.0/../../../../arm-none-eabi/lib/thumb/v7e-m+fp/hard/libg_nano.a(lib_a-stdio.o)
                0x000000000800cc92                __sseek
 .text.__sclose
                0x000000000800ccb6        0x8 /usr/lib/gcc/arm-none-eabi/9.2.0/../../../../arm-none-eabi/lib/thumb/v7e-m+fp/hard/libg_nano.a(lib_a-stdio.o)
                0x000000000800ccb6                __sclose
 .text.strncmp  0x000000000800ccbe       0x24 /usr/lib/gcc/arm-none-eabi/9.2.0/../../../../arm-none-eabi/lib/thumb/v7e-m+fp/hard/libg_nano.a(lib_a-strncmp.o)
                0x000000000800ccbe                strncmp
 .text.__ascii_wctomb
                0x000000000800cce2       0x1a /usr/lib/gcc/arm-none-eabi/9.2.0/../../../../arm-none-eabi/lib/thumb/v7e-m+fp/hard/libg_nano.a(lib_a-wctomb_r.o)
                0x000000000800cce2                __ascii_wctomb
 .text._write_r
                0x000000000800ccfc       0x24 /usr/lib/gcc/arm-none-eabi/9.2.0/../../../../arm-none-eabi/lib/thumb/v7e-m+fp/hard/libg_nano.a(lib_a-writer.o)
                0x000000000800ccfc                _write_r
 .text._close_r
                0x000000000800cd20       0x20 /usr/lib/gcc/arm-none-eabi/9.2.0/../../../../arm-none-eabi/lib/thumb/v7e-m+fp/hard/libg_nano.a(lib_a-closer.o)
                0x000000000800cd20                _close_r
 .text._fstat_r
                0x000000000800cd40       0x24 /usr/lib/gcc/arm-none-eabi/9.2.0/../../../../arm-none-eabi/lib/thumb/v7e-m+fp/hard/libg_nano.a(lib_a-fstatr.o)
                0x000000000800cd40                _fstat_r
 .text._isatty_r
                0x000000000800cd64       0x20 /usr/lib/gcc/arm-none-eabi/9.2.0/../../../../arm-none-eabi/lib/thumb/v7e-m+fp/hard/libg_nano.a(lib_a-isattyr.o)
                0x000000000800cd64                _isatty_r
 .text._lseek_r
                0x000000000800cd84       0x24 /usr/lib/gcc/arm-none-eabi/9.2.0/../../../../arm-none-eabi/lib/thumb/v7e-m+fp/hard/libg_nano.a(lib_a-lseekr.o)
                0x000000000800cd84                _lseek_r
 .text._read_r  0x000000000800cda8       0x24 /usr/lib/gcc/arm-none-eabi/9.2.0/../../../../arm-none-eabi/lib/thumb/v7e-m+fp/hard/libg_nano.a(lib_a-readr.o)
                0x000000000800cda8                _read_r
 .text.__fixdfdi
                0x000000000800cdcc       0x2e /usr/lib/gcc/arm-none-eabi/9.2.0/thumb/v7e-m+fp/hard/libgcc.a(_fixdfdi.o)
                0x000000000800cdcc                __aeabi_d2lz
                0x000000000800cdcc                __fixdfdi
 *fill*         0x000000000800cdfa        0x2 
 .text.__fixunsdfdi
                0x000000000800cdfc       0x3c /usr/lib/gcc/arm-none-eabi/9.2.0/thumb/v7e-m+fp/hard/libgcc.a(_fixunsdfdi.o)
                0x000000000800cdfc                __aeabi_d2ulz
                0x000000000800cdfc                __fixunsdfdi
 *(.glue_7)
 .glue_7        0x000000000800ce38        0x0 linker stubs
 *(.glue_7t)
 .glue_7t       0x000000000800ce38        0x0 linker stubs
 *(.eh_frame)
 .eh_frame      0x000000000800ce38        0x0 /usr/lib/gcc/arm-none-eabi/9.2.0/thumb/v7e-m+fp/hard/crtbegin.o
 *(.init)
 .init          0x000000000800ce38        0x4 /usr/lib/gcc/arm-none-eabi/9.2.0/thumb/v7e-m+fp/hard/crti.o
                0x000000000800ce38                _init
 .init          0x000000000800ce3c        0x8 /usr/lib/gcc/arm-none-eabi/9.2.0/thumb/v7e-m+fp/hard/crtn.o
 *(.fini)
 .fini          0x000000000800ce44        0x4 /usr/lib/gcc/arm-none-eabi/9.2.0/thumb/v7e-m+fp/hard/crti.o
                0x000000000800ce44                _fini
 .fini          0x000000000800ce48        0x8 /usr/lib/gcc/arm-none-eabi/9.2.0/thumb/v7e-m+fp/hard/crtn.o
                0x000000000800ce50                . = ALIGN (0x4)
                0x000000000800ce50                _etext = .

.vfp11_veneer   0x000000000800ce50        0x0
 .vfp11_veneer  0x000000000800ce50        0x0 linker stubs

.v4_bx          0x000000000800ce50        0x0
 .v4_bx         0x000000000800ce50        0x0 linker stubs

.iplt           0x000000000800ce50        0x0
 .iplt          0x000000000800ce50        0x0 /usr/lib/gcc/arm-none-eabi/9.2.0/thumb/v7e-m+fp/hard/crtbegin.o

.rodata         0x000000000800ce50      0x458
                0x000000000800ce50                . = ALIGN (0x4)
 *(.rodata)
 *(.rodata*)
 .rodata.main.str1.4
                0x000000000800ce50       0xae CMakeFiles/firmware.elf.dir/Src/main.cpp.obj
 *fill*         0x000000000800cefe        0x2 
 .rodata._ZN6robotA8shoulder1R2J13pwm1AL3pinE
                0x000000000800cf00        0x8 CMakeFiles/firmware.elf.dir/Src/main.cpp.obj
 .rodata._ZN6robotA8shoulder1R2J13pwm1BL3pinE
                0x000000000800cf08        0x8 CMakeFiles/firmware.elf.dir/Src/main.cpp.obj
 .rodata._ZN6robotA8shoulder1R2J23pwm1AL3pinE
                0x000000000800cf10        0x8 CMakeFiles/firmware.elf.dir/Src/main.cpp.obj
 .rodata._ZN6robotA8shoulder1R2J23pwm1BL3pinE
                0x000000000800cf18        0x8 CMakeFiles/firmware.elf.dir/Src/main.cpp.obj
 .rodata.AHBPrescTable
                0x000000000800cf20       0x10 CMakeFiles/firmware.elf.dir/Src/system_stm32f4xx.c.obj
                0x000000000800cf20                AHBPrescTable
 .rodata.APBPrescTable
                0x000000000800cf30        0x8 CMakeFiles/firmware.elf.dir/Src/system_stm32f4xx.c.obj
                0x000000000800cf30                APBPrescTable
 .rodata.CSWTCH.22
                0x000000000800cf38        0x4 CMakeFiles/firmware.elf.dir/Src/usbd_conf.c.obj
 .rodata.USBD_FS_ManufacturerStrDescriptor.str1.4
                0x000000000800cf3c       0x13 CMakeFiles/firmware.elf.dir/Src/usbd_desc.c.obj
 *fill*         0x000000000800cf4f        0x1 
 .rodata.USBD_FS_ProductStrDescriptor.str1.4
                0x000000000800cf50       0x16 CMakeFiles/firmware.elf.dir/Src/usbd_desc.c.obj
 *fill*         0x000000000800cf66        0x2 
 .rodata.USBD_FS_ConfigStrDescriptor.str1.4
                0x000000000800cf68        0xb CMakeFiles/firmware.elf.dir/Src/usbd_desc.c.obj
 *fill*         0x000000000800cf73        0x1 
 .rodata.USBD_FS_InterfaceStrDescriptor.str1.4
                0x000000000800cf74        0xe CMakeFiles/firmware.elf.dir/Src/usbd_desc.c.obj
 *fill*         0x000000000800cf82        0x2 
 .rodata._global_impure_ptr
                0x000000000800cf84        0x4 /usr/lib/gcc/arm-none-eabi/9.2.0/../../../../arm-none-eabi/lib/thumb/v7e-m+fp/hard/libg_nano.a(lib_a-impure.o)
                0x000000000800cf84                _global_impure_ptr
 .rodata._printf_float.str1.1
                0x000000000800cf88       0x12 /usr/lib/gcc/arm-none-eabi/9.2.0/../../../../arm-none-eabi/lib/thumb/v7e-m+fp/hard/libg_nano.a(lib_a-nano-vfprintf_float.o)
 .rodata._printf_i.str1.1
                0x000000000800cf9a       0x22 /usr/lib/gcc/arm-none-eabi/9.2.0/../../../../arm-none-eabi/lib/thumb/v7e-m+fp/hard/libg_nano.a(lib_a-nano-vfprintf_i.o)
 .rodata._strtod_l.str1.1
                0x000000000800cfbc       0x22 /usr/lib/gcc/arm-none-eabi/9.2.0/../../../../arm-none-eabi/lib/thumb/v7e-m+fp/hard/libg_nano.a(lib_a-strtod.o)
                                          0xd (size before relaxing)
 .rodata.fpi.7566
                0x000000000800cfbc       0x14 /usr/lib/gcc/arm-none-eabi/9.2.0/../../../../arm-none-eabi/lib/thumb/v7e-m+fp/hard/libg_nano.a(lib_a-strtod.o)
 .rodata.fpinan.7602
                0x000000000800cfd0       0x14 /usr/lib/gcc/arm-none-eabi/9.2.0/../../../../arm-none-eabi/lib/thumb/v7e-m+fp/hard/libg_nano.a(lib_a-strtod.o)
 *fill*         0x000000000800cfe4        0x4 
 .rodata.tinytens
                0x000000000800cfe8       0x28 /usr/lib/gcc/arm-none-eabi/9.2.0/../../../../arm-none-eabi/lib/thumb/v7e-m+fp/hard/libg_nano.a(lib_a-strtod.o)
 .rodata._dtoa_r.str1.1
                0x000000000800d010        0xd /usr/lib/gcc/arm-none-eabi/9.2.0/../../../../arm-none-eabi/lib/thumb/v7e-m+fp/hard/libg_nano.a(lib_a-dtoa.o)
                                          0xf (size before relaxing)
 *fill*         0x000000000800d01d        0x3 
 .rodata.__sf_fake_stderr